ASxxxx Linker V03.00 + NoICE + sdld,  page 1.
Hexadecimal  [32-Bits]

Area                                    Addr        Size        Decimal Bytes (Attributes)
--------------------------------        ----        ----        ------- ----- ------------
CABS                                00000000    00000000 =           0. bytes (ABS,CON,CODE)

      Value  Global                              Global Defined In Module
      -----  --------------------------------   ------------------------
C:   00000000  l_BIT_BANK                      
C:   00000000  l_CABS                          
C:   00000000  l_GSINIT1                       
C:   00000000  l_GSINIT5                       
C:   00000000  l_IABS                          
C:   00000000  l_PSEG                          
C:   00000000  l_REG_BANK_1                    
C:   00000000  l_REG_BANK_2                    
C:   00000000  l_REG_BANK_3                    
C:   00000000  l_RSEG                          
C:   00000000  l_RSEG0                         
C:   00000000  l_RSEG1                         
C:   00000000  l_XABS                          
C:   00000000  l_XINIT                         
C:   00000000  l_XISEG                         
C:   00000000  l_XSEG                          
C:   00000000  l__CODE                         
C:   00000000  s_BSEG                          
C:   00000000  s_CABS                          
C:   00000000  s_DSEG                          
C:   00000000  s_HOME                          
C:   00000000  s_IABS                          
C:   00000000  s_REG_BANK_0                    
C:   00000000  s_RSEG                          
C:   00000000  s_RSEG0                         
C:   00000000  s_RSEG1                         
C:   00000000  s_XABS                          
C:   00000001  s_PSEG                          
C:   00000001  s_XISEG                         
C:   00000001  s_XSEG                          
C:   00000002  l_BSEG_BYTES                    
C:   00000003  l_GSFINAL                       
C:   00000003  l_GSINIT0                       
C:   00000006  l_ISEG                          
C:   00000006  l_OSEG                          
C:   00000008  l_REG_BANK_0                    
C:   00000008  s_REG_BANK_1                    
C:   00000009  l_GSINIT                        
C:   0000000A  l_BSEG                          
C:   0000000A  l_GSINIT2                       
C:   0000000F  s_OSEG                          
C:   00000010  s_REG_BANK_2                    
C:   00000015  s_ISEG                          
C:   00000018  s_BIT_BANK                      
C:   00000018  s_REG_BANK_3                    
C:   00000020  s_BSEG_BYTES                    
C:   00000020  s__CODE                         
C:   00000022  l_GSINIT3                       
C:   0000002A  l_GSINIT4                       
C:   0000003C  s_SSEG                          
ASxxxx Linker V03.00 + NoICE + sdld,  page 2.
Hexadecimal  [32-Bits]

Area                                    Addr        Size        Decimal Bytes (Attributes)
--------------------------------        ----        ----        ------- ----- ------------
CABS                                00000000    00000000 =           0. bytes (ABS,CON,CODE)

      Value  Global                              Global Defined In Module
      -----  --------------------------------   ------------------------
C:   0000003F  l_CONST                         
C:   00000051  l_HOME                          
C:   00000051  s_GSINIT0                       
C:   00000054  s_GSINIT1                       
C:   00000054  s_GSINIT2                       
C:   0000005E  s_GSINIT3                       
C:   0000007B  l_DSEG                          
C:   00000080  s_GSINIT4                       
C:   000000AA  s_GSINIT                        
C:   000000AA  s_GSINIT5                       
C:   000000B3  s_GSFINAL                       
C:   000000B6  s_CSEG                          
C:   000000C4  l_SSEG                          
C:   00000100  l_IRAM                          
C:   0000078B  l_CSEG                          
C:   00000841  s_CONST                         
C:   00000880  s_XINIT                         

ASxxxx Linker V03.00 + NoICE + sdld,  page 3.
Hexadecimal  [32-Bits]

Area                                    Addr        Size        Decimal Bytes (Attributes)
--------------------------------        ----        ----        ------- ----- ------------
.  .ABS.                            00000000    00000000 =           0. bytes (ABS,CON)

      Value  Global                              Global Defined In Module
      -----  --------------------------------   ------------------------
     00000000  .__.ABS.                           _bp
     00000080  G$P0$0$0                           lab3_1steering
     00000080  G$P0_0$0$0                         lab3_1steering
     00000080  _P0                                lab3_1steering
     00000080  _P0_0                              lab3_1steering
     00000081  G$P0_1$0$0                         lab3_1steering
     00000081  G$SP$0$0                           lab3_1steering
     00000081  _P0_1                              lab3_1steering
     00000081  _SP                                lab3_1steering
     00000082  G$DPL$0$0                          lab3_1steering
     00000082  G$P0_2$0$0                         lab3_1steering
     00000082  _DPL                               lab3_1steering
     00000082  _P0_2                              lab3_1steering
     00000083  G$DPH$0$0                          lab3_1steering
     00000083  G$P0_3$0$0                         lab3_1steering
     00000083  _DPH                               lab3_1steering
     00000083  _P0_3                              lab3_1steering
     00000084  G$P0_4$0$0                         lab3_1steering
     00000084  G$P4$0$0                           lab3_1steering
     00000084  _P0_4                              lab3_1steering
     00000084  _P4                                lab3_1steering
     00000085  G$P0_5$0$0                         lab3_1steering
     00000085  G$P5$0$0                           lab3_1steering
     00000085  _P0_5                              lab3_1steering
     00000085  _P5                                lab3_1steering
     00000086  G$P0_6$0$0                         lab3_1steering
     00000086  G$P6$0$0                           lab3_1steering
     00000086  _P0_6                              lab3_1steering
     00000086  _P6                                lab3_1steering
     00000087  G$P0_7$0$0                         lab3_1steering
     00000087  G$PCON$0$0                         lab3_1steering
     00000087  _P0_7                              lab3_1steering
     00000087  _PCON                              lab3_1steering
     00000088  G$IT0$0$0                          lab3_1steering
     00000088  G$TCON$0$0                         lab3_1steering
     00000088  _IT0                               lab3_1steering
     00000088  _TCON                              lab3_1steering
     00000089  G$IE0$0$0                          lab3_1steering
     00000089  G$TMOD$0$0                         lab3_1steering
     00000089  _IE0                               lab3_1steering
     00000089  _TMOD                              lab3_1steering
     0000008A  G$IT1$0$0                          lab3_1steering
     0000008A  G$TL0$0$0                          lab3_1steering
     0000008A  _IT1                               lab3_1steering
     0000008A  _TL0                               lab3_1steering
     0000008B  G$IE1$0$0                          lab3_1steering
     0000008B  G$TL1$0$0                          lab3_1steering
     0000008B  _IE1                               lab3_1steering
     0000008B  _TL1                               lab3_1steering
     0000008C  G$TH0$0$0                          lab3_1steering
ASxxxx Linker V03.00 + NoICE + sdld,  page 4.
Hexadecimal  [32-Bits]

Area                                    Addr        Size        Decimal Bytes (Attributes)
--------------------------------        ----        ----        ------- ----- ------------
.  .ABS.                            00000000    00000000 =           0. bytes (ABS,CON)

      Value  Global                              Global Defined In Module
      -----  --------------------------------   ------------------------
     0000008C  G$TR0$0$0                          lab3_1steering
     0000008C  _TH0                               lab3_1steering
     0000008C  _TR0                               lab3_1steering
     0000008D  G$TF0$0$0                          lab3_1steering
     0000008D  G$TH1$0$0                          lab3_1steering
     0000008D  _TF0                               lab3_1steering
     0000008D  _TH1                               lab3_1steering
     0000008E  G$CKCON$0$0                        lab3_1steering
     0000008E  G$TR1$0$0                          lab3_1steering
     0000008E  _CKCON                             lab3_1steering
     0000008E  _TR1                               lab3_1steering
     0000008F  G$PSCTL$0$0                        lab3_1steering
     0000008F  G$TF1$0$0                          lab3_1steering
     0000008F  _PSCTL                             lab3_1steering
     0000008F  _TF1                               lab3_1steering
     00000090  G$P1$0$0                           lab3_1steering
     00000090  G$P1_0$0$0                         lab3_1steering
     00000090  _P1                                lab3_1steering
     00000090  _P1_0                              lab3_1steering
     00000091  G$P1_1$0$0                         lab3_1steering
     00000091  G$TMR3CN$0$0                       lab3_1steering
     00000091  _P1_1                              lab3_1steering
     00000091  _TMR3CN                            lab3_1steering
     00000092  G$P1_2$0$0                         lab3_1steering
     00000092  G$TMR3RLL$0$0                      lab3_1steering
     00000092  _P1_2                              lab3_1steering
     00000092  _TMR3RLL                           lab3_1steering
     00000093  G$P1_3$0$0                         lab3_1steering
     00000093  G$TMR3RLH$0$0                      lab3_1steering
     00000093  _P1_3                              lab3_1steering
     00000093  _TMR3RLH                           lab3_1steering
     00000094  G$P1_4$0$0                         lab3_1steering
     00000094  G$TMR3L$0$0                        lab3_1steering
     00000094  _P1_4                              lab3_1steering
     00000094  _TMR3L                             lab3_1steering
     00000095  G$P1_5$0$0                         lab3_1steering
     00000095  G$TMR3H$0$0                        lab3_1steering
     00000095  _P1_5                              lab3_1steering
     00000095  _TMR3H                             lab3_1steering
     00000096  G$P1_6$0$0                         lab3_1steering
     00000096  G$P7$0$0                           lab3_1steering
     00000096  _P1_6                              lab3_1steering
     00000096  _P7                                lab3_1steering
     00000097  G$P1_7$0$0                         lab3_1steering
     00000097  _P1_7                              lab3_1steering
     00000098  G$RI$0$0                           lab3_1steering
     00000098  G$RI0$0$0                          lab3_1steering
     00000098  G$SCON$0$0                         lab3_1steering
     00000098  G$SCON0$0$0                        lab3_1steering
     00000098  _RI                                lab3_1steering
     00000098  _RI0                               lab3_1steering
ASxxxx Linker V03.00 + NoICE + sdld,  page 5.
Hexadecimal  [32-Bits]

Area                                    Addr        Size        Decimal Bytes (Attributes)
--------------------------------        ----        ----        ------- ----- ------------
.  .ABS.                            00000000    00000000 =           0. bytes (ABS,CON)

      Value  Global                              Global Defined In Module
      -----  --------------------------------   ------------------------
     00000098  _SCON                              lab3_1steering
     00000098  _SCON0                             lab3_1steering
     00000099  G$SBUF$0$0                         lab3_1steering
     00000099  G$SBUF0$0$0                        lab3_1steering
     00000099  G$TI$0$0                           lab3_1steering
     00000099  G$TI0$0$0                          lab3_1steering
     00000099  _SBUF                              lab3_1steering
     00000099  _SBUF0                             lab3_1steering
     00000099  _TI                                lab3_1steering
     00000099  _TI0                               lab3_1steering
     0000009A  G$RB8$0$0                          lab3_1steering
     0000009A  G$RB80$0$0                         lab3_1steering
     0000009A  G$SPI0CFG$0$0                      lab3_1steering
     0000009A  _RB8                               lab3_1steering
     0000009A  _RB80                              lab3_1steering
     0000009A  _SPI0CFG                           lab3_1steering
     0000009B  G$SPI0DAT$0$0                      lab3_1steering
     0000009B  G$TB8$0$0                          lab3_1steering
     0000009B  G$TB80$0$0                         lab3_1steering
     0000009B  _SPI0DAT                           lab3_1steering
     0000009B  _TB8                               lab3_1steering
     0000009B  _TB80                              lab3_1steering
     0000009C  G$ADC1$0$0                         lab3_1steering
     0000009C  G$REN$0$0                          lab3_1steering
     0000009C  G$REN0$0$0                         lab3_1steering
     0000009C  _ADC1                              lab3_1steering
     0000009C  _REN                               lab3_1steering
     0000009C  _REN0                              lab3_1steering
     0000009D  G$MCE0$0$0                         lab3_1steering
     0000009D  G$SM2$0$0                          lab3_1steering
     0000009D  G$SM20$0$0                         lab3_1steering
     0000009D  G$SPI0CKR$0$0                      lab3_1steering
     0000009D  _MCE0                              lab3_1steering
     0000009D  _SM2                               lab3_1steering
     0000009D  _SM20                              lab3_1steering
     0000009D  _SPI0CKR                           lab3_1steering
     0000009E  G$CPT0CN$0$0                       lab3_1steering
     0000009E  G$SM1$0$0                          lab3_1steering
     0000009E  G$SM10$0$0                         lab3_1steering
     0000009E  _CPT0CN                            lab3_1steering
     0000009E  _SM1                               lab3_1steering
     0000009E  _SM10                              lab3_1steering
     0000009F  G$CPT1CN$0$0                       lab3_1steering
     0000009F  G$S0MODE$0$0                       lab3_1steering
     0000009F  G$SM0$0$0                          lab3_1steering
     0000009F  G$SM00$0$0                         lab3_1steering
     0000009F  _CPT1CN                            lab3_1steering
     0000009F  _S0MODE                            lab3_1steering
     0000009F  _SM0                               lab3_1steering
     0000009F  _SM00                              lab3_1steering
     000000A0  G$P2$0$0                           lab3_1steering
ASxxxx Linker V03.00 + NoICE + sdld,  page 6.
Hexadecimal  [32-Bits]

Area                                    Addr        Size        Decimal Bytes (Attributes)
--------------------------------        ----        ----        ------- ----- ------------
.  .ABS.                            00000000    00000000 =           0. bytes (ABS,CON)

      Value  Global                              Global Defined In Module
      -----  --------------------------------   ------------------------
     000000A0  G$P2_0$0$0                         lab3_1steering
     000000A0  _P2                                lab3_1steering
     000000A0  _P2_0                              lab3_1steering
     000000A1  G$EMI0TC$0$0                       lab3_1steering
     000000A1  G$P2_1$0$0                         lab3_1steering
     000000A1  _EMI0TC                            lab3_1steering
     000000A1  _P2_1                              lab3_1steering
     000000A2  G$P2_2$0$0                         lab3_1steering
     000000A2  _P2_2                              lab3_1steering
     000000A3  G$EMI0CF$0$0                       lab3_1steering
     000000A3  G$P2_3$0$0                         lab3_1steering
     000000A3  _EMI0CF                            lab3_1steering
     000000A3  _P2_3                              lab3_1steering
     000000A4  G$P0MDOUT$0$0                      lab3_1steering
     000000A4  G$P2_4$0$0                         lab3_1steering
     000000A4  G$PRT0CF$0$0                       lab3_1steering
     000000A4  _P0MDOUT                           lab3_1steering
     000000A4  _P2_4                              lab3_1steering
     000000A4  _PRT0CF                            lab3_1steering
     000000A5  G$P1MDOUT$0$0                      lab3_1steering
     000000A5  G$P2_5$0$0                         lab3_1steering
     000000A5  G$PRT1CF$0$0                       lab3_1steering
     000000A5  _P1MDOUT                           lab3_1steering
     000000A5  _P2_5                              lab3_1steering
     000000A5  _PRT1CF                            lab3_1steering
     000000A6  G$P2MDOUT$0$0                      lab3_1steering
     000000A6  G$P2_6$0$0                         lab3_1steering
     000000A6  G$PRT2CF$0$0                       lab3_1steering
     000000A6  _P2MDOUT                           lab3_1steering
     000000A6  _P2_6                              lab3_1steering
     000000A6  _PRT2CF                            lab3_1steering
     000000A7  G$P2_7$0$0                         lab3_1steering
     000000A7  G$P3MDOUT$0$0                      lab3_1steering
     000000A7  G$PRT3CF$0$0                       lab3_1steering
     000000A7  _P2_7                              lab3_1steering
     000000A7  _P3MDOUT                           lab3_1steering
     000000A7  _PRT3CF                            lab3_1steering
     000000A8  G$EX0$0$0                          lab3_1steering
     000000A8  G$IE$0$0                           lab3_1steering
     000000A8  _EX0                               lab3_1steering
     000000A8  _IE                                lab3_1steering
     000000A9  G$ET0$0$0                          lab3_1steering
     000000A9  G$SADDR0$0$0                       lab3_1steering
     000000A9  _ET0                               lab3_1steering
     000000A9  _SADDR0                            lab3_1steering
     000000AA  G$ADC1CN$0$0                       lab3_1steering
     000000AA  G$EX1$0$0                          lab3_1steering
     000000AA  _ADC1CN                            lab3_1steering
     000000AA  _EX1                               lab3_1steering
     000000AB  G$ADC1CF$0$0                       lab3_1steering
     000000AB  G$ET1$0$0                          lab3_1steering
ASxxxx Linker V03.00 + NoICE + sdld,  page 7.
Hexadecimal  [32-Bits]

Area                                    Addr        Size        Decimal Bytes (Attributes)
--------------------------------        ----        ----        ------- ----- ------------
.  .ABS.                            00000000    00000000 =           0. bytes (ABS,CON)

      Value  Global                              Global Defined In Module
      -----  --------------------------------   ------------------------
     000000AB  _ADC1CF                            lab3_1steering
     000000AB  _ET1                               lab3_1steering
     000000AC  G$AMX1SL$0$0                       lab3_1steering
     000000AC  G$ES$0$0                           lab3_1steering
     000000AC  G$ES0$0$0                          lab3_1steering
     000000AC  _AMX1SL                            lab3_1steering
     000000AC  _ES                                lab3_1steering
     000000AC  _ES0                               lab3_1steering
     000000AD  G$ET2$0$0                          lab3_1steering
     000000AD  G$P3IF$0$0                         lab3_1steering
     000000AD  _ET2                               lab3_1steering
     000000AD  _P3IF                              lab3_1steering
     000000AE  G$SADEN1$0$0                       lab3_1steering
     000000AE  _SADEN1                            lab3_1steering
     000000AF  G$EA$0$0                           lab3_1steering
     000000AF  G$EMI0CN$0$0                       lab3_1steering
     000000AF  G$_XPAGE$0$0                       lab3_1steering
     000000AF  _EA                                lab3_1steering
     000000AF  _EMI0CN                            lab3_1steering
     000000AF  __XPAGE                            lab3_1steering
     000000B0  G$P3$0$0                           lab3_1steering
     000000B0  G$P3_0$0$0                         lab3_1steering
     000000B0  _P3                                lab3_1steering
     000000B0  _P3_0                              lab3_1steering
     000000B1  G$OSCXCN$0$0                       lab3_1steering
     000000B1  G$P3_1$0$0                         lab3_1steering
     000000B1  _OSCXCN                            lab3_1steering
     000000B1  _P3_1                              lab3_1steering
     000000B2  G$OSCICN$0$0                       lab3_1steering
     000000B2  G$P3_2$0$0                         lab3_1steering
     000000B2  _OSCICN                            lab3_1steering
     000000B2  _P3_2                              lab3_1steering
     000000B3  G$P3_3$0$0                         lab3_1steering
     000000B3  _P3_3                              lab3_1steering
     000000B4  G$P3_4$0$0                         lab3_1steering
     000000B4  _P3_4                              lab3_1steering
     000000B5  G$P3_5$0$0                         lab3_1steering
     000000B5  G$P74OUT$0$0                       lab3_1steering
     000000B5  _P3_5                              lab3_1steering
     000000B5  _P74OUT                            lab3_1steering
     000000B6  G$FLSCL$0$0                        lab3_1steering
     000000B6  G$P3_6$0$0                         lab3_1steering
     000000B6  _FLSCL                             lab3_1steering
     000000B6  _P3_6                              lab3_1steering
     000000B7  G$FLACL$0$0                        lab3_1steering
     000000B7  G$P3_7$0$0                         lab3_1steering
     000000B7  _FLACL                             lab3_1steering
     000000B7  _P3_7                              lab3_1steering
     000000B8  G$IP$0$0                           lab3_1steering
     000000B8  G$PX0$0$0                          lab3_1steering
     000000B8  _IP                                lab3_1steering
ASxxxx Linker V03.00 + NoICE + sdld,  page 8.
Hexadecimal  [32-Bits]

Area                                    Addr        Size        Decimal Bytes (Attributes)
--------------------------------        ----        ----        ------- ----- ------------
.  .ABS.                            00000000    00000000 =           0. bytes (ABS,CON)

      Value  Global                              Global Defined In Module
      -----  --------------------------------   ------------------------
     000000B8  _PX0                               lab3_1steering
     000000B9  G$PT0$0$0                          lab3_1steering
     000000B9  G$SADEN0$0$0                       lab3_1steering
     000000B9  _PT0                               lab3_1steering
     000000B9  _SADEN0                            lab3_1steering
     000000BA  G$AMX0CF$0$0                       lab3_1steering
     000000BA  G$PX1$0$0                          lab3_1steering
     000000BA  _AMX0CF                            lab3_1steering
     000000BA  _PX1                               lab3_1steering
     000000BB  G$AMX0SL$0$0                       lab3_1steering
     000000BB  G$PT1$0$0                          lab3_1steering
     000000BB  _AMX0SL                            lab3_1steering
     000000BB  _PT1                               lab3_1steering
     000000BC  G$ADC0CF$0$0                       lab3_1steering
     000000BC  G$PS$0$0                           lab3_1steering
     000000BC  G$PS0$0$0                          lab3_1steering
     000000BC  _ADC0CF                            lab3_1steering
     000000BC  _PS                                lab3_1steering
     000000BC  _PS0                               lab3_1steering
     000000BD  G$P1MDIN$0$0                       lab3_1steering
     000000BD  G$PT2$0$0                          lab3_1steering
     000000BD  _P1MDIN                            lab3_1steering
     000000BD  _PT2                               lab3_1steering
     000000BE  G$ADC0L$0$0                        lab3_1steering
     000000BE  _ADC0L                             lab3_1steering
     000000BF  G$ADC0H$0$0                        lab3_1steering
     000000BF  _ADC0H                             lab3_1steering
     000000C0  G$SMB0CN$0$0                       lab3_1steering
     000000C0  G$SMBTOE$0$0                       lab3_1steering
     000000C0  _SMB0CN                            lab3_1steering
     000000C0  _SMBTOE                            lab3_1steering
     000000C1  G$SMB0STA$0$0                      lab3_1steering
     000000C1  G$SMBFTE$0$0                       lab3_1steering
     000000C1  _SMB0STA                           lab3_1steering
     000000C1  _SMBFTE                            lab3_1steering
     000000C2  G$AA$0$0                           lab3_1steering
     000000C2  G$SMB0DAT$0$0                      lab3_1steering
     000000C2  _AA                                lab3_1steering
     000000C2  _SMB0DAT                           lab3_1steering
     000000C3  G$SI$0$0                           lab3_1steering
     000000C3  G$SMB0ADR$0$0                      lab3_1steering
     000000C3  _SI                                lab3_1steering
     000000C3  _SMB0ADR                           lab3_1steering
     000000C4  G$ADC0GTL$0$0                      lab3_1steering
     000000C4  G$STO$0$0                          lab3_1steering
     000000C4  _ADC0GTL                           lab3_1steering
     000000C4  _STO                               lab3_1steering
     000000C5  G$ADC0GTH$0$0                      lab3_1steering
     000000C5  G$STA$0$0                          lab3_1steering
     000000C5  _ADC0GTH                           lab3_1steering
     000000C5  _STA                               lab3_1steering
ASxxxx Linker V03.00 + NoICE + sdld,  page 9.
Hexadecimal  [32-Bits]

Area                                    Addr        Size        Decimal Bytes (Attributes)
--------------------------------        ----        ----        ------- ----- ------------
.  .ABS.                            00000000    00000000 =           0. bytes (ABS,CON)

      Value  Global                              Global Defined In Module
      -----  --------------------------------   ------------------------
     000000C6  G$ADC0LTL$0$0                      lab3_1steering
     000000C6  G$ENSMB$0$0                        lab3_1steering
     000000C6  _ADC0LTL                           lab3_1steering
     000000C6  _ENSMB                             lab3_1steering
     000000C7  G$ADC0LTH$0$0                      lab3_1steering
     000000C7  G$BUSY$0$0                         lab3_1steering
     000000C7  _ADC0LTH                           lab3_1steering
     000000C7  _BUSY                              lab3_1steering
     000000C8  G$CPRL2$0$0                        lab3_1steering
     000000C8  G$T2CON$0$0                        lab3_1steering
     000000C8  _CPRL2                             lab3_1steering
     000000C8  _T2CON                             lab3_1steering
     000000C9  G$CT2$0$0                          lab3_1steering
     000000C9  G$T4CON$0$0                        lab3_1steering
     000000C9  _CT2                               lab3_1steering
     000000C9  _T4CON                             lab3_1steering
     000000CA  G$RCAP2L$0$0                       lab3_1steering
     000000CA  G$TR2$0$0                          lab3_1steering
     000000CA  _RCAP2L                            lab3_1steering
     000000CA  _TR2                               lab3_1steering
     000000CB  G$EXEN2$0$0                        lab3_1steering
     000000CB  G$RCAP2H$0$0                       lab3_1steering
     000000CB  _EXEN2                             lab3_1steering
     000000CB  _RCAP2H                            lab3_1steering
     000000CC  G$TCLK$0$0                         lab3_1steering
     000000CC  G$TL2$0$0                          lab3_1steering
     000000CC  _TCLK                              lab3_1steering
     000000CC  _TL2                               lab3_1steering
     000000CD  G$RCLK$0$0                         lab3_1steering
     000000CD  G$TH2$0$0                          lab3_1steering
     000000CD  _RCLK                              lab3_1steering
     000000CD  _TH2                               lab3_1steering
     000000CE  G$EXF2$0$0                         lab3_1steering
     000000CE  _EXF2                              lab3_1steering
     000000CF  G$SMB0CR$0$0                       lab3_1steering
     000000CF  G$TF2$0$0                          lab3_1steering
     000000CF  _SMB0CR                            lab3_1steering
     000000CF  _TF2                               lab3_1steering
     000000D0  G$P$0$0                            lab3_1steering
     000000D0  G$PSW$0$0                          lab3_1steering
     000000D0  _P                                 lab3_1steering
     000000D0  _PSW                               lab3_1steering
     000000D1  G$F1$0$0                           lab3_1steering
     000000D1  G$REF0CN$0$0                       lab3_1steering
     000000D1  _F1                                lab3_1steering
     000000D1  _REF0CN                            lab3_1steering
     000000D2  G$DAC0L$0$0                        lab3_1steering
     000000D2  G$OV$0$0                           lab3_1steering
     000000D2  _DAC0L                             lab3_1steering
     000000D2  _OV                                lab3_1steering
     000000D3  G$DAC0H$0$0                        lab3_1steering
ASxxxx Linker V03.00 + NoICE + sdld,  page 10.
Hexadecimal  [32-Bits]

Area                                    Addr        Size        Decimal Bytes (Attributes)
--------------------------------        ----        ----        ------- ----- ------------
.  .ABS.                            00000000    00000000 =           0. bytes (ABS,CON)

      Value  Global                              Global Defined In Module
      -----  --------------------------------   ------------------------
     000000D3  G$RS0$0$0                          lab3_1steering
     000000D3  _DAC0H                             lab3_1steering
     000000D3  _RS0                               lab3_1steering
     000000D4  G$DAC0CN$0$0                       lab3_1steering
     000000D4  G$RS1$0$0                          lab3_1steering
     000000D4  _DAC0CN                            lab3_1steering
     000000D4  _RS1                               lab3_1steering
     000000D5  G$DAC1L$0$0                        lab3_1steering
     000000D5  G$F0$0$0                           lab3_1steering
     000000D5  _DAC1L                             lab3_1steering
     000000D5  _F0                                lab3_1steering
     000000D6  G$AC$0$0                           lab3_1steering
     000000D6  G$DAC1H$0$0                        lab3_1steering
     000000D6  _AC                                lab3_1steering
     000000D6  _DAC1H                             lab3_1steering
     000000D7  G$CY$0$0                           lab3_1steering
     000000D7  G$DAC1CN$0$0                       lab3_1steering
     000000D7  _CY                                lab3_1steering
     000000D7  _DAC1CN                            lab3_1steering
     000000D8  G$CCF0$0$0                         lab3_1steering
     000000D8  G$PCA0CN$0$0                       lab3_1steering
     000000D8  _CCF0                              lab3_1steering
     000000D8  _PCA0CN                            lab3_1steering
     000000D9  G$CCF1$0$0                         lab3_1steering
     000000D9  G$PCA0MD$0$0                       lab3_1steering
     000000D9  _CCF1                              lab3_1steering
     000000D9  _PCA0MD                            lab3_1steering
     000000DA  G$CCF2$0$0                         lab3_1steering
     000000DA  G$PCA0CPM0$0$0                     lab3_1steering
     000000DA  _CCF2                              lab3_1steering
     000000DA  _PCA0CPM0                          lab3_1steering
     000000DB  G$CCF3$0$0                         lab3_1steering
     000000DB  G$PCA0CPM1$0$0                     lab3_1steering
     000000DB  _CCF3                              lab3_1steering
     000000DB  _PCA0CPM1                          lab3_1steering
     000000DC  G$CCF4$0$0                         lab3_1steering
     000000DC  G$PCA0CPM2$0$0                     lab3_1steering
     000000DC  _CCF4                              lab3_1steering
     000000DC  _PCA0CPM2                          lab3_1steering
     000000DD  G$PCA0CPM3$0$0                     lab3_1steering
     000000DD  _PCA0CPM3                          lab3_1steering
     000000DE  G$CR$0$0                           lab3_1steering
     000000DE  G$PCA0CPM4$0$0                     lab3_1steering
     000000DE  _CR                                lab3_1steering
     000000DE  _PCA0CPM4                          lab3_1steering
     000000DF  G$CF$0$0                           lab3_1steering
     000000DF  _CF                                lab3_1steering
     000000E0  G$ACC$0$0                          lab3_1steering
     000000E0  _ACC                               lab3_1steering
     000000E1  G$XBR0$0$0                         lab3_1steering
     000000E1  _XBR0                              lab3_1steering
ASxxxx Linker V03.00 + NoICE + sdld,  page 11.
Hexadecimal  [32-Bits]

Area                                    Addr        Size        Decimal Bytes (Attributes)
--------------------------------        ----        ----        ------- ----- ------------
.  .ABS.                            00000000    00000000 =           0. bytes (ABS,CON)

      Value  Global                              Global Defined In Module
      -----  --------------------------------   ------------------------
     000000E2  G$XBR1$0$0                         lab3_1steering
     000000E2  _XBR1                              lab3_1steering
     000000E3  G$XBR2$0$0                         lab3_1steering
     000000E3  _XBR2                              lab3_1steering
     000000E4  G$RCAP4L$0$0                       lab3_1steering
     000000E4  _RCAP4L                            lab3_1steering
     000000E5  G$RCAP4H$0$0                       lab3_1steering
     000000E5  _RCAP4H                            lab3_1steering
     000000E6  G$EIE1$0$0                         lab3_1steering
     000000E6  _EIE1                              lab3_1steering
     000000E7  G$EIE2$0$0                         lab3_1steering
     000000E7  _EIE2                              lab3_1steering
     000000E8  G$AD0LJST$0$0                      lab3_1steering
     000000E8  G$ADC0CN$0$0                       lab3_1steering
     000000E8  G$ADLJST$0$0                       lab3_1steering
     000000E8  _AD0LJST                           lab3_1steering
     000000E8  _ADC0CN                            lab3_1steering
     000000E8  _ADLJST                            lab3_1steering
     000000E9  G$AD0WINT$0$0                      lab3_1steering
     000000E9  G$ADWINT$0$0                       lab3_1steering
     000000E9  G$PCA0L$0$0                        lab3_1steering
     000000E9  _AD0WINT                           lab3_1steering
     000000E9  _ADWINT                            lab3_1steering
     000000E9  _PCA0L                             lab3_1steering
     000000EA  G$AD0CM0$0$0                       lab3_1steering
     000000EA  G$ADSTM0$0$0                       lab3_1steering
     000000EA  G$PCA0CPL0$0$0                     lab3_1steering
     000000EA  _AD0CM0                            lab3_1steering
     000000EA  _ADSTM0                            lab3_1steering
     000000EA  _PCA0CPL0                          lab3_1steering
     000000EB  G$AD0CM1$0$0                       lab3_1steering
     000000EB  G$ADSTM1$0$0                       lab3_1steering
     000000EB  G$PCA0CPL1$0$0                     lab3_1steering
     000000EB  _AD0CM1                            lab3_1steering
     000000EB  _ADSTM1                            lab3_1steering
     000000EB  _PCA0CPL1                          lab3_1steering
     000000EC  G$AD0BUSY$0$0                      lab3_1steering
     000000EC  G$ADBUSY$0$0                       lab3_1steering
     000000EC  G$PCA0CPL2$0$0                     lab3_1steering
     000000EC  _AD0BUSY                           lab3_1steering
     000000EC  _ADBUSY                            lab3_1steering
     000000EC  _PCA0CPL2                          lab3_1steering
     000000ED  G$AD0INT$0$0                       lab3_1steering
     000000ED  G$ADCINT$0$0                       lab3_1steering
     000000ED  G$PCA0CPL3$0$0                     lab3_1steering
     000000ED  _AD0INT                            lab3_1steering
     000000ED  _ADCINT                            lab3_1steering
     000000ED  _PCA0CPL3                          lab3_1steering
     000000EE  G$AD0TM$0$0                        lab3_1steering
     000000EE  G$ADCTM$0$0                        lab3_1steering
     000000EE  G$PCA0CPL4$0$0                     lab3_1steering
ASxxxx Linker V03.00 + NoICE + sdld,  page 12.
Hexadecimal  [32-Bits]

Area                                    Addr        Size        Decimal Bytes (Attributes)
--------------------------------        ----        ----        ------- ----- ------------
.  .ABS.                            00000000    00000000 =           0. bytes (ABS,CON)

      Value  Global                              Global Defined In Module
      -----  --------------------------------   ------------------------
     000000EE  _AD0TM                             lab3_1steering
     000000EE  _ADCTM                             lab3_1steering
     000000EE  _PCA0CPL4                          lab3_1steering
     000000EF  G$AD0EN$0$0                        lab3_1steering
     000000EF  G$ADCEN$0$0                        lab3_1steering
     000000EF  G$RSTSRC$0$0                       lab3_1steering
     000000EF  _AD0EN                             lab3_1steering
     000000EF  _ADCEN                             lab3_1steering
     000000EF  _RSTSRC                            lab3_1steering
     000000F0  G$B$0$0                            lab3_1steering
     000000F0  _B                                 lab3_1steering
     000000F1  G$SCON1$0$0                        lab3_1steering
     000000F1  _SCON1                             lab3_1steering
     000000F2  G$SBUF1$0$0                        lab3_1steering
     000000F2  _SBUF1                             lab3_1steering
     000000F3  G$SADDR1$0$0                       lab3_1steering
     000000F3  _SADDR1                            lab3_1steering
     000000F4  G$TL4$0$0                          lab3_1steering
     000000F4  _TL4                               lab3_1steering
     000000F5  G$TH4$0$0                          lab3_1steering
     000000F5  _B_5                               _gptrget
     000000F5  _TH4                               lab3_1steering
     000000F6  G$EIP1$0$0                         lab3_1steering
     000000F6  _B_6                               _gptrget
     000000F6  _EIP1                              lab3_1steering
     000000F7  G$EIP2$0$0                         lab3_1steering
     000000F7  _B_7                               _gptrget
     000000F7  _EIP2                              lab3_1steering
     000000F8  G$SPI0CN$0$0                       lab3_1steering
     000000F8  G$SPIEN$0$0                        lab3_1steering
     000000F8  _SPI0CN                            lab3_1steering
     000000F8  _SPIEN                             lab3_1steering
     000000F9  G$MSTEN$0$0                        lab3_1steering
     000000F9  G$PCA0H$0$0                        lab3_1steering
     000000F9  _MSTEN                             lab3_1steering
     000000F9  _PCA0H                             lab3_1steering
     000000FA  G$PCA0CPH0$0$0                     lab3_1steering
     000000FA  G$SLVSEL$0$0                       lab3_1steering
     000000FA  _PCA0CPH0                          lab3_1steering
     000000FA  _SLVSEL                            lab3_1steering
     000000FB  G$PCA0CPH1$0$0                     lab3_1steering
     000000FB  G$TXBSY$0$0                        lab3_1steering
     000000FB  _PCA0CPH1                          lab3_1steering
     000000FB  _TXBSY                             lab3_1steering
     000000FC  G$PCA0CPH2$0$0                     lab3_1steering
     000000FC  G$RXOVRN$0$0                       lab3_1steering
     000000FC  _PCA0CPH2                          lab3_1steering
     000000FC  _RXOVRN                            lab3_1steering
     000000FD  G$MODF$0$0                         lab3_1steering
     000000FD  G$PCA0CPH3$0$0                     lab3_1steering
     000000FD  _MODF                              lab3_1steering
ASxxxx Linker V03.00 + NoICE + sdld,  page 13.
Hexadecimal  [32-Bits]

Area                                    Addr        Size        Decimal Bytes (Attributes)
--------------------------------        ----        ----        ------- ----- ------------
.  .ABS.                            00000000    00000000 =           0. bytes (ABS,CON)

      Value  Global                              Global Defined In Module
      -----  --------------------------------   ------------------------
     000000FD  _PCA0CPH3                          lab3_1steering
     000000FE  G$PCA0CPH4$0$0                     lab3_1steering
     000000FE  G$WCOL$0$0                         lab3_1steering
     000000FE  _PCA0CPH4                          lab3_1steering
     000000FE  _WCOL                              lab3_1steering
     000000FF  G$SPIF$0$0                         lab3_1steering
     000000FF  G$WDTCN$0$0                        lab3_1steering
     000000FF  _SPIF                              lab3_1steering
     000000FF  _WDTCN                             lab3_1steering
     00008C8A  G$TMR0$0$0                         lab3_1steering
     00008C8A  _TMR0                              lab3_1steering
     00008D8B  G$TMR1$0$0                         lab3_1steering
     00008D8B  _TMR1                              lab3_1steering
     00009392  G$TMR3RL$0$0                       lab3_1steering
     00009392  _TMR3RL                            lab3_1steering
     00009594  G$TMR3$0$0                         lab3_1steering
     00009594  _TMR3                              lab3_1steering
     0000BFBE  G$ADC0$0$0                         lab3_1steering
     0000BFBE  _ADC0                              lab3_1steering
     0000C5C4  G$ADC0GT$0$0                       lab3_1steering
     0000C5C4  _ADC0GT                            lab3_1steering
     0000C7C6  G$ADC0LT$0$0                       lab3_1steering
     0000C7C6  _ADC0LT                            lab3_1steering
     0000CBCA  G$RCAP2$0$0                        lab3_1steering
     0000CBCA  _RCAP2                             lab3_1steering
     0000CDCC  G$TMR2$0$0                         lab3_1steering
     0000CDCC  _TMR2                              lab3_1steering
     0000D3D2  G$DAC0$0$0                         lab3_1steering
     0000D3D2  _DAC0                              lab3_1steering
     0000D6D5  G$DAC1$0$0                         lab3_1steering
     0000D6D5  _DAC1                              lab3_1steering
     0000E5E4  G$RCAP4$0$0                        lab3_1steering
     0000E5E4  _RCAP4                             lab3_1steering
     0000F5F4  G$TMR4$0$0                         lab3_1steering
     0000F5F4  _TMR4                              lab3_1steering
     0000F9E9  G$PCA0$0$0                         lab3_1steering
     0000F9E9  _PCA0                              lab3_1steering
     0000FAEA  G$PCA0CP0$0$0                      lab3_1steering
     0000FAEA  _PCA0CP0                           lab3_1steering
     0000FBEB  G$PCA0CP1$0$0                      lab3_1steering
     0000FBEB  _PCA0CP1                           lab3_1steering
     0000FCEC  G$PCA0CP2$0$0                      lab3_1steering
     0000FCEC  _PCA0CP2                           lab3_1steering
     0000FDED  G$PCA0CP3$0$0                      lab3_1steering
     0000FDED  _PCA0CP3                           lab3_1steering
     0000FEEE  G$PCA0CP4$0$0                      lab3_1steering
     0000FEEE  _PCA0CP4                           lab3_1steering

ASxxxx Linker V03.00 + NoICE + sdld,  page 14.
Hexadecimal  [32-Bits]

Area                                    Addr        Size        Decimal Bytes (Attributes)
--------------------------------        ----        ----        ------- ----- ------------
BSEG_BYTES                          00000020    00000002 =           2. bytes (REL,CON)

      Value  Global                              Global Defined In Module
      -----  --------------------------------   ------------------------
ASxxxx Linker V03.00 + NoICE + sdld,  page 15.
Hexadecimal  [32-Bits]

Area                                    Addr        Size        Decimal Bytes (Attributes)
--------------------------------        ----        ----        ------- ----- ------------
REG_BANK_0                          00000000    00000008 =           8. bytes (REL,OVR)

      Value  Global                              Global Defined In Module
      -----  --------------------------------   ------------------------
ASxxxx Linker V03.00 + NoICE + sdld,  page 16.
Hexadecimal  [32-Bits]

Area                                    Addr        Size        Decimal Bytes (Attributes)
--------------------------------        ----        ----        ------- ----- ------------
DSEG                                00000000    0000007B =         123. bytes (REL,CON)

      Value  Global                              Global Defined In Module
      -----  --------------------------------   ------------------------
     00000008  G$STR_PW$0$0                       lab3_1steering
     00000008  _STR_PW                            lab3_1steering
     0000000A  G$count$0$0                        lab3_1steering
     0000000A  _count                             lab3_1steering
     0000000C  G$input$0$0                        lab3_1steering
     0000000C  _input                             lab3_1steering
     0000000D  _vprintf_PARM_2                    vprintf
     0000000E  _bp                                _bp
     0000002E  __print_format_PARM_2              printf_large
     00000031  __print_format_PARM_3              printf_large
     00000034  __print_format_PARM_4              printf_large

ASxxxx Linker V03.00 + NoICE + sdld,  page 17.
Hexadecimal  [32-Bits]

Area                                    Addr        Size        Decimal Bytes (Attributes)
--------------------------------        ----        ----        ------- ----- ------------
OSEG                                0000000F    00000006 =           6. bytes (REL,OVR)

      Value  Global                              Global Defined In Module
      -----  --------------------------------   ------------------------
ASxxxx Linker V03.00 + NoICE + sdld,  page 18.
Hexadecimal  [32-Bits]

Area                                    Addr        Size        Decimal Bytes (Attributes)
--------------------------------        ----        ----        ------- ----- ------------
ISEG                                00000015    00000006 =           6. bytes (REL,CON)

      Value  Global                              Global Defined In Module
      -----  --------------------------------   ------------------------
ASxxxx Linker V03.00 + NoICE + sdld,  page 19.
Hexadecimal  [32-Bits]

Area                                    Addr        Size        Decimal Bytes (Attributes)
--------------------------------        ----        ----        ------- ----- ------------
SSEG                                0000003C    000000C4 =         196. bytes (REL,OVR)

      Value  Global                              Global Defined In Module
      -----  --------------------------------   ------------------------
     0000003C  __start__stack                     lab3_1steering

ASxxxx Linker V03.00 + NoICE + sdld,  page 20.
Hexadecimal  [32-Bits]

Area                                    Addr        Size        Decimal Bytes (Attributes)
--------------------------------        ----        ----        ------- ----- ------------
HOME                                00000000    00000051 =          81. bytes (REL,CON,CODE)

      Value  Global                              Global Defined In Module
      -----  --------------------------------   ------------------------
C:   00000000  A$lab3-1steering$939               lab3_1steering
C:   00000003  A$lab3-1steering$940               lab3_1steering
C:   0000000B  A$lab3-1steering$942               lab3_1steering
C:   00000013  A$lab3-1steering$944               lab3_1steering
C:   0000001B  A$lab3-1steering$946               lab3_1steering
C:   00000023  A$lab3-1steering$948               lab3_1steering
C:   0000002B  A$lab3-1steering$950               lab3_1steering
C:   00000033  A$lab3-1steering$952               lab3_1steering
C:   0000003B  A$lab3-1steering$954               lab3_1steering
C:   00000043  A$lab3-1steering$956               lab3_1steering
C:   0000004B  A$lab3-1steering$958               lab3_1steering
C:   0000004E  A$lab3-1steering$989               lab3_1steering
C:   0000004E  __sdcc_program_startup             lab3_1steering

ASxxxx Linker V03.00 + NoICE + sdld,  page 21.
Hexadecimal  [32-Bits]

Area                                    Addr        Size        Decimal Bytes (Attributes)
--------------------------------        ----        ----        ------- ----- ------------
GSINIT0                             00000051    00000003 =           3. bytes (REL,CON,CODE)

      Value  Global                              Global Defined In Module
      -----  --------------------------------   ------------------------
C:   00000051  __sdcc_gsinit_startup              

ASxxxx Linker V03.00 + NoICE + sdld,  page 22.
Hexadecimal  [32-Bits]

Area                                    Addr        Size        Decimal Bytes (Attributes)
--------------------------------        ----        ----        ------- ----- ------------
GSINIT2                             00000054    0000000A =          10. bytes (REL,CON,CODE)

      Value  Global                              Global Defined In Module
      -----  --------------------------------   ------------------------
ASxxxx Linker V03.00 + NoICE + sdld,  page 23.
Hexadecimal  [32-Bits]

Area                                    Addr        Size        Decimal Bytes (Attributes)
--------------------------------        ----        ----        ------- ----- ------------
GSINIT3                             0000005E    00000022 =          34. bytes (REL,CON,CODE)

      Value  Global                              Global Defined In Module
      -----  --------------------------------   ------------------------
C:   0000005E  __mcs51_genXINIT                   

ASxxxx Linker V03.00 + NoICE + sdld,  page 24.
Hexadecimal  [32-Bits]

Area                                    Addr        Size        Decimal Bytes (Attributes)
--------------------------------        ----        ----        ------- ----- ------------
GSINIT4                             00000080    0000002A =          42. bytes (REL,CON,CODE)

      Value  Global                              Global Defined In Module
      -----  --------------------------------   ------------------------
C:   00000080  __mcs51_genRAMCLEAR                
C:   00000086  __mcs51_genXRAMCLEAR               

ASxxxx Linker V03.00 + NoICE + sdld,  page 25.
Hexadecimal  [32-Bits]

Area                                    Addr        Size        Decimal Bytes (Attributes)
--------------------------------        ----        ----        ------- ----- ------------
GSINIT                              000000AA    00000009 =           9. bytes (REL,CON,CODE)

      Value  Global                              Global Defined In Module
      -----  --------------------------------   ------------------------
C:   000000AA  A$lab3-1steering$974               lab3_1steering
C:   000000AA  C$lab3_1steering.c$14$1$39         lab3_1steering
C:   000000AB  A$lab3-1steering$975               lab3_1steering
C:   000000AD  A$lab3-1steering$976               lab3_1steering
C:   000000AF  A$lab3-1steering$979               lab3_1steering
C:   000000AF  C$lab3_1steering.c$15$1$39         lab3_1steering
C:   000000B1  A$lab3-1steering$980               lab3_1steering

ASxxxx Linker V03.00 + NoICE + sdld,  page 26.
Hexadecimal  [32-Bits]

Area                                    Addr        Size        Decimal Bytes (Attributes)
--------------------------------        ----        ----        ------- ----- ------------
GSFINAL                             000000B3    00000003 =           3. bytes (REL,CON,CODE)

      Value  Global                              Global Defined In Module
      -----  --------------------------------   ------------------------
C:   000000B3  A$lab3-1steering$982               lab3_1steering

ASxxxx Linker V03.00 + NoICE + sdld,  page 27.
Hexadecimal  [32-Bits]

Area                                    Addr        Size        Decimal Bytes (Attributes)
--------------------------------        ----        ----        ------- ----- ------------
CSEG                                000000B6    0000078B =        1931. bytes (REL,CON,CODE)

      Value  Global                              Global Defined In Module
      -----  --------------------------------   ------------------------
C:   000000B6  A$lab3-1steering$1017              lab3_1steering
C:   000000B6  C$c8051_SDCC.h$42$0$0              lab3_1steering
C:   000000B6  C$c8051_SDCC.h$46$1$16             lab3_1steering
C:   000000B6  G$SYSCLK_Init$0$0                  lab3_1steering
C:   000000B6  _SYSCLK_Init                       lab3_1steering
C:   000000B9  A$lab3-1steering$1020              lab3_1steering
C:   000000B9  C$c8051_SDCC.h$49$1$16             lab3_1steering
C:   000000BB  A$lab3-1steering$1021              lab3_1steering
C:   000000BD  A$lab3-1steering$1023              lab3_1steering
C:   000000BE  A$lab3-1steering$1024              lab3_1steering
C:   000000C1  A$lab3-1steering$1025              lab3_1steering
C:   000000C2  A$lab3-1steering$1027              lab3_1steering
C:   000000C3  A$lab3-1steering$1028              lab3_1steering
C:   000000C4  A$lab3-1steering$1029              lab3_1steering
C:   000000C6  A$lab3-1steering$1033              lab3_1steering
C:   000000C6  C$c8051_SDCC.h$51$1$16             lab3_1steering
C:   000000C8  A$lab3-1steering$1034              lab3_1steering
C:   000000CB  A$lab3-1steering$1037              lab3_1steering
C:   000000CB  C$c8051_SDCC.h$53$1$16             lab3_1steering
C:   000000CE  A$lab3-1steering$1040              lab3_1steering
C:   000000CE  C$c8051_SDCC.h$56$1$16             lab3_1steering
C:   000000CE  XG$SYSCLK_Init$0$0                 lab3_1steering
C:   000000CF  A$lab3-1steering$1053              lab3_1steering
C:   000000CF  C$c8051_SDCC.h$64$1$16             lab3_1steering
C:   000000CF  C$c8051_SDCC.h$66$1$18             lab3_1steering
C:   000000CF  G$UART0_Init$0$0                   lab3_1steering
C:   000000CF  _UART0_Init                        lab3_1steering
C:   000000D2  A$lab3-1steering$1056              lab3_1steering
C:   000000D2  C$c8051_SDCC.h$67$1$18             lab3_1steering
C:   000000D5  A$lab3-1steering$1059              lab3_1steering
C:   000000D5  C$c8051_SDCC.h$68$1$18             lab3_1steering
C:   000000D8  A$lab3-1steering$1062              lab3_1steering
C:   000000D8  C$c8051_SDCC.h$69$1$18             lab3_1steering
C:   000000DA  A$lab3-1steering$1065              lab3_1steering
C:   000000DA  C$c8051_SDCC.h$70$1$18             lab3_1steering
C:   000000DD  A$lab3-1steering$1068              lab3_1steering
C:   000000DD  C$c8051_SDCC.h$71$1$18             lab3_1steering
C:   000000E0  A$lab3-1steering$1071              lab3_1steering
C:   000000E0  C$c8051_SDCC.h$73$1$18             lab3_1steering
C:   000000E2  A$lab3-1steering$1074              lab3_1steering
C:   000000E2  C$c8051_SDCC.h$74$1$18             lab3_1steering
C:   000000E5  A$lab3-1steering$1077              lab3_1steering
C:   000000E5  C$c8051_SDCC.h$75$1$18             lab3_1steering
C:   000000E5  XG$UART0_Init$0$0                  lab3_1steering
C:   000000E6  A$lab3-1steering$1090              lab3_1steering
C:   000000E6  C$c8051_SDCC.h$83$1$18             lab3_1steering
C:   000000E6  C$c8051_SDCC.h$85$1$20             lab3_1steering
C:   000000E6  G$Sys_Init$0$0                     lab3_1steering
C:   000000E6  _Sys_Init                          lab3_1steering
C:   000000E9  A$lab3-1steering$1093              lab3_1steering
ASxxxx Linker V03.00 + NoICE + sdld,  page 28.
Hexadecimal  [32-Bits]

Area                                    Addr        Size        Decimal Bytes (Attributes)
--------------------------------        ----        ----        ------- ----- ------------
CSEG                                000000B6    0000078B =        1931. bytes (REL,CON,CODE)

      Value  Global                              Global Defined In Module
      -----  --------------------------------   ------------------------
C:   000000E9  C$c8051_SDCC.h$86$1$20             lab3_1steering
C:   000000EC  A$lab3-1steering$1096              lab3_1steering
C:   000000EC  C$c8051_SDCC.h$88$1$20             lab3_1steering
C:   000000EF  A$lab3-1steering$1099              lab3_1steering
C:   000000EF  C$c8051_SDCC.h$89$1$20             lab3_1steering
C:   000000F2  A$lab3-1steering$1102              lab3_1steering
C:   000000F2  C$c8051_SDCC.h$91$1$20             lab3_1steering
C:   000000F5  A$lab3-1steering$1105              lab3_1steering
C:   000000F5  C$c8051_SDCC.h$92$1$20             lab3_1steering
C:   000000F8  A$lab3-1steering$1108              lab3_1steering
C:   000000F8  C$c8051_SDCC.h$93$1$20             lab3_1steering
C:   000000F8  XG$Sys_Init$0$0                    lab3_1steering
C:   000000F9  A$lab3-1steering$1121              lab3_1steering
C:   000000F9  C$c8051_SDCC.h$98$1$20             lab3_1steering
C:   000000F9  G$putchar$0$0                      lab3_1steering
C:   000000F9  _putchar                           lab3_1steering
C:   000000FB  A$lab3-1steering$1127              lab3_1steering
C:   000000FB  C$c8051_SDCC.h$100$1$22            lab3_1steering
C:   000000FB  C$c8051_SDCC.h$101$1$22            lab3_1steering
C:   000000FE  A$lab3-1steering$1128              lab3_1steering
C:   00000100  A$lab3-1steering$1132              lab3_1steering
C:   00000100  C$c8051_SDCC.h$102$1$22            lab3_1steering
C:   00000102  A$lab3-1steering$1135              lab3_1steering
C:   00000102  C$c8051_SDCC.h$103$1$22            lab3_1steering
C:   00000102  XG$putchar$0$0                     lab3_1steering
C:   00000103  A$lab3-1steering$1153              lab3_1steering
C:   00000103  C$c8051_SDCC.h$108$1$22            lab3_1steering
C:   00000103  C$c8051_SDCC.h$111$1$24            lab3_1steering
C:   00000103  C$c8051_SDCC.h$112$1$24            lab3_1steering
C:   00000103  G$getchar$0$0                      lab3_1steering
C:   00000103  _getchar                           lab3_1steering
C:   00000106  A$lab3-1steering$1154              lab3_1steering
C:   00000108  A$lab3-1steering$1158              lab3_1steering
C:   00000108  C$c8051_SDCC.h$113$1$24            lab3_1steering
C:   0000010B  A$lab3-1steering$1161              lab3_1steering
C:   0000010B  C$c8051_SDCC.h$114$1$24            lab3_1steering
C:   0000010E  A$lab3-1steering$1164              lab3_1steering
C:   0000010E  C$c8051_SDCC.h$115$1$24            lab3_1steering
C:   00000111  A$lab3-1steering$1167              lab3_1steering
C:   00000111  C$c8051_SDCC.h$116$1$24            lab3_1steering
C:   00000111  XG$getchar$0$0                     lab3_1steering
C:   00000112  A$lab3-1steering$1180              lab3_1steering
C:   00000112  C$lab3_1steering.c$21$1$24         lab3_1steering
C:   00000112  C$lab3_1steering.c$24$1$30         lab3_1steering
C:   00000112  G$main$0$0                         lab3_1steering
C:   00000112  _main                              lab3_1steering
C:   00000115  A$lab3-1steering$1183              lab3_1steering
C:   00000115  C$lab3_1steering.c$25$1$30         lab3_1steering
C:   00000118  A$lab3-1steering$1184              lab3_1steering
C:   0000011B  A$lab3-1steering$1187              lab3_1steering
C:   0000011B  C$lab3_1steering.c$26$1$30         lab3_1steering
ASxxxx Linker V03.00 + NoICE + sdld,  page 29.
Hexadecimal  [32-Bits]

Area                                    Addr        Size        Decimal Bytes (Attributes)
--------------------------------        ----        ----        ------- ----- ------------
CSEG                                000000B6    0000078B =        1931. bytes (REL,CON,CODE)

      Value  Global                              Global Defined In Module
      -----  --------------------------------   ------------------------
C:   0000011E  A$lab3-1steering$1190              lab3_1steering
C:   0000011E  C$lab3_1steering.c$27$1$30         lab3_1steering
C:   00000121  A$lab3-1steering$1193              lab3_1steering
C:   00000121  C$lab3_1steering.c$28$1$30         lab3_1steering
C:   00000124  A$lab3-1steering$1196              lab3_1steering
C:   00000124  C$lab3_1steering.c$31$1$30         lab3_1steering
C:   00000126  A$lab3-1steering$1197              lab3_1steering
C:   00000128  A$lab3-1steering$1198              lab3_1steering
C:   0000012A  A$lab3-1steering$1199              lab3_1steering
C:   0000012C  A$lab3-1steering$1200              lab3_1steering
C:   0000012E  A$lab3-1steering$1201              lab3_1steering
C:   00000130  A$lab3-1steering$1202              lab3_1steering
C:   00000133  A$lab3-1steering$1203              lab3_1steering
C:   00000135  A$lab3-1steering$1204              lab3_1steering
C:   00000137  A$lab3-1steering$1205              lab3_1steering
C:   00000139  A$lab3-1steering$1208              lab3_1steering
C:   00000139  C$lab3_1steering.c$35$1$30         lab3_1steering
C:   0000013C  A$lab3-1steering$1209              lab3_1steering
C:   0000013F  A$lab3-1steering$1212              lab3_1steering
C:   0000013F  C$lab3_1steering.c$37$1$30         lab3_1steering
C:   00000142  A$lab3-1steering$1215              lab3_1steering
C:   00000142  C$lab3_1steering.c$38$1$30         lab3_1steering
C:   00000145  A$lab3-1steering$1219              lab3_1steering
C:   00000145  C$lab3_1steering.c$39$1$30         lab3_1steering
C:   00000146  A$lab3-1steering$1220              lab3_1steering
C:   00000148  A$lab3-1steering$1221              lab3_1steering
C:   0000014A  A$lab3-1steering$1222              lab3_1steering
C:   0000014C  A$lab3-1steering$1223              lab3_1steering
C:   0000014E  A$lab3-1steering$1224              lab3_1steering
C:   00000150  A$lab3-1steering$1230              lab3_1steering
C:   00000150  C$lab3_1steering.c$40$1$30         lab3_1steering
C:   00000150  C$lab3_1steering.c$42$2$31         lab3_1steering
C:   00000153  A$lab3-1steering$1231              lab3_1steering
C:   00000156  A$lab3-1steering$1234              lab3_1steering
C:   00000156  C$lab3_1steering.c$43$2$31         lab3_1steering
C:   00000159  A$lab3-1steering$1235              lab3_1steering
C:   0000015B  A$lab3-1steering$1238              lab3_1steering
C:   0000015B  C$lab3_1steering.c$47$1$30         lab3_1steering
C:   0000015B  XG$main$0$0                        lab3_1steering
C:   0000015C  A$lab3-1steering$1251              lab3_1steering
C:   0000015C  C$lab3_1steering.c$49$1$30         lab3_1steering
C:   0000015C  C$lab3_1steering.c$51$1$32         lab3_1steering
C:   0000015C  G$Port_Init$0$0                    lab3_1steering
C:   0000015C  _Port_Init                         lab3_1steering
C:   0000015F  A$lab3-1steering$1254              lab3_1steering
C:   0000015F  C$lab3_1steering.c$53$1$32         lab3_1steering
C:   0000015F  XG$Port_Init$0$0                   lab3_1steering
C:   00000160  A$lab3-1steering$1267              lab3_1steering
C:   00000160  C$lab3_1steering.c$61$1$32         lab3_1steering
C:   00000160  C$lab3_1steering.c$64$1$33         lab3_1steering
C:   00000160  G$XBR0_Init$0$0                    lab3_1steering
ASxxxx Linker V03.00 + NoICE + sdld,  page 30.
Hexadecimal  [32-Bits]

Area                                    Addr        Size        Decimal Bytes (Attributes)
--------------------------------        ----        ----        ------- ----- ------------
CSEG                                000000B6    0000078B =        1931. bytes (REL,CON,CODE)

      Value  Global                              Global Defined In Module
      -----  --------------------------------   ------------------------
C:   00000160  _XBR0_Init                         lab3_1steering
C:   00000163  A$lab3-1steering$1270              lab3_1steering
C:   00000163  C$lab3_1steering.c$66$1$33         lab3_1steering
C:   00000163  XG$XBR0_Init$0$0                   lab3_1steering
C:   00000164  A$lab3-1steering$1283              lab3_1steering
C:   00000164  C$lab3_1steering.c$74$1$33         lab3_1steering
C:   00000164  C$lab3_1steering.c$78$1$35         lab3_1steering
C:   00000164  G$PCA_Init$0$0                     lab3_1steering
C:   00000164  _PCA_Init                          lab3_1steering
C:   00000167  A$lab3-1steering$1286              lab3_1steering
C:   00000167  C$lab3_1steering.c$79$1$35         lab3_1steering
C:   0000016A  A$lab3-1steering$1289              lab3_1steering
C:   0000016A  C$lab3_1steering.c$80$1$35         lab3_1steering
C:   0000016D  A$lab3-1steering$1292              lab3_1steering
C:   0000016D  C$lab3_1steering.c$81$1$35         lab3_1steering
C:   00000170  A$lab3-1steering$1295              lab3_1steering
C:   00000170  C$lab3_1steering.c$82$1$35         lab3_1steering
C:   00000172  A$lab3-1steering$1298              lab3_1steering
C:   00000172  C$lab3_1steering.c$83$1$35         lab3_1steering
C:   00000172  XG$PCA_Init$0$0                    lab3_1steering
C:   00000173  A$lab3-1steering$1309              lab3_1steering
C:   00000173  C$lab3_1steering.c$91$1$35         lab3_1steering
C:   00000173  G$PCA_ISR$0$0                      lab3_1steering
C:   00000173  _PCA_ISR                           lab3_1steering
C:   00000175  A$lab3-1steering$1310              lab3_1steering
C:   00000177  A$lab3-1steering$1315              lab3_1steering
C:   00000177  C$lab3_1steering.c$94$1$37         lab3_1steering
C:   00000177  C$lab3_1steering.c$96$2$38         lab3_1steering
C:   0000017A  A$lab3-1steering$1316              lab3_1steering
C:   0000017C  A$lab3-1steering$1320              lab3_1steering
C:   0000017C  C$lab3_1steering.c$97$2$38         lab3_1steering
C:   0000017F  A$lab3-1steering$1321              lab3_1steering
C:   00000182  A$lab3-1steering$1324              lab3_1steering
C:   00000182  C$lab3_1steering.c$98$2$38         lab3_1steering
C:   00000184  A$lab3-1steering$1325              lab3_1steering
C:   00000185  A$lab3-1steering$1326              lab3_1steering
C:   00000188  A$lab3-1steering$1327              lab3_1steering
C:   0000018A  A$lab3-1steering$1332              lab3_1steering
C:   0000018A  C$lab3_1steering.c$101$1$37        lab3_1steering
C:   0000018D  A$lab3-1steering$1333              lab3_1steering
C:   0000018F  A$lab3-1steering$1334              lab3_1steering
C:   00000191  A$lab3-1steering$1337              lab3_1steering
C:   00000191  C$lab3_1steering.c$104$1$37        lab3_1steering
C:   00000191  XG$PCA_ISR$0$0                     lab3_1steering
C:   00000192  A$lab3-1steering$1354              lab3_1steering
C:   00000192  C$lab3_1steering.c$106$1$37        lab3_1steering
C:   00000192  C$lab3_1steering.c$111$1$39        lab3_1steering
C:   00000192  G$Steering_Servo$0$0               lab3_1steering
C:   00000192  _Steering_Servo                    lab3_1steering
C:   00000194  A$lab3-1steering$1355              lab3_1steering
C:   00000197  A$lab3-1steering$1358              lab3_1steering
ASxxxx Linker V03.00 + NoICE + sdld,  page 31.
Hexadecimal  [32-Bits]

Area                                    Addr        Size        Decimal Bytes (Attributes)
--------------------------------        ----        ----        ------- ----- ------------
CSEG                                000000B6    0000078B =        1931. bytes (REL,CON,CODE)

      Value  Global                              Global Defined In Module
      -----  --------------------------------   ------------------------
C:   00000197  C$lab3_1steering.c$115$2$40        lab3_1steering
C:   00000198  A$lab3-1steering$1359              lab3_1steering
C:   0000019A  A$lab3-1steering$1360              lab3_1steering
C:   0000019C  A$lab3-1steering$1361              lab3_1steering
C:   0000019E  A$lab3-1steering$1362              lab3_1steering
C:   000001A0  A$lab3-1steering$1363              lab3_1steering
C:   000001A2  A$lab3-1steering$1366              lab3_1steering
C:   000001A2  C$lab3_1steering.c$117$3$41        lab3_1steering
C:   000001A5  A$lab3-1steering$1367              lab3_1steering
C:   000001A8  A$lab3-1steering$1368              lab3_1steering
C:   000001AA  A$lab3-1steering$1372              lab3_1steering
C:   000001AA  C$lab3_1steering.c$121$3$42        lab3_1steering
C:   000001AC  A$lab3-1steering$1373              lab3_1steering
C:   000001AE  A$lab3-1steering$1374              lab3_1steering
C:   000001B0  A$lab3-1steering$1375              lab3_1steering
C:   000001B2  A$lab3-1steering$1376              lab3_1steering
C:   000001B4  A$lab3-1steering$1377              lab3_1steering
C:   000001B6  A$lab3-1steering$1378              lab3_1steering
C:   000001B8  A$lab3-1steering$1382              lab3_1steering
C:   000001B8  C$lab3_1steering.c$124$1$39        lab3_1steering
C:   000001BA  A$lab3-1steering$1383              lab3_1steering
C:   000001BD  A$lab3-1steering$1386              lab3_1steering
C:   000001BD  C$lab3_1steering.c$128$2$43        lab3_1steering
C:   000001BE  A$lab3-1steering$1387              lab3_1steering
C:   000001C0  A$lab3-1steering$1388              lab3_1steering
C:   000001C2  A$lab3-1steering$1389              lab3_1steering
C:   000001C4  A$lab3-1steering$1390              lab3_1steering
C:   000001C6  A$lab3-1steering$1391              lab3_1steering
C:   000001C8  A$lab3-1steering$1394              lab3_1steering
C:   000001C8  C$lab3_1steering.c$130$3$44        lab3_1steering
C:   000001CB  A$lab3-1steering$1395              lab3_1steering
C:   000001CE  A$lab3-1steering$1396              lab3_1steering
C:   000001D0  A$lab3-1steering$1400              lab3_1steering
C:   000001D0  C$lab3_1steering.c$134$3$45        lab3_1steering
C:   000001D2  A$lab3-1steering$1401              lab3_1steering
C:   000001D4  A$lab3-1steering$1402              lab3_1steering
C:   000001D6  A$lab3-1steering$1403              lab3_1steering
C:   000001D7  A$lab3-1steering$1404              lab3_1steering
C:   000001D9  A$lab3-1steering$1405              lab3_1steering
C:   000001DB  A$lab3-1steering$1409              lab3_1steering
C:   000001DB  C$lab3_1steering.c$137$1$39        lab3_1steering
C:   000001DD  A$lab3-1steering$1410              lab3_1steering
C:   000001DF  A$lab3-1steering$1411              lab3_1steering
C:   000001E1  A$lab3-1steering$1412              lab3_1steering
C:   000001E3  A$lab3-1steering$1413              lab3_1steering
C:   000001E5  A$lab3-1steering$1414              lab3_1steering
C:   000001E7  A$lab3-1steering$1415              lab3_1steering
C:   000001E9  A$lab3-1steering$1416              lab3_1steering
C:   000001EB  A$lab3-1steering$1417              lab3_1steering
C:   000001EE  A$lab3-1steering$1418              lab3_1steering
C:   000001F0  A$lab3-1steering$1419              lab3_1steering
ASxxxx Linker V03.00 + NoICE + sdld,  page 32.
Hexadecimal  [32-Bits]

Area                                    Addr        Size        Decimal Bytes (Attributes)
--------------------------------        ----        ----        ------- ----- ------------
CSEG                                000000B6    0000078B =        1931. bytes (REL,CON,CODE)

      Value  Global                              Global Defined In Module
      -----  --------------------------------   ------------------------
C:   000001F2  A$lab3-1steering$1420              lab3_1steering
C:   000001F4  A$lab3-1steering$1423              lab3_1steering
C:   000001F4  C$lab3_1steering.c$138$1$39        lab3_1steering
C:   000001F6  A$lab3-1steering$1424              lab3_1steering
C:   000001F8  A$lab3-1steering$1425              lab3_1steering
C:   000001F9  A$lab3-1steering$1426              lab3_1steering
C:   000001FA  A$lab3-1steering$1427              lab3_1steering
C:   000001FC  A$lab3-1steering$1430              lab3_1steering
C:   000001FC  C$lab3_1steering.c$139$1$39        lab3_1steering
C:   000001FE  A$lab3-1steering$1431              lab3_1steering
C:   000001FF  A$lab3-1steering$1432              lab3_1steering
C:   00000201  A$lab3-1steering$1433              lab3_1steering
C:   00000203  A$lab3-1steering$1434              lab3_1steering
C:   00000205  A$lab3-1steering$1435              lab3_1steering
C:   00000206  A$lab3-1steering$1436              lab3_1steering
C:   00000208  A$lab3-1steering$1439              lab3_1steering
C:   00000208  C$lab3_1steering.c$141$1$39        lab3_1steering
C:   00000208  XG$Steering_Servo$0$0              lab3_1steering
C:   00000214  _vprintf                           vprintf
C:   0000022D  _printf                            vprintf
C:   000002FF  __print_format                     printf_large
C:   00000809  _strlen                            _strlen
C:   00000821  __gptrget                          _gptrget
C:   0000083D  __sdcc_external_startup            _startup

ASxxxx Linker V03.00 + NoICE + sdld,  page 33.
Hexadecimal  [32-Bits]

Area                                    Addr        Size        Decimal Bytes (Attributes)
--------------------------------        ----        ----        ------- ----- ------------
CONST                               00000841    0000003F =          63. bytes (REL,CON,CODE)

      Value  Global                              Global Defined In Module
      -----  --------------------------------   ------------------------
C:   00000841  Flab3_1steering$__str_0$0$0        lab3_1steering
C:   00000868  Flab3_1steering$__str_1$0$0        lab3_1steering

ASxxxx Linker V03.00 + NoICE + sdld,  page 34.

Files Linked                              [ module(s) ]

C:\Users\Michael\Documents\GitHub\LITEC\lab3-1\lab3-1steering.rel
                                          [  ]


Libraries Linked                          [ object file ]

C:\Program Files (x86)\SDCC\bin\..\lib\small/mcs51.lib
                                          [ crtclear.rel ]
C:\Program Files (x86)\SDCC\bin\..\lib\small/mcs51.lib
                                          [ crtxinit.rel ]
C:\Program Files (x86)\SDCC\bin\..\lib\small/mcs51.lib
                                          [ crtxclear.rel ]
C:\Program Files (x86)\SDCC\bin\..\lib\small/libsdcc.lib
                                          [ vprintf.rel ]
C:\Program Files (x86)\SDCC\bin\..\lib\small/libsdcc.lib
                                          [ printf_large.rel ]
C:\Program Files (x86)\SDCC\bin\..\lib\small/libsdcc.lib
                                          [ _strlen.rel ]
C:\Program Files (x86)\SDCC\bin\..\lib\small/mcs51.lib
                                          [ crtstart.rel ]
C:\Program Files (x86)\SDCC\bin\..\lib\small/libsdcc.lib
                                          [ _gptrget.rel ]
C:\Program Files (x86)\SDCC\bin\..\lib\small/libsdcc.lib
                                          [ _startup.rel ]
C:\Program Files (x86)\SDCC\bin\..\lib\small/libsdcc.lib
                                          [ _bp.rel ]

ASxxxx Linker V03.00 + NoICE + sdld,  page 35.

User Base Address Definitions

HOME = 0x0000
XSEG = 0x0001
PSEG = 0x0001
ISEG = 0x0000
BSEG = 0x0000

