ASxxxx Linker V03.00 + NoICE + sdld,  page 1.
Hexadecimal  [32-Bits]

Area                                    Addr        Size        Decimal Bytes (Attributes)
--------------------------------        ----        ----        ------- ----- ------------
CABS                                00000000    00000000 =           0. bytes (ABS,CON,CODE)

      Value  Global                              Global Defined In Module
      -----  --------------------------------   ------------------------
C:   00000000  l_BIT_BANK                      
C:   00000000  l_CABS                          
C:   00000000  l_GSINIT1                       
C:   00000000  l_GSINIT5                       
C:   00000000  l_IABS                          
C:   00000000  l_PSEG                          
C:   00000000  l_REG_BANK_1                    
C:   00000000  l_REG_BANK_2                    
C:   00000000  l_REG_BANK_3                    
C:   00000000  l_RSEG                          
C:   00000000  l_RSEG0                         
C:   00000000  l_RSEG1                         
C:   00000000  l_XABS                          
C:   00000000  l_XINIT                         
C:   00000000  l_XISEG                         
C:   00000000  l__CODE                         
C:   00000000  s_BSEG                          
C:   00000000  s_CABS                          
C:   00000000  s_DSEG                          
C:   00000000  s_HOME                          
C:   00000000  s_IABS                          
C:   00000000  s_REG_BANK_0                    
C:   00000000  s_RSEG                          
C:   00000000  s_RSEG0                         
C:   00000000  s_RSEG1                         
C:   00000000  s_XABS                          
C:   00000001  s_PSEG                          
C:   00000001  s_XSEG                          
C:   00000002  l_BSEG_BYTES                    
C:   00000003  l_GSFINAL                       
C:   00000003  l_GSINIT0                       
C:   00000006  l_ISEG                          
C:   00000006  l_OSEG                          
C:   00000008  l_REG_BANK_0                    
C:   00000008  s_REG_BANK_1                    
C:   0000000A  l_BSEG                          
C:   0000000A  l_GSINIT2                       
C:   00000010  s_REG_BANK_2                    
C:   00000011  s_OSEG                          
C:   00000017  s_ISEG                          
C:   00000018  s_BIT_BANK                      
C:   00000018  s_REG_BANK_3                    
C:   00000020  s_BSEG_BYTES                    
C:   00000020  s__CODE                         
C:   00000022  l_GSINIT3                       
C:   0000002A  l_GSINIT4                       
C:   0000003B  l_GSINIT                        
C:   00000050  l_XSEG                          
C:   00000051  l_HOME                          
C:   00000051  s_GSINIT0                       
ASxxxx Linker V03.00 + NoICE + sdld,  page 2.
Hexadecimal  [32-Bits]

Area                                    Addr        Size        Decimal Bytes (Attributes)
--------------------------------        ----        ----        ------- ----- ------------
CABS                                00000000    00000000 =           0. bytes (ABS,CON,CODE)

      Value  Global                              Global Defined In Module
      -----  --------------------------------   ------------------------
C:   00000051  s_XISEG                         
C:   00000054  s_GSINIT1                       
C:   00000054  s_GSINIT2                       
C:   0000005E  s_GSINIT3                       
C:   00000060  s_SSEG                          
C:   0000007D  l_DSEG                          
C:   00000080  s_GSINIT4                       
C:   0000008F  l_CONST                         
C:   000000A0  l_SSEG                          
C:   000000AA  s_GSINIT                        
C:   000000AA  s_GSINIT5                       
C:   000000E5  s_GSFINAL                       
C:   000000E8  s_CSEG                          
C:   00000100  l_IRAM                          
C:   00000DA4  l_CSEG                          
C:   00000E8C  s_CONST                         
C:   00000F1B  s_XINIT                         

ASxxxx Linker V03.00 + NoICE + sdld,  page 3.
Hexadecimal  [32-Bits]

Area                                    Addr        Size        Decimal Bytes (Attributes)
--------------------------------        ----        ----        ------- ----- ------------
.  .ABS.                            00000000    00000000 =           0. bytes (ABS,CON)

      Value  Global                              Global Defined In Module
      -----  --------------------------------   ------------------------
     00000000  .__.ABS.                           _startup
     00000080  G$P0$0$0                           lab6
     00000080  G$P0_0$0$0                         lab6
     00000080  _P0                                lab6
     00000080  _P0_0                              lab6
     00000081  G$P0_1$0$0                         lab6
     00000081  G$SP$0$0                           lab6
     00000081  _P0_1                              lab6
     00000081  _SP                                lab6
     00000082  G$DPL$0$0                          lab6
     00000082  G$P0_2$0$0                         lab6
     00000082  _DPL                               lab6
     00000082  _P0_2                              lab6
     00000083  G$BUS_SCL$0$0                      lab6
     00000083  G$DPH$0$0                          lab6
     00000083  G$P0_3$0$0                         lab6
     00000083  _BUS_SCL                           lab6
     00000083  _DPH                               lab6
     00000083  _P0_3                              lab6
     00000084  G$P0_4$0$0                         lab6
     00000084  G$P4$0$0                           lab6
     00000084  _P0_4                              lab6
     00000084  _P4                                lab6
     00000085  G$P0_5$0$0                         lab6
     00000085  G$P5$0$0                           lab6
     00000085  _P0_5                              lab6
     00000085  _P5                                lab6
     00000086  G$P0_6$0$0                         lab6
     00000086  G$P6$0$0                           lab6
     00000086  _P0_6                              lab6
     00000086  _P6                                lab6
     00000087  G$P0_7$0$0                         lab6
     00000087  G$PCON$0$0                         lab6
     00000087  _P0_7                              lab6
     00000087  _PCON                              lab6
     00000088  G$IT0$0$0                          lab6
     00000088  G$TCON$0$0                         lab6
     00000088  _IT0                               lab6
     00000088  _TCON                              lab6
     00000089  G$IE0$0$0                          lab6
     00000089  G$TMOD$0$0                         lab6
     00000089  _IE0                               lab6
     00000089  _TMOD                              lab6
     0000008A  G$IT1$0$0                          lab6
     0000008A  G$TL0$0$0                          lab6
     0000008A  _IT1                               lab6
     0000008A  _TL0                               lab6
     0000008B  G$IE1$0$0                          lab6
     0000008B  G$TL1$0$0                          lab6
     0000008B  _IE1                               lab6
ASxxxx Linker V03.00 + NoICE + sdld,  page 4.
Hexadecimal  [32-Bits]

Area                                    Addr        Size        Decimal Bytes (Attributes)
--------------------------------        ----        ----        ------- ----- ------------
.  .ABS.                            00000000    00000000 =           0. bytes (ABS,CON)

      Value  Global                              Global Defined In Module
      -----  --------------------------------   ------------------------
     0000008B  _TL1                               lab6
     0000008C  G$TH0$0$0                          lab6
     0000008C  G$TR0$0$0                          lab6
     0000008C  _TH0                               lab6
     0000008C  _TR0                               lab6
     0000008D  G$TF0$0$0                          lab6
     0000008D  G$TH1$0$0                          lab6
     0000008D  _TF0                               lab6
     0000008D  _TH1                               lab6
     0000008E  G$CKCON$0$0                        lab6
     0000008E  G$TR1$0$0                          lab6
     0000008E  _CKCON                             lab6
     0000008E  _TR1                               lab6
     0000008F  G$PSCTL$0$0                        lab6
     0000008F  G$TF1$0$0                          lab6
     0000008F  _PSCTL                             lab6
     0000008F  _TF1                               lab6
     00000090  G$P1$0$0                           lab6
     00000090  G$P1_0$0$0                         lab6
     00000090  _P1                                lab6
     00000090  _P1_0                              lab6
     00000091  G$P1_1$0$0                         lab6
     00000091  G$TMR3CN$0$0                       lab6
     00000091  _P1_1                              lab6
     00000091  _TMR3CN                            lab6
     00000092  G$P1_2$0$0                         lab6
     00000092  G$TMR3RLL$0$0                      lab6
     00000092  _P1_2                              lab6
     00000092  _TMR3RLL                           lab6
     00000093  G$P1_3$0$0                         lab6
     00000093  G$TMR3RLH$0$0                      lab6
     00000093  _P1_3                              lab6
     00000093  _TMR3RLH                           lab6
     00000094  G$P1_4$0$0                         lab6
     00000094  G$TMR3L$0$0                        lab6
     00000094  _P1_4                              lab6
     00000094  _TMR3L                             lab6
     00000095  G$P1_5$0$0                         lab6
     00000095  G$TMR3H$0$0                        lab6
     00000095  _P1_5                              lab6
     00000095  _TMR3H                             lab6
     00000096  G$P1_6$0$0                         lab6
     00000096  G$P7$0$0                           lab6
     00000096  _P1_6                              lab6
     00000096  _P7                                lab6
     00000097  G$P1_7$0$0                         lab6
     00000097  _P1_7                              lab6
     00000098  G$RI$0$0                           lab6
     00000098  G$RI0$0$0                          lab6
     00000098  G$SCON$0$0                         lab6
     00000098  G$SCON0$0$0                        lab6
ASxxxx Linker V03.00 + NoICE + sdld,  page 5.
Hexadecimal  [32-Bits]

Area                                    Addr        Size        Decimal Bytes (Attributes)
--------------------------------        ----        ----        ------- ----- ------------
.  .ABS.                            00000000    00000000 =           0. bytes (ABS,CON)

      Value  Global                              Global Defined In Module
      -----  --------------------------------   ------------------------
     00000098  _RI                                lab6
     00000098  _RI0                               lab6
     00000098  _SCON                              lab6
     00000098  _SCON0                             lab6
     00000099  G$SBUF$0$0                         lab6
     00000099  G$SBUF0$0$0                        lab6
     00000099  G$TI$0$0                           lab6
     00000099  G$TI0$0$0                          lab6
     00000099  _SBUF                              lab6
     00000099  _SBUF0                             lab6
     00000099  _TI                                lab6
     00000099  _TI0                               lab6
     0000009A  G$RB8$0$0                          lab6
     0000009A  G$RB80$0$0                         lab6
     0000009A  G$SPI0CFG$0$0                      lab6
     0000009A  _RB8                               lab6
     0000009A  _RB80                              lab6
     0000009A  _SPI0CFG                           lab6
     0000009B  G$SPI0DAT$0$0                      lab6
     0000009B  G$TB8$0$0                          lab6
     0000009B  G$TB80$0$0                         lab6
     0000009B  _SPI0DAT                           lab6
     0000009B  _TB8                               lab6
     0000009B  _TB80                              lab6
     0000009C  G$ADC1$0$0                         lab6
     0000009C  G$REN$0$0                          lab6
     0000009C  G$REN0$0$0                         lab6
     0000009C  _ADC1                              lab6
     0000009C  _REN                               lab6
     0000009C  _REN0                              lab6
     0000009D  G$MCE0$0$0                         lab6
     0000009D  G$SM2$0$0                          lab6
     0000009D  G$SM20$0$0                         lab6
     0000009D  G$SPI0CKR$0$0                      lab6
     0000009D  _MCE0                              lab6
     0000009D  _SM2                               lab6
     0000009D  _SM20                              lab6
     0000009D  _SPI0CKR                           lab6
     0000009E  G$CPT0CN$0$0                       lab6
     0000009E  G$SM1$0$0                          lab6
     0000009E  G$SM10$0$0                         lab6
     0000009E  _CPT0CN                            lab6
     0000009E  _SM1                               lab6
     0000009E  _SM10                              lab6
     0000009F  G$CPT1CN$0$0                       lab6
     0000009F  G$S0MODE$0$0                       lab6
     0000009F  G$SM0$0$0                          lab6
     0000009F  G$SM00$0$0                         lab6
     0000009F  _CPT1CN                            lab6
     0000009F  _S0MODE                            lab6
     0000009F  _SM0                               lab6
ASxxxx Linker V03.00 + NoICE + sdld,  page 6.
Hexadecimal  [32-Bits]

Area                                    Addr        Size        Decimal Bytes (Attributes)
--------------------------------        ----        ----        ------- ----- ------------
.  .ABS.                            00000000    00000000 =           0. bytes (ABS,CON)

      Value  Global                              Global Defined In Module
      -----  --------------------------------   ------------------------
     0000009F  _SM00                              lab6
     000000A0  G$P2$0$0                           lab6
     000000A0  G$P2_0$0$0                         lab6
     000000A0  _P2                                lab6
     000000A0  _P2_0                              lab6
     000000A1  G$EMI0TC$0$0                       lab6
     000000A1  G$P2_1$0$0                         lab6
     000000A1  _EMI0TC                            lab6
     000000A1  _P2_1                              lab6
     000000A2  G$P2_2$0$0                         lab6
     000000A2  _P2_2                              lab6
     000000A3  G$EMI0CF$0$0                       lab6
     000000A3  G$P2_3$0$0                         lab6
     000000A3  _EMI0CF                            lab6
     000000A3  _P2_3                              lab6
     000000A4  G$P0MDOUT$0$0                      lab6
     000000A4  G$P2_4$0$0                         lab6
     000000A4  G$PRT0CF$0$0                       lab6
     000000A4  _P0MDOUT                           lab6
     000000A4  _P2_4                              lab6
     000000A4  _PRT0CF                            lab6
     000000A5  G$P1MDOUT$0$0                      lab6
     000000A5  G$P2_5$0$0                         lab6
     000000A5  G$PRT1CF$0$0                       lab6
     000000A5  _P1MDOUT                           lab6
     000000A5  _P2_5                              lab6
     000000A5  _PRT1CF                            lab6
     000000A6  G$P2MDOUT$0$0                      lab6
     000000A6  G$P2_6$0$0                         lab6
     000000A6  G$PRT2CF$0$0                       lab6
     000000A6  _P2MDOUT                           lab6
     000000A6  _P2_6                              lab6
     000000A6  _PRT2CF                            lab6
     000000A7  G$P2_7$0$0                         lab6
     000000A7  G$P3MDOUT$0$0                      lab6
     000000A7  G$PRT3CF$0$0                       lab6
     000000A7  _P2_7                              lab6
     000000A7  _P3MDOUT                           lab6
     000000A7  _PRT3CF                            lab6
     000000A8  G$EX0$0$0                          lab6
     000000A8  G$IE$0$0                           lab6
     000000A8  _EX0                               lab6
     000000A8  _IE                                lab6
     000000A9  G$ET0$0$0                          lab6
     000000A9  G$SADDR0$0$0                       lab6
     000000A9  _ET0                               lab6
     000000A9  _SADDR0                            lab6
     000000AA  G$ADC1CN$0$0                       lab6
     000000AA  G$EX1$0$0                          lab6
     000000AA  _ADC1CN                            lab6
     000000AA  _EX1                               lab6
ASxxxx Linker V03.00 + NoICE + sdld,  page 7.
Hexadecimal  [32-Bits]

Area                                    Addr        Size        Decimal Bytes (Attributes)
--------------------------------        ----        ----        ------- ----- ------------
.  .ABS.                            00000000    00000000 =           0. bytes (ABS,CON)

      Value  Global                              Global Defined In Module
      -----  --------------------------------   ------------------------
     000000AB  G$ADC1CF$0$0                       lab6
     000000AB  G$ET1$0$0                          lab6
     000000AB  _ADC1CF                            lab6
     000000AB  _ET1                               lab6
     000000AC  G$AMX1SL$0$0                       lab6
     000000AC  G$ES$0$0                           lab6
     000000AC  G$ES0$0$0                          lab6
     000000AC  _AMX1SL                            lab6
     000000AC  _ES                                lab6
     000000AC  _ES0                               lab6
     000000AD  G$ET2$0$0                          lab6
     000000AD  G$P3IF$0$0                         lab6
     000000AD  _ET2                               lab6
     000000AD  _P3IF                              lab6
     000000AE  G$SADEN1$0$0                       lab6
     000000AE  _SADEN1                            lab6
     000000AF  G$EA$0$0                           lab6
     000000AF  G$EMI0CN$0$0                       lab6
     000000AF  G$_XPAGE$0$0                       lab6
     000000AF  _EA                                lab6
     000000AF  _EMI0CN                            lab6
     000000AF  __XPAGE                            lab6
     000000B0  G$P3$0$0                           lab6
     000000B0  G$P3_0$0$0                         lab6
     000000B0  _P3                                lab6
     000000B0  _P3_0                              lab6
     000000B1  G$OSCXCN$0$0                       lab6
     000000B1  G$P3_1$0$0                         lab6
     000000B1  _OSCXCN                            lab6
     000000B1  _P3_1                              lab6
     000000B2  G$OSCICN$0$0                       lab6
     000000B2  G$P3_2$0$0                         lab6
     000000B2  _OSCICN                            lab6
     000000B2  _P3_2                              lab6
     000000B3  G$P3_3$0$0                         lab6
     000000B3  _P3_3                              lab6
     000000B4  G$P3_4$0$0                         lab6
     000000B4  _P3_4                              lab6
     000000B5  G$P3_5$0$0                         lab6
     000000B5  G$P74OUT$0$0                       lab6
     000000B5  _P3_5                              lab6
     000000B5  _P74OUT                            lab6
     000000B6  G$FLSCL$0$0                        lab6
     000000B6  G$P3_6$0$0                         lab6
     000000B6  _FLSCL                             lab6
     000000B6  _P3_6                              lab6
     000000B7  G$FLACL$0$0                        lab6
     000000B7  G$P3_7$0$0                         lab6
     000000B7  _FLACL                             lab6
     000000B7  _P3_7                              lab6
     000000B8  G$IP$0$0                           lab6
ASxxxx Linker V03.00 + NoICE + sdld,  page 8.
Hexadecimal  [32-Bits]

Area                                    Addr        Size        Decimal Bytes (Attributes)
--------------------------------        ----        ----        ------- ----- ------------
.  .ABS.                            00000000    00000000 =           0. bytes (ABS,CON)

      Value  Global                              Global Defined In Module
      -----  --------------------------------   ------------------------
     000000B8  G$PX0$0$0                          lab6
     000000B8  _IP                                lab6
     000000B8  _PX0                               lab6
     000000B9  G$PT0$0$0                          lab6
     000000B9  G$SADEN0$0$0                       lab6
     000000B9  _PT0                               lab6
     000000B9  _SADEN0                            lab6
     000000BA  G$AMX0CF$0$0                       lab6
     000000BA  G$PX1$0$0                          lab6
     000000BA  _AMX0CF                            lab6
     000000BA  _PX1                               lab6
     000000BB  G$AMX0SL$0$0                       lab6
     000000BB  G$PT1$0$0                          lab6
     000000BB  _AMX0SL                            lab6
     000000BB  _PT1                               lab6
     000000BC  G$ADC0CF$0$0                       lab6
     000000BC  G$PS$0$0                           lab6
     000000BC  G$PS0$0$0                          lab6
     000000BC  _ADC0CF                            lab6
     000000BC  _PS                                lab6
     000000BC  _PS0                               lab6
     000000BD  G$P1MDIN$0$0                       lab6
     000000BD  G$PT2$0$0                          lab6
     000000BD  _P1MDIN                            lab6
     000000BD  _PT2                               lab6
     000000BE  G$ADC0L$0$0                        lab6
     000000BE  _ADC0L                             lab6
     000000BF  G$ADC0H$0$0                        lab6
     000000BF  _ADC0H                             lab6
     000000C0  G$BUS_TOE$0$0                      lab6
     000000C0  G$SMB0CN$0$0                       lab6
     000000C0  G$SMBTOE$0$0                       lab6
     000000C0  _BUS_TOE                           lab6
     000000C0  _SMB0CN                            lab6
     000000C0  _SMBTOE                            lab6
     000000C1  G$BUS_FTE$0$0                      lab6
     000000C1  G$SMB0STA$0$0                      lab6
     000000C1  G$SMBFTE$0$0                       lab6
     000000C1  _BUS_FTE                           lab6
     000000C1  _SMB0STA                           lab6
     000000C1  _SMBFTE                            lab6
     000000C2  G$AA$0$0                           lab6
     000000C2  G$BUS_AA$0$0                       lab6
     000000C2  G$SMB0DAT$0$0                      lab6
     000000C2  _AA                                lab6
     000000C2  _BUS_AA                            lab6
     000000C2  _SMB0DAT                           lab6
     000000C3  G$BUS_INT$0$0                      lab6
     000000C3  G$SI$0$0                           lab6
     000000C3  G$SMB0ADR$0$0                      lab6
     000000C3  _BUS_INT                           lab6
ASxxxx Linker V03.00 + NoICE + sdld,  page 9.
Hexadecimal  [32-Bits]

Area                                    Addr        Size        Decimal Bytes (Attributes)
--------------------------------        ----        ----        ------- ----- ------------
.  .ABS.                            00000000    00000000 =           0. bytes (ABS,CON)

      Value  Global                              Global Defined In Module
      -----  --------------------------------   ------------------------
     000000C3  _SI                                lab6
     000000C3  _SMB0ADR                           lab6
     000000C4  G$ADC0GTL$0$0                      lab6
     000000C4  G$BUS_STOP$0$0                     lab6
     000000C4  G$STO$0$0                          lab6
     000000C4  _ADC0GTL                           lab6
     000000C4  _BUS_STOP                          lab6
     000000C4  _STO                               lab6
     000000C5  G$ADC0GTH$0$0                      lab6
     000000C5  G$BUS_START$0$0                    lab6
     000000C5  G$STA$0$0                          lab6
     000000C5  _ADC0GTH                           lab6
     000000C5  _BUS_START                         lab6
     000000C5  _STA                               lab6
     000000C6  G$ADC0LTL$0$0                      lab6
     000000C6  G$BUS_EN$0$0                       lab6
     000000C6  G$ENSMB$0$0                        lab6
     000000C6  _ADC0LTL                           lab6
     000000C6  _BUS_EN                            lab6
     000000C6  _ENSMB                             lab6
     000000C7  G$ADC0LTH$0$0                      lab6
     000000C7  G$BUSY$0$0                         lab6
     000000C7  G$BUS_BUSY$0$0                     lab6
     000000C7  _ADC0LTH                           lab6
     000000C7  _BUSY                              lab6
     000000C7  _BUS_BUSY                          lab6
     000000C8  G$CPRL2$0$0                        lab6
     000000C8  G$T2CON$0$0                        lab6
     000000C8  _CPRL2                             lab6
     000000C8  _T2CON                             lab6
     000000C9  G$CT2$0$0                          lab6
     000000C9  G$T4CON$0$0                        lab6
     000000C9  _CT2                               lab6
     000000C9  _T4CON                             lab6
     000000CA  G$RCAP2L$0$0                       lab6
     000000CA  G$TR2$0$0                          lab6
     000000CA  _RCAP2L                            lab6
     000000CA  _TR2                               lab6
     000000CB  G$EXEN2$0$0                        lab6
     000000CB  G$RCAP2H$0$0                       lab6
     000000CB  _EXEN2                             lab6
     000000CB  _RCAP2H                            lab6
     000000CC  G$TCLK$0$0                         lab6
     000000CC  G$TL2$0$0                          lab6
     000000CC  _TCLK                              lab6
     000000CC  _TL2                               lab6
     000000CD  G$RCLK$0$0                         lab6
     000000CD  G$TH2$0$0                          lab6
     000000CD  _RCLK                              lab6
     000000CD  _TH2                               lab6
     000000CE  G$EXF2$0$0                         lab6
ASxxxx Linker V03.00 + NoICE + sdld,  page 10.
Hexadecimal  [32-Bits]

Area                                    Addr        Size        Decimal Bytes (Attributes)
--------------------------------        ----        ----        ------- ----- ------------
.  .ABS.                            00000000    00000000 =           0. bytes (ABS,CON)

      Value  Global                              Global Defined In Module
      -----  --------------------------------   ------------------------
     000000CE  _EXF2                              lab6
     000000CF  G$SMB0CR$0$0                       lab6
     000000CF  G$TF2$0$0                          lab6
     000000CF  _SMB0CR                            lab6
     000000CF  _TF2                               lab6
     000000D0  G$P$0$0                            lab6
     000000D0  G$PSW$0$0                          lab6
     000000D0  _P                                 lab6
     000000D0  _PSW                               lab6
     000000D1  G$F1$0$0                           lab6
     000000D1  G$REF0CN$0$0                       lab6
     000000D1  _F1                                lab6
     000000D1  _REF0CN                            lab6
     000000D2  G$DAC0L$0$0                        lab6
     000000D2  G$OV$0$0                           lab6
     000000D2  _DAC0L                             lab6
     000000D2  _OV                                lab6
     000000D3  G$DAC0H$0$0                        lab6
     000000D3  G$RS0$0$0                          lab6
     000000D3  _DAC0H                             lab6
     000000D3  _RS0                               lab6
     000000D4  G$DAC0CN$0$0                       lab6
     000000D4  G$RS1$0$0                          lab6
     000000D4  _DAC0CN                            lab6
     000000D4  _RS1                               lab6
     000000D5  G$DAC1L$0$0                        lab6
     000000D5  G$F0$0$0                           lab6
     000000D5  _DAC1L                             lab6
     000000D5  _F0                                lab6
     000000D6  G$AC$0$0                           lab6
     000000D6  G$DAC1H$0$0                        lab6
     000000D6  _AC                                lab6
     000000D6  _DAC1H                             lab6
     000000D7  G$CY$0$0                           lab6
     000000D7  G$DAC1CN$0$0                       lab6
     000000D7  _CY                                lab6
     000000D7  _DAC1CN                            lab6
     000000D8  G$CCF0$0$0                         lab6
     000000D8  G$PCA0CN$0$0                       lab6
     000000D8  _CCF0                              lab6
     000000D8  _PCA0CN                            lab6
     000000D9  G$CCF1$0$0                         lab6
     000000D9  G$PCA0MD$0$0                       lab6
     000000D9  _CCF1                              lab6
     000000D9  _PCA0MD                            lab6
     000000DA  G$CCF2$0$0                         lab6
     000000DA  G$PCA0CPM0$0$0                     lab6
     000000DA  _CCF2                              lab6
     000000DA  _PCA0CPM0                          lab6
     000000DB  G$CCF3$0$0                         lab6
     000000DB  G$PCA0CPM1$0$0                     lab6
ASxxxx Linker V03.00 + NoICE + sdld,  page 11.
Hexadecimal  [32-Bits]

Area                                    Addr        Size        Decimal Bytes (Attributes)
--------------------------------        ----        ----        ------- ----- ------------
.  .ABS.                            00000000    00000000 =           0. bytes (ABS,CON)

      Value  Global                              Global Defined In Module
      -----  --------------------------------   ------------------------
     000000DB  _CCF3                              lab6
     000000DB  _PCA0CPM1                          lab6
     000000DC  G$CCF4$0$0                         lab6
     000000DC  G$PCA0CPM2$0$0                     lab6
     000000DC  _CCF4                              lab6
     000000DC  _PCA0CPM2                          lab6
     000000DD  G$PCA0CPM3$0$0                     lab6
     000000DD  _PCA0CPM3                          lab6
     000000DE  G$CR$0$0                           lab6
     000000DE  G$PCA0CPM4$0$0                     lab6
     000000DE  _CR                                lab6
     000000DE  _PCA0CPM4                          lab6
     000000DF  G$CF$0$0                           lab6
     000000DF  _CF                                lab6
     000000E0  G$ACC$0$0                          lab6
     000000E0  _ACC                               lab6
     000000E1  G$XBR0$0$0                         lab6
     000000E1  _XBR0                              lab6
     000000E2  G$XBR1$0$0                         lab6
     000000E2  _XBR1                              lab6
     000000E3  G$XBR2$0$0                         lab6
     000000E3  _XBR2                              lab6
     000000E4  G$RCAP4L$0$0                       lab6
     000000E4  _RCAP4L                            lab6
     000000E5  G$RCAP4H$0$0                       lab6
     000000E5  _RCAP4H                            lab6
     000000E6  G$EIE1$0$0                         lab6
     000000E6  _EIE1                              lab6
     000000E7  G$EIE2$0$0                         lab6
     000000E7  _EIE2                              lab6
     000000E8  G$AD0LJST$0$0                      lab6
     000000E8  G$ADC0CN$0$0                       lab6
     000000E8  G$ADLJST$0$0                       lab6
     000000E8  _AD0LJST                           lab6
     000000E8  _ADC0CN                            lab6
     000000E8  _ADLJST                            lab6
     000000E9  G$AD0WINT$0$0                      lab6
     000000E9  G$ADWINT$0$0                       lab6
     000000E9  G$PCA0L$0$0                        lab6
     000000E9  _AD0WINT                           lab6
     000000E9  _ADWINT                            lab6
     000000E9  _PCA0L                             lab6
     000000EA  G$AD0CM0$0$0                       lab6
     000000EA  G$ADSTM0$0$0                       lab6
     000000EA  G$PCA0CPL0$0$0                     lab6
     000000EA  _AD0CM0                            lab6
     000000EA  _ADSTM0                            lab6
     000000EA  _PCA0CPL0                          lab6
     000000EB  G$AD0CM1$0$0                       lab6
     000000EB  G$ADSTM1$0$0                       lab6
     000000EB  G$PCA0CPL1$0$0                     lab6
ASxxxx Linker V03.00 + NoICE + sdld,  page 12.
Hexadecimal  [32-Bits]

Area                                    Addr        Size        Decimal Bytes (Attributes)
--------------------------------        ----        ----        ------- ----- ------------
.  .ABS.                            00000000    00000000 =           0. bytes (ABS,CON)

      Value  Global                              Global Defined In Module
      -----  --------------------------------   ------------------------
     000000EB  _AD0CM1                            lab6
     000000EB  _ADSTM1                            lab6
     000000EB  _PCA0CPL1                          lab6
     000000EC  G$AD0BUSY$0$0                      lab6
     000000EC  G$ADBUSY$0$0                       lab6
     000000EC  G$PCA0CPL2$0$0                     lab6
     000000EC  _AD0BUSY                           lab6
     000000EC  _ADBUSY                            lab6
     000000EC  _PCA0CPL2                          lab6
     000000ED  G$AD0INT$0$0                       lab6
     000000ED  G$ADCINT$0$0                       lab6
     000000ED  G$PCA0CPL3$0$0                     lab6
     000000ED  _AD0INT                            lab6
     000000ED  _ADCINT                            lab6
     000000ED  _PCA0CPL3                          lab6
     000000EE  G$AD0TM$0$0                        lab6
     000000EE  G$ADCTM$0$0                        lab6
     000000EE  G$PCA0CPL4$0$0                     lab6
     000000EE  _AD0TM                             lab6
     000000EE  _ADCTM                             lab6
     000000EE  _PCA0CPL4                          lab6
     000000EF  G$AD0EN$0$0                        lab6
     000000EF  G$ADCEN$0$0                        lab6
     000000EF  G$RSTSRC$0$0                       lab6
     000000EF  _AD0EN                             lab6
     000000EF  _ADCEN                             lab6
     000000EF  _RSTSRC                            lab6
     000000F0  G$B$0$0                            lab6
     000000F0  _B                                 lab6
     000000F1  G$SCON1$0$0                        lab6
     000000F1  _SCON1                             lab6
     000000F2  G$SBUF1$0$0                        lab6
     000000F2  _SBUF1                             lab6
     000000F3  G$SADDR1$0$0                       lab6
     000000F3  _SADDR1                            lab6
     000000F4  G$TL4$0$0                          lab6
     000000F4  _TL4                               lab6
     000000F5  G$TH4$0$0                          lab6
     000000F5  _B_5                               _gptrget
     000000F5  _TH4                               lab6
     000000F6  G$EIP1$0$0                         lab6
     000000F6  _B_6                               _gptrget
     000000F6  _EIP1                              lab6
     000000F7  G$EIP2$0$0                         lab6
     000000F7  _B_7                               _gptrget
     000000F7  _EIP2                              lab6
     000000F8  G$SPI0CN$0$0                       lab6
     000000F8  G$SPIEN$0$0                        lab6
     000000F8  _SPI0CN                            lab6
     000000F8  _SPIEN                             lab6
     000000F9  G$MSTEN$0$0                        lab6
ASxxxx Linker V03.00 + NoICE + sdld,  page 13.
Hexadecimal  [32-Bits]

Area                                    Addr        Size        Decimal Bytes (Attributes)
--------------------------------        ----        ----        ------- ----- ------------
.  .ABS.                            00000000    00000000 =           0. bytes (ABS,CON)

      Value  Global                              Global Defined In Module
      -----  --------------------------------   ------------------------
     000000F9  G$PCA0H$0$0                        lab6
     000000F9  _MSTEN                             lab6
     000000F9  _PCA0H                             lab6
     000000FA  G$PCA0CPH0$0$0                     lab6
     000000FA  G$SLVSEL$0$0                       lab6
     000000FA  _PCA0CPH0                          lab6
     000000FA  _SLVSEL                            lab6
     000000FB  G$PCA0CPH1$0$0                     lab6
     000000FB  G$TXBSY$0$0                        lab6
     000000FB  _PCA0CPH1                          lab6
     000000FB  _TXBSY                             lab6
     000000FC  G$PCA0CPH2$0$0                     lab6
     000000FC  G$RXOVRN$0$0                       lab6
     000000FC  _PCA0CPH2                          lab6
     000000FC  _RXOVRN                            lab6
     000000FD  G$MODF$0$0                         lab6
     000000FD  G$PCA0CPH3$0$0                     lab6
     000000FD  _MODF                              lab6
     000000FD  _PCA0CPH3                          lab6
     000000FE  G$PCA0CPH4$0$0                     lab6
     000000FE  G$WCOL$0$0                         lab6
     000000FE  _PCA0CPH4                          lab6
     000000FE  _WCOL                              lab6
     000000FF  G$SPIF$0$0                         lab6
     000000FF  G$WDTCN$0$0                        lab6
     000000FF  _SPIF                              lab6
     000000FF  _WDTCN                             lab6
     00008C8A  G$TMR0$0$0                         lab6
     00008C8A  _TMR0                              lab6
     00008D8B  G$TMR1$0$0                         lab6
     00008D8B  _TMR1                              lab6
     00009392  G$TMR3RL$0$0                       lab6
     00009392  _TMR3RL                            lab6
     00009594  G$TMR3$0$0                         lab6
     00009594  _TMR3                              lab6
     0000BFBE  G$ADC0$0$0                         lab6
     0000BFBE  _ADC0                              lab6
     0000C5C4  G$ADC0GT$0$0                       lab6
     0000C5C4  _ADC0GT                            lab6
     0000C7C6  G$ADC0LT$0$0                       lab6
     0000C7C6  _ADC0LT                            lab6
     0000CBCA  G$RCAP2$0$0                        lab6
     0000CBCA  _RCAP2                             lab6
     0000CDCC  G$TMR2$0$0                         lab6
     0000CDCC  _TMR2                              lab6
     0000D3D2  G$DAC0$0$0                         lab6
     0000D3D2  _DAC0                              lab6
     0000D6D5  G$DAC1$0$0                         lab6
     0000D6D5  _DAC1                              lab6
     0000E5E4  G$RCAP4$0$0                        lab6
     0000E5E4  _RCAP4                             lab6
ASxxxx Linker V03.00 + NoICE + sdld,  page 14.
Hexadecimal  [32-Bits]

Area                                    Addr        Size        Decimal Bytes (Attributes)
--------------------------------        ----        ----        ------- ----- ------------
.  .ABS.                            00000000    00000000 =           0. bytes (ABS,CON)

      Value  Global                              Global Defined In Module
      -----  --------------------------------   ------------------------
     0000F5F4  G$TMR4$0$0                         lab6
     0000F5F4  _TMR4                              lab6
     0000F9E9  G$PCA0$0$0                         lab6
     0000F9E9  _PCA0                              lab6
     0000FAEA  G$PCA0CP0$0$0                      lab6
     0000FAEA  _PCA0CP0                           lab6
     0000FBEB  G$PCA0CP1$0$0                      lab6
     0000FBEB  _PCA0CP1                           lab6
     0000FCEC  G$PCA0CP2$0$0                      lab6
     0000FCEC  _PCA0CP2                           lab6
     0000FDED  G$PCA0CP3$0$0                      lab6
     0000FDED  _PCA0CP3                           lab6
     0000FEEE  G$PCA0CP4$0$0                      lab6
     0000FEEE  _PCA0CP4                           lab6

ASxxxx Linker V03.00 + NoICE + sdld,  page 15.
Hexadecimal  [32-Bits]

Area                                    Addr        Size        Decimal Bytes (Attributes)
--------------------------------        ----        ----        ------- ----- ------------
BSEG_BYTES                          00000020    00000002 =           2. bytes (REL,CON)

      Value  Global                              Global Defined In Module
      -----  --------------------------------   ------------------------
ASxxxx Linker V03.00 + NoICE + sdld,  page 16.
Hexadecimal  [32-Bits]

Area                                    Addr        Size        Decimal Bytes (Attributes)
--------------------------------        ----        ----        ------- ----- ------------
REG_BANK_0                          00000000    00000008 =           8. bytes (REL,OVR)

      Value  Global                              Global Defined In Module
      -----  --------------------------------   ------------------------
ASxxxx Linker V03.00 + NoICE + sdld,  page 17.
Hexadecimal  [32-Bits]

Area                                    Addr        Size        Decimal Bytes (Attributes)
--------------------------------        ----        ----        ------- ----- ------------
DSEG                                00000000    0000007D =         125. bytes (REL,CON)

      Value  Global                              Global Defined In Module
      -----  --------------------------------   ------------------------
     00000008  _vsprintf_PARM_2                   sprintf
     0000000B  _vsprintf_PARM_3                   sprintf
     0000000F  _bp                                _bp
     00000010  _vprintf_PARM_2                    vprintf
     00000022  Llab6.lcd_clear$NumBytes$1$77      lab6
     00000023  Llab6.lcd_clear$Cmd$1$77           lab6
     00000025  Llab6.read_keypad$Data$1$78        lab6
     00000027  Llab6.i2c_write_data$start_reg$1   lab6
     00000027  _i2c_write_data_PARM_2             lab6
     00000028  Llab6.i2c_write_data$buffer$1$97   lab6
     00000028  _i2c_write_data_PARM_3             lab6
     0000002B  Llab6.i2c_write_data$num_bytes$1   lab6
     0000002B  _i2c_write_data_PARM_4             lab6
     0000002C  Llab6.i2c_read_data$start_reg$1$   lab6
     0000002C  _i2c_read_data_PARM_2              lab6
     0000002D  Llab6.i2c_read_data$buffer$1$99    lab6
     0000002D  _i2c_read_data_PARM_3              lab6
     00000030  Llab6.i2c_read_data$num_bytes$1$   lab6
     00000030  _i2c_read_data_PARM_4              lab6
     00000031  Llab6.Accel_Init$Data2$1$103       lab6
     00000032  G$count$0$0                        lab6
     00000032  _count                             lab6
     00000034  G$PW_MIN_THRUST$0$0                lab6
     00000034  _PW_MIN_THRUST                     lab6
     00000036  G$PW_NUET_THRUST$0$0               lab6
     00000036  _PW_NUET_THRUST                    lab6
     00000038  G$PW_MAX_THRUST$0$0                lab6
     00000038  _PW_MAX_THRUST                     lab6
     0000003A  G$PW_LEFT_RUDDER$0$0               lab6
     0000003A  _PW_LEFT_RUDDER                    lab6
     0000003C  G$PW_CENTER_RUDDER$0$0             lab6
     0000003C  _PW_CENTER_RUDDER                  lab6
     0000003E  G$PW_RIGHT_RUDDER$0$0              lab6
     0000003E  _PW_RIGHT_RUDDER                   lab6
     00000040  G$PW_UP_ANGLE$0$0                  lab6
     00000040  _PW_UP_ANGLE                       lab6
     00000042  G$PW_CENTER_ANGLE$0$0              lab6
     00000042  _PW_CENTER_ANGLE                   lab6
     00000044  G$PW_DOWN_ANGLE$0$0                lab6
     00000044  _PW_DOWN_ANGLE                     lab6
     00000052  __print_format_PARM_2              printf_large
     00000055  __print_format_PARM_3              printf_large
     00000058  __print_format_PARM_4              printf_large

ASxxxx Linker V03.00 + NoICE + sdld,  page 18.
Hexadecimal  [32-Bits]

Area                                    Addr        Size        Decimal Bytes (Attributes)
--------------------------------        ----        ----        ------- ----- ------------
OSEG                                00000011    00000006 =           6. bytes (REL,OVR)

      Value  Global                              Global Defined In Module
      -----  --------------------------------   ------------------------
     00000011  __gptrput_PARM_2                   _gptrput
     00000011  __mulint_PARM_2                    _mulint

ASxxxx Linker V03.00 + NoICE + sdld,  page 19.
Hexadecimal  [32-Bits]

Area                                    Addr        Size        Decimal Bytes (Attributes)
--------------------------------        ----        ----        ------- ----- ------------
ISEG                                00000017    00000006 =           6. bytes (REL,CON)

      Value  Global                              Global Defined In Module
      -----  --------------------------------   ------------------------
ASxxxx Linker V03.00 + NoICE + sdld,  page 20.
Hexadecimal  [32-Bits]

Area                                    Addr        Size        Decimal Bytes (Attributes)
--------------------------------        ----        ----        ------- ----- ------------
SSEG                                00000060    000000A0 =         160. bytes (REL,OVR)

      Value  Global                              Global Defined In Module
      -----  --------------------------------   ------------------------
     00000060  __start__stack                     lab6

ASxxxx Linker V03.00 + NoICE + sdld,  page 21.
Hexadecimal  [32-Bits]

Area                                    Addr        Size        Decimal Bytes (Attributes)
--------------------------------        ----        ----        ------- ----- ------------
XSEG                                00000001    00000050 =          80. bytes (REL,CON,XDATA)

      Value  Global                              Global Defined In Module
      -----  --------------------------------   ------------------------
D:   00000001  Llab6.lcd_print$text$1$73          lab6

ASxxxx Linker V03.00 + NoICE + sdld,  page 22.
Hexadecimal  [32-Bits]

Area                                    Addr        Size        Decimal Bytes (Attributes)
--------------------------------        ----        ----        ------- ----- ------------
HOME                                00000000    00000051 =          81. bytes (REL,CON,CODE)

      Value  Global                              Global Defined In Module
      -----  --------------------------------   ------------------------
C:   00000000  A$lab6$1058                        lab6
C:   00000003  A$lab6$1059                        lab6
C:   0000000B  A$lab6$1061                        lab6
C:   00000013  A$lab6$1063                        lab6
C:   0000001B  A$lab6$1065                        lab6
C:   00000023  A$lab6$1067                        lab6
C:   0000002B  A$lab6$1069                        lab6
C:   00000033  A$lab6$1071                        lab6
C:   0000003B  A$lab6$1073                        lab6
C:   00000043  A$lab6$1075                        lab6
C:   0000004B  A$lab6$1077                        lab6
C:   0000004E  A$lab6$1140                        lab6
C:   0000004E  __sdcc_program_startup             lab6

ASxxxx Linker V03.00 + NoICE + sdld,  page 23.
Hexadecimal  [32-Bits]

Area                                    Addr        Size        Decimal Bytes (Attributes)
--------------------------------        ----        ----        ------- ----- ------------
GSINIT0                             00000051    00000003 =           3. bytes (REL,CON,CODE)

      Value  Global                              Global Defined In Module
      -----  --------------------------------   ------------------------
C:   00000051  __sdcc_gsinit_startup              

ASxxxx Linker V03.00 + NoICE + sdld,  page 24.
Hexadecimal  [32-Bits]

Area                                    Addr        Size        Decimal Bytes (Attributes)
--------------------------------        ----        ----        ------- ----- ------------
GSINIT2                             00000054    0000000A =          10. bytes (REL,CON,CODE)

      Value  Global                              Global Defined In Module
      -----  --------------------------------   ------------------------
ASxxxx Linker V03.00 + NoICE + sdld,  page 25.
Hexadecimal  [32-Bits]

Area                                    Addr        Size        Decimal Bytes (Attributes)
--------------------------------        ----        ----        ------- ----- ------------
GSINIT3                             0000005E    00000022 =          34. bytes (REL,CON,CODE)

      Value  Global                              Global Defined In Module
      -----  --------------------------------   ------------------------
C:   0000005E  __mcs51_genXINIT                   

ASxxxx Linker V03.00 + NoICE + sdld,  page 26.
Hexadecimal  [32-Bits]

Area                                    Addr        Size        Decimal Bytes (Attributes)
--------------------------------        ----        ----        ------- ----- ------------
GSINIT4                             00000080    0000002A =          42. bytes (REL,CON,CODE)

      Value  Global                              Global Defined In Module
      -----  --------------------------------   ------------------------
C:   00000080  __mcs51_genRAMCLEAR                
C:   00000086  __mcs51_genXRAMCLEAR               

ASxxxx Linker V03.00 + NoICE + sdld,  page 27.
Hexadecimal  [32-Bits]

Area                                    Addr        Size        Decimal Bytes (Attributes)
--------------------------------        ----        ----        ------- ----- ------------
GSINIT                              000000AA    0000003B =          59. bytes (REL,CON,CODE)

      Value  Global                              Global Defined In Module
      -----  --------------------------------   ------------------------
C:   000000AA  A$lab6$1093                        lab6
C:   000000AA  C$lab6.c$33$1$132                  lab6
C:   000000AB  A$lab6$1094                        lab6
C:   000000AD  A$lab6$1095                        lab6
C:   000000AF  A$lab6$1098                        lab6
C:   000000AF  C$lab6.c$34$1$132                  lab6
C:   000000B2  A$lab6$1099                        lab6
C:   000000B5  A$lab6$1102                        lab6
C:   000000B5  C$lab6.c$35$1$132                  lab6
C:   000000B8  A$lab6$1103                        lab6
C:   000000BB  A$lab6$1106                        lab6
C:   000000BB  C$lab6.c$36$1$132                  lab6
C:   000000BE  A$lab6$1107                        lab6
C:   000000C1  A$lab6$1110                        lab6
C:   000000C1  C$lab6.c$38$1$132                  lab6
C:   000000C4  A$lab6$1111                        lab6
C:   000000C7  A$lab6$1114                        lab6
C:   000000C7  C$lab6.c$39$1$132                  lab6
C:   000000CA  A$lab6$1115                        lab6
C:   000000CD  A$lab6$1118                        lab6
C:   000000CD  C$lab6.c$40$1$132                  lab6
C:   000000D0  A$lab6$1119                        lab6
C:   000000D3  A$lab6$1122                        lab6
C:   000000D3  C$lab6.c$42$1$132                  lab6
C:   000000D6  A$lab6$1123                        lab6
C:   000000D9  A$lab6$1126                        lab6
C:   000000D9  C$lab6.c$43$1$132                  lab6
C:   000000DC  A$lab6$1127                        lab6
C:   000000DF  A$lab6$1130                        lab6
C:   000000DF  C$lab6.c$44$1$132                  lab6
C:   000000E2  A$lab6$1131                        lab6

ASxxxx Linker V03.00 + NoICE + sdld,  page 28.
Hexadecimal  [32-Bits]

Area                                    Addr        Size        Decimal Bytes (Attributes)
--------------------------------        ----        ----        ------- ----- ------------
GSFINAL                             000000E5    00000003 =           3. bytes (REL,CON,CODE)

      Value  Global                              Global Defined In Module
      -----  --------------------------------   ------------------------
C:   000000E5  A$lab6$1133                        lab6

ASxxxx Linker V03.00 + NoICE + sdld,  page 29.
Hexadecimal  [32-Bits]

Area                                    Addr        Size        Decimal Bytes (Attributes)
--------------------------------        ----        ----        ------- ----- ------------
CSEG                                000000E8    00000DA4 =        3492. bytes (REL,CON,CODE)

      Value  Global                              Global Defined In Module
      -----  --------------------------------   ------------------------
C:   000000E8  A$lab6$1168                        lab6
C:   000000E8  C$c8051_SDCC.h$42$0$0              lab6
C:   000000E8  C$c8051_SDCC.h$46$1$31             lab6
C:   000000E8  G$SYSCLK_Init$0$0                  lab6
C:   000000E8  _SYSCLK_Init                       lab6
C:   000000EB  A$lab6$1171                        lab6
C:   000000EB  C$c8051_SDCC.h$49$1$31             lab6
C:   000000ED  A$lab6$1172                        lab6
C:   000000EF  A$lab6$1174                        lab6
C:   000000F0  A$lab6$1175                        lab6
C:   000000F3  A$lab6$1176                        lab6
C:   000000F4  A$lab6$1178                        lab6
C:   000000F5  A$lab6$1179                        lab6
C:   000000F6  A$lab6$1180                        lab6
C:   000000F8  A$lab6$1184                        lab6
C:   000000F8  C$c8051_SDCC.h$51$1$31             lab6
C:   000000FA  A$lab6$1185                        lab6
C:   000000FD  A$lab6$1188                        lab6
C:   000000FD  C$c8051_SDCC.h$53$1$31             lab6
C:   00000100  A$lab6$1191                        lab6
C:   00000100  C$c8051_SDCC.h$56$1$31             lab6
C:   00000100  XG$SYSCLK_Init$0$0                 lab6
C:   00000101  A$lab6$1204                        lab6
C:   00000101  C$c8051_SDCC.h$64$1$31             lab6
C:   00000101  C$c8051_SDCC.h$66$1$33             lab6
C:   00000101  G$UART0_Init$0$0                   lab6
C:   00000101  _UART0_Init                        lab6
C:   00000104  A$lab6$1207                        lab6
C:   00000104  C$c8051_SDCC.h$67$1$33             lab6
C:   00000107  A$lab6$1210                        lab6
C:   00000107  C$c8051_SDCC.h$68$1$33             lab6
C:   0000010A  A$lab6$1213                        lab6
C:   0000010A  C$c8051_SDCC.h$69$1$33             lab6
C:   0000010C  A$lab6$1216                        lab6
C:   0000010C  C$c8051_SDCC.h$70$1$33             lab6
C:   0000010F  A$lab6$1219                        lab6
C:   0000010F  C$c8051_SDCC.h$71$1$33             lab6
C:   00000112  A$lab6$1222                        lab6
C:   00000112  C$c8051_SDCC.h$73$1$33             lab6
C:   00000114  A$lab6$1225                        lab6
C:   00000114  C$c8051_SDCC.h$74$1$33             lab6
C:   00000117  A$lab6$1228                        lab6
C:   00000117  C$c8051_SDCC.h$75$1$33             lab6
C:   00000117  XG$UART0_Init$0$0                  lab6
C:   00000118  A$lab6$1241                        lab6
C:   00000118  C$c8051_SDCC.h$83$1$33             lab6
C:   00000118  C$c8051_SDCC.h$85$1$35             lab6
C:   00000118  G$Sys_Init$0$0                     lab6
C:   00000118  _Sys_Init                          lab6
C:   0000011B  A$lab6$1244                        lab6
ASxxxx Linker V03.00 + NoICE + sdld,  page 30.
Hexadecimal  [32-Bits]

Area                                    Addr        Size        Decimal Bytes (Attributes)
--------------------------------        ----        ----        ------- ----- ------------
CSEG                                000000E8    00000DA4 =        3492. bytes (REL,CON,CODE)

      Value  Global                              Global Defined In Module
      -----  --------------------------------   ------------------------
C:   0000011B  C$c8051_SDCC.h$86$1$35             lab6
C:   0000011E  A$lab6$1247                        lab6
C:   0000011E  C$c8051_SDCC.h$88$1$35             lab6
C:   00000121  A$lab6$1250                        lab6
C:   00000121  C$c8051_SDCC.h$89$1$35             lab6
C:   00000124  A$lab6$1253                        lab6
C:   00000124  C$c8051_SDCC.h$91$1$35             lab6
C:   00000127  A$lab6$1256                        lab6
C:   00000127  C$c8051_SDCC.h$92$1$35             lab6
C:   0000012A  A$lab6$1259                        lab6
C:   0000012A  C$c8051_SDCC.h$93$1$35             lab6
C:   0000012A  XG$Sys_Init$0$0                    lab6
C:   0000012B  A$lab6$1272                        lab6
C:   0000012B  C$c8051_SDCC.h$98$1$35             lab6
C:   0000012B  G$putchar$0$0                      lab6
C:   0000012B  _putchar                           lab6
C:   0000012D  A$lab6$1278                        lab6
C:   0000012D  C$c8051_SDCC.h$100$1$37            lab6
C:   0000012D  C$c8051_SDCC.h$101$1$37            lab6
C:   00000130  A$lab6$1279                        lab6
C:   00000132  A$lab6$1283                        lab6
C:   00000132  C$c8051_SDCC.h$102$1$37            lab6
C:   00000134  A$lab6$1286                        lab6
C:   00000134  C$c8051_SDCC.h$103$1$37            lab6
C:   00000134  XG$putchar$0$0                     lab6
C:   00000135  A$lab6$1304                        lab6
C:   00000135  C$c8051_SDCC.h$108$1$37            lab6
C:   00000135  C$c8051_SDCC.h$111$1$39            lab6
C:   00000135  C$c8051_SDCC.h$112$1$39            lab6
C:   00000135  G$getchar$0$0                      lab6
C:   00000135  _getchar                           lab6
C:   00000138  A$lab6$1305                        lab6
C:   0000013A  A$lab6$1309                        lab6
C:   0000013A  C$c8051_SDCC.h$113$1$39            lab6
C:   0000013D  A$lab6$1312                        lab6
C:   0000013D  C$c8051_SDCC.h$114$1$39            lab6
C:   00000140  A$lab6$1315                        lab6
C:   00000140  C$c8051_SDCC.h$115$1$39            lab6
C:   00000143  A$lab6$1318                        lab6
C:   00000143  C$c8051_SDCC.h$116$1$39            lab6
C:   00000143  XG$getchar$0$0                     lab6
C:   00000144  A$lab6$1335                        lab6
C:   00000144  C$i2c.h$81$1$39                    lab6
C:   00000144  G$lcd_print$0$0                    lab6
C:   00000144  _lcd_print                         lab6
C:   00000146  A$lab6$1336                        lab6
C:   00000149  A$lab6$1339                        lab6
C:   00000149  C$i2c.h$87$1$73                    lab6
C:   0000014B  A$lab6$1340                        lab6
C:   0000014D  A$lab6$1341                        lab6
C:   0000014E  A$lab6$1342                        lab6
ASxxxx Linker V03.00 + NoICE + sdld,  page 31.
Hexadecimal  [32-Bits]

Area                                    Addr        Size        Decimal Bytes (Attributes)
--------------------------------        ----        ----        ------- ----- ------------
CSEG                                000000E8    00000DA4 =        3492. bytes (REL,CON,CODE)

      Value  Global                              Global Defined In Module
      -----  --------------------------------   ------------------------
C:   00000150  A$lab6$1343                        lab6
C:   00000151  A$lab6$1344                        lab6
C:   00000153  A$lab6$1345                        lab6
C:   00000154  A$lab6$1346                        lab6
C:   00000156  A$lab6$1347                        lab6
C:   00000159  A$lab6$1348                        lab6
C:   0000015B  A$lab6$1349                        lab6
C:   0000015E  A$lab6$1350                        lab6
C:   00000160  A$lab6$1351                        lab6
C:   00000162  A$lab6$1352                        lab6
C:   00000164  A$lab6$1356                        lab6
C:   00000164  C$i2c.h$89$2$74                    lab6
C:   00000166  A$lab6$1357                        lab6
C:   00000168  A$lab6$1358                        lab6
C:   00000169  A$lab6$1359                        lab6
C:   0000016B  A$lab6$1362                        lab6
C:   0000016B  C$i2c.h$90$1$73                    lab6
C:   0000016D  A$lab6$1363                        lab6
C:   0000016F  A$lab6$1364                        lab6
C:   00000170  A$lab6$1365                        lab6
C:   00000172  A$lab6$1366                        lab6
C:   00000173  A$lab6$1367                        lab6
C:   00000175  A$lab6$1368                        lab6
C:   00000176  A$lab6$1369                        lab6
C:   00000178  A$lab6$1370                        lab6
C:   0000017B  A$lab6$1371                        lab6
C:   0000017E  A$lab6$1372                        lab6
C:   00000181  A$lab6$1375                        lab6
C:   00000181  C$i2c.h$93$1$73                    lab6
C:   00000184  A$lab6$1376                        lab6
C:   00000187  A$lab6$1377                        lab6
C:   0000018A  A$lab6$1378                        lab6
C:   0000018C  A$lab6$1381                        lab6
C:   0000018E  A$lab6$1383                        lab6
C:   0000018F  A$lab6$1384                        lab6
C:   00000190  A$lab6$1385                        lab6
C:   00000191  A$lab6$1386                        lab6
C:   00000193  A$lab6$1389                        lab6
C:   00000193  C$i2c.h$96$2$76                    lab6
C:   00000194  A$lab6$1390                        lab6
C:   00000196  A$lab6$1391                        lab6
C:   00000198  A$lab6$1392                        lab6
C:   00000199  A$lab6$1393                        lab6
C:   0000019B  A$lab6$1394                        lab6
C:   0000019D  A$lab6$1395                        lab6
C:   0000019E  A$lab6$1396                        lab6
C:   0000019F  A$lab6$1397                        lab6
C:   000001A2  A$lab6$1398                        lab6
C:   000001A3  A$lab6$1399                        lab6
C:   000001A5  A$lab6$1400                        lab6
C:   000001A7  A$lab6$1401                        lab6
ASxxxx Linker V03.00 + NoICE + sdld,  page 32.
Hexadecimal  [32-Bits]

Area                                    Addr        Size        Decimal Bytes (Attributes)
--------------------------------        ----        ----        ------- ----- ------------
CSEG                                000000E8    00000DA4 =        3492. bytes (REL,CON,CODE)

      Value  Global                              Global Defined In Module
      -----  --------------------------------   ------------------------
C:   000001A8  A$lab6$1402                        lab6
C:   000001AA  A$lab6$1403                        lab6
C:   000001AC  A$lab6$1404                        lab6
C:   000001AE  A$lab6$1405                        lab6
C:   000001AF  A$lab6$1409                        lab6
C:   000001AF  C$i2c.h$94$1$73                    lab6
C:   000001B0  A$lab6$1410                        lab6
C:   000001B2  A$lab6$1414                        lab6
C:   000001B2  C$i2c.h$99$1$73                    lab6
C:   000001B5  A$lab6$1415                        lab6
C:   000001B8  A$lab6$1416                        lab6
C:   000001BB  A$lab6$1417                        lab6
C:   000001BE  A$lab6$1418                        lab6
C:   000001C0  A$lab6$1419                        lab6
C:   000001C3  A$lab6$1420                        lab6
C:   000001C6  A$lab6$1422                        lab6
C:   000001C8  A$lab6$1425                        lab6
C:   000001C8  C$i2c.h$100$1$73                   lab6
C:   000001C8  XG$lcd_print$0$0                   lab6
C:   000001C9  A$lab6$1441                        lab6
C:   000001C9  C$i2c.h$103$1$73                   lab6
C:   000001C9  C$i2c.h$105$1$73                   lab6
C:   000001C9  G$lcd_clear$0$0                    lab6
C:   000001C9  _lcd_clear                         lab6
C:   000001CC  A$lab6$1445                        lab6
C:   000001CC  C$i2c.h$107$1$77                   lab6
C:   000001CE  A$lab6$1446                        lab6
C:   000001D0  A$lab6$1447                        lab6
C:   000001D2  A$lab6$1448                        lab6
C:   000001D5  A$lab6$1449                        lab6
C:   000001D8  A$lab6$1450                        lab6
C:   000001DB  A$lab6$1451                        lab6
C:   000001DE  A$lab6$1452                        lab6
C:   000001E1  A$lab6$1453                        lab6
C:   000001E4  A$lab6$1454                        lab6
C:   000001E7  A$lab6$1455                        lab6
C:   000001E9  A$lab6$1459                        lab6
C:   000001E9  C$i2c.h$109$1$77                   lab6
C:   000001EC  A$lab6$1462                        lab6
C:   000001EC  C$i2c.h$110$1$77                   lab6
C:   000001EF  A$lab6$1463                        lab6
C:   000001F2  A$lab6$1464                        lab6
C:   000001F5  A$lab6$1465                        lab6
C:   000001F8  A$lab6$1466                        lab6
C:   000001FB  A$lab6$1467                        lab6
C:   000001FE  A$lab6$1468                        lab6
C:   00000201  A$lab6$1471                        lab6
C:   00000201  C$i2c.h$111$1$77                   lab6
C:   00000201  XG$lcd_clear$0$0                   lab6
C:   00000202  A$lab6$1487                        lab6
C:   00000202  C$i2c.h$114$1$77                   lab6
ASxxxx Linker V03.00 + NoICE + sdld,  page 33.
Hexadecimal  [32-Bits]

Area                                    Addr        Size        Decimal Bytes (Attributes)
--------------------------------        ----        ----        ------- ----- ------------
CSEG                                000000E8    00000DA4 =        3492. bytes (REL,CON,CODE)

      Value  Global                              Global Defined In Module
      -----  --------------------------------   ------------------------
C:   00000202  C$i2c.h$118$1$78                   lab6
C:   00000202  G$read_keypad$0$0                  lab6
C:   00000202  _read_keypad                       lab6
C:   00000205  A$lab6$1488                        lab6
C:   00000208  A$lab6$1489                        lab6
C:   0000020B  A$lab6$1490                        lab6
C:   0000020E  A$lab6$1491                        lab6
C:   00000211  A$lab6$1492                        lab6
C:   00000214  A$lab6$1493                        lab6
C:   00000217  A$lab6$1496                        lab6
C:   00000217  C$i2c.h$119$1$78                   lab6
C:   00000219  A$lab6$1497                        lab6
C:   0000021C  A$lab6$1498                        lab6
C:   0000021F  A$lab6$1499                        lab6
C:   00000221  A$lab6$1503                        lab6
C:   00000223  A$lab6$1504                        lab6
C:   00000225  A$lab6$1508                        lab6
C:   00000225  C$i2c.h$123$2$79                   lab6
C:   00000227  A$lab6$1509                        lab6
C:   00000229  A$lab6$1510                        lab6
C:   0000022B  A$lab6$1511                        lab6
C:   0000022D  A$lab6$1512                        lab6
C:   0000022F  A$lab6$1514                        lab6
C:   00000230  A$lab6$1515                        lab6
C:   00000231  A$lab6$1516                        lab6
C:   00000232  A$lab6$1517                        lab6
C:   00000233  A$lab6$1518                        lab6
C:   00000234  A$lab6$1519                        lab6
C:   00000235  A$lab6$1521                        lab6
C:   00000238  A$lab6$1522                        lab6
C:   0000023A  A$lab6$1523                        lab6
C:   0000023C  A$lab6$1524                        lab6
C:   0000023D  A$lab6$1525                        lab6
C:   0000023F  A$lab6$1526                        lab6
C:   00000240  A$lab6$1527                        lab6
C:   00000242  A$lab6$1528                        lab6
C:   00000243  A$lab6$1529                        lab6
C:   00000244  A$lab6$1530                        lab6
C:   00000246  A$lab6$1533                        lab6
C:   00000246  C$i2c.h$124$2$79                   lab6
C:   00000248  A$lab6$1534                        lab6
C:   00000249  A$lab6$1535                        lab6
C:   0000024B  A$lab6$1536                        lab6
C:   0000024D  A$lab6$1540                        lab6
C:   0000024D  C$i2c.h$121$1$78                   lab6
C:   0000024E  A$lab6$1541                        lab6
C:   00000250  A$lab6$1542                        lab6
C:   00000253  A$lab6$1544                        lab6
C:   00000255  A$lab6$1547                        lab6
C:   00000255  C$i2c.h$127$1$78                   lab6
C:   00000257  A$lab6$1548                        lab6
ASxxxx Linker V03.00 + NoICE + sdld,  page 34.
Hexadecimal  [32-Bits]

Area                                    Addr        Size        Decimal Bytes (Attributes)
--------------------------------        ----        ----        ------- ----- ------------
CSEG                                000000E8    00000DA4 =        3492. bytes (REL,CON,CODE)

      Value  Global                              Global Defined In Module
      -----  --------------------------------   ------------------------
C:   0000025A  A$lab6$1549                        lab6
C:   0000025D  A$lab6$1550                        lab6
C:   0000025F  A$lab6$1554                        lab6
C:   0000025F  C$i2c.h$129$1$78                   lab6
C:   00000261  A$lab6$1555                        lab6
C:   00000264  A$lab6$1556                        lab6
C:   00000267  A$lab6$1557                        lab6
C:   00000269  A$lab6$1561                        lab6
C:   00000269  C$i2c.h$131$1$78                   lab6
C:   0000026B  A$lab6$1562                        lab6
C:   0000026E  A$lab6$1563                        lab6
C:   00000271  A$lab6$1564                        lab6
C:   00000273  A$lab6$1568                        lab6
C:   00000273  C$i2c.h$133$1$78                   lab6
C:   00000275  A$lab6$1569                        lab6
C:   00000278  A$lab6$1570                        lab6
C:   0000027B  A$lab6$1571                        lab6
C:   0000027D  A$lab6$1575                        lab6
C:   0000027D  C$i2c.h$135$1$78                   lab6
C:   00000280  A$lab6$1579                        lab6
C:   00000280  C$i2c.h$136$1$78                   lab6
C:   00000280  XG$read_keypad$0$0                 lab6
C:   00000281  A$lab6$1595                        lab6
C:   00000281  C$i2c.h$148$1$78                   lab6
C:   00000281  G$kpd_input$0$0                    lab6
C:   00000281  _kpd_input                         lab6
C:   00000283  A$lab6$1600                        lab6
C:   00000283  C$i2c.h$153$1$81                   lab6
C:   00000283  C$i2c.h$156$1$81                   lab6
C:   00000284  A$lab6$1601                        lab6
C:   00000285  A$lab6$1602                        lab6
C:   00000286  A$lab6$1603                        lab6
C:   00000287  A$lab6$1604                        lab6
C:   00000289  A$lab6$1605                        lab6
C:   0000028B  A$lab6$1606                        lab6
C:   0000028D  A$lab6$1607                        lab6
C:   0000028F  A$lab6$1608                        lab6
C:   00000291  A$lab6$1609                        lab6
C:   00000293  A$lab6$1610                        lab6
C:   00000295  A$lab6$1611                        lab6
C:   00000297  A$lab6$1612                        lab6
C:   00000299  A$lab6$1613                        lab6
C:   0000029C  A$lab6$1614                        lab6
C:   0000029E  A$lab6$1615                        lab6
C:   000002A0  A$lab6$1616                        lab6
C:   000002A2  A$lab6$1617                        lab6
C:   000002A4  A$lab6$1618                        lab6
C:   000002A6  A$lab6$1622                        lab6
C:   000002A6  C$i2c.h$158$1$81                   lab6
C:   000002A8  A$lab6$1623                        lab6
C:   000002AA  A$lab6$1624                        lab6
ASxxxx Linker V03.00 + NoICE + sdld,  page 35.
Hexadecimal  [32-Bits]

Area                                    Addr        Size        Decimal Bytes (Attributes)
--------------------------------        ----        ----        ------- ----- ------------
CSEG                                000000E8    00000DA4 =        3492. bytes (REL,CON,CODE)

      Value  Global                              Global Defined In Module
      -----  --------------------------------   ------------------------
C:   000002AC  A$lab6$1625                        lab6
C:   000002AE  A$lab6$1626                        lab6
C:   000002AF  A$lab6$1627                        lab6
C:   000002B1  A$lab6$1628                        lab6
C:   000002B3  A$lab6$1629                        lab6
C:   000002B5  A$lab6$1630                        lab6
C:   000002B6  A$lab6$1631                        lab6
C:   000002B8  A$lab6$1632                        lab6
C:   000002BA  A$lab6$1633                        lab6
C:   000002BC  A$lab6$1634                        lab6
C:   000002BD  A$lab6$1635                        lab6
C:   000002BF  A$lab6$1636                        lab6
C:   000002C1  A$lab6$1637                        lab6
C:   000002C3  A$lab6$1638                        lab6
C:   000002C4  A$lab6$1639                        lab6
C:   000002C6  A$lab6$1640                        lab6
C:   000002C8  A$lab6$1641                        lab6
C:   000002CA  A$lab6$1642                        lab6
C:   000002CB  A$lab6$1643                        lab6
C:   000002CD  A$lab6$1644                        lab6
C:   000002CF  A$lab6$1645                        lab6
C:   000002D1  A$lab6$1646                        lab6
C:   000002D3  A$lab6$1647                        lab6
C:   000002D5  A$lab6$1648                        lab6
C:   000002D7  A$lab6$1649                        lab6
C:   000002D9  A$lab6$1650                        lab6
C:   000002DC  A$lab6$1651                        lab6
C:   000002DE  A$lab6$1652                        lab6
C:   000002E0  A$lab6$1653                        lab6
C:   000002E2  A$lab6$1656                        lab6
C:   000002E2  C$i2c.h$160$1$81                   lab6
C:   000002E5  A$lab6$1657                        lab6
C:   000002E8  A$lab6$1658                        lab6
C:   000002E9  A$lab6$1659                        lab6
C:   000002EC  A$lab6$1660                        lab6
C:   000002EE  A$lab6$1661                        lab6
C:   000002F0  A$lab6$1664                        lab6
C:   000002F2  A$lab6$1668                        lab6
C:   000002F2  C$i2c.h$166$3$84                   lab6
C:   000002F4  A$lab6$1669                        lab6
C:   000002F6  A$lab6$1670                        lab6
C:   000002F8  A$lab6$1671                        lab6
C:   000002FB  A$lab6$1672                        lab6
C:   000002FD  A$lab6$1673                        lab6
C:   000002FF  A$lab6$1674                        lab6
C:   00000301  A$lab6$1675                        lab6
C:   00000303  A$lab6$1676                        lab6
C:   00000305  A$lab6$1677                        lab6
C:   00000308  A$lab6$1678                        lab6
C:   0000030A  A$lab6$1680                        lab6
C:   0000030D  A$lab6$1682                        lab6
ASxxxx Linker V03.00 + NoICE + sdld,  page 36.
Hexadecimal  [32-Bits]

Area                                    Addr        Size        Decimal Bytes (Attributes)
--------------------------------        ----        ----        ------- ----- ------------
CSEG                                000000E8    00000DA4 =        3492. bytes (REL,CON,CODE)

      Value  Global                              Global Defined In Module
      -----  --------------------------------   ------------------------
C:   00000310  A$lab6$1683                        lab6
C:   00000311  A$lab6$1684                        lab6
C:   00000313  A$lab6$1685                        lab6
C:   00000315  A$lab6$1686                        lab6
C:   00000317  A$lab6$1687                        lab6
C:   00000319  A$lab6$1688                        lab6
C:   0000031C  A$lab6$1689                        lab6
C:   0000031E  A$lab6$1690                        lab6
C:   00000320  A$lab6$1691                        lab6
C:   00000322  A$lab6$1692                        lab6
C:   00000324  A$lab6$1696                        lab6
C:   00000324  C$i2c.h$167$2$82                   lab6
C:   00000327  A$lab6$1700                        lab6
C:   00000327  C$i2c.h$169$3$83                   lab6
C:   00000329  A$lab6$1701                        lab6
C:   0000032B  A$lab6$1702                        lab6
C:   0000032E  A$lab6$1703                        lab6
C:   00000330  A$lab6$1704                        lab6
C:   00000332  A$lab6$1705                        lab6
C:   00000334  A$lab6$1706                        lab6
C:   00000337  A$lab6$1707                        lab6
C:   0000033A  A$lab6$1708                        lab6
C:   0000033B  A$lab6$1709                        lab6
C:   0000033D  A$lab6$1710                        lab6
C:   0000033F  A$lab6$1711                        lab6
C:   00000341  A$lab6$1712                        lab6
C:   00000344  A$lab6$1713                        lab6
C:   00000346  A$lab6$1714                        lab6
C:   00000348  A$lab6$1715                        lab6
C:   0000034A  A$lab6$1719                        lab6
C:   0000034A  C$i2c.h$170$3$83                   lab6
C:   0000034C  A$lab6$1720                        lab6
C:   0000034E  A$lab6$1721                        lab6
C:   00000351  A$lab6$1725                        lab6
C:   00000351  C$i2c.h$174$3$84                   lab6
C:   00000352  A$lab6$1726                        lab6
C:   00000353  A$lab6$1727                        lab6
C:   00000354  A$lab6$1728                        lab6
C:   00000356  A$lab6$1729                        lab6
C:   00000357  A$lab6$1730                        lab6
C:   00000359  A$lab6$1731                        lab6
C:   0000035B  A$lab6$1732                        lab6
C:   0000035D  A$lab6$1733                        lab6
C:   0000035F  A$lab6$1734                        lab6
C:   00000361  A$lab6$1735                        lab6
C:   00000363  A$lab6$1736                        lab6
[...]
--------------------------------        ----        ----        ------- ----- ------------
CSEG                                000000E8    00000DA4 =        3492. bytes (REL,CON,CODE)

      Value  Global                              Global Defined In Module
      -----  --------------------------------   ------------------------
C:   000005CD  C$lab6.c$54$1$113                  lab6
C:   000005D0  A$lab6$2330                        lab6
C:   000005D0  C$lab6.c$55$1$113                  lab6
C:   000005D3  A$lab6$2333                        lab6
C:   000005D3  C$lab6.c$56$1$113                  lab6
C:   000005D6  A$lab6$2336                        lab6
C:   000005D6  C$lab6.c$58$1$113                  lab6
C:   000005D7  A$lab6$2337                        lab6
C:   000005D9  A$lab6$2338                        lab6
C:   000005DB  A$lab6$2344                        lab6
C:   000005DB  C$lab6.c$60$1$113                  lab6
C:   000005DB  C$lab6.c$62$1$113                  lab6
C:   000005DE  A$lab6$2345                        lab6
C:   000005E1  A$lab6$2346                        lab6
C:   000005E4  A$lab6$2347                        lab6
C:   000005E7  A$lab6$2348                        lab6
C:   000005E9  A$lab6$2349                        lab6
C:   000005EB  A$lab6$2350                        lab6
C:   000005ED  A$lab6$2351                        lab6
C:   000005EF  A$lab6$2352                        lab6
C:   000005F1  A$lab6$2353                        lab6
C:   000005F3  A$lab6$2354                        lab6
C:   000005F5  A$lab6$2355                        lab6
C:   000005F7  A$lab6$2356                        lab6
C:   000005F9  A$lab6$2357                        lab6
C:   000005FB  A$lab6$2358                        lab6
C:   000005FE  A$lab6$2359                        lab6
C:   00000600  A$lab6$2360                        lab6
C:   00000602  A$lab6$2361                        lab6
C:   00000604  A$lab6$2364                        lab6
C:   00000604  C$lab6.c$63$2$114                  lab6
C:   00000607  A$lab6$2365                        lab6
C:   00000609  A$lab6$2368                        lab6
C:   00000609  C$lab6.c$66$1$113                  lab6
C:   00000609  XG$main$0$0                        lab6
C:   0000060A  A$lab6$2383                        lab6
C:   0000060A  C$lab6.c$69$1$113                  lab6
C:   0000060A  C$lab6.c$72$1$116                  lab6
C:   0000060A  G$direction$0$0                    lab6
C:   0000060A  _direction                         lab6
C:   0000060B  A$lab6$2384                        lab6
C:   0000060D  A$lab6$2385                        lab6
C:   0000060F  A$lab6$2389                        lab6
C:   0000060F  C$lab6.c$73$1$116                  lab6
C:   00000610  A$lab6$2390                        lab6
C:   00000612  A$lab6$2391                        lab6
C:   00000614  A$lab6$2392                        lab6
C:   00000616  A$lab6$2393                        lab6
C:   00000618  A$lab6$2394                        lab6
C:   0000061A  A$lab6$2395                        lab6
C:   0000061C  A$lab6$2398                        lab6
ASxxxx Linker V03.00 + NoICE + sdld,  page 46.
Hexadecimal  [32-Bits]

Area                                    Addr        Size        Decimal Bytes (Attributes)
--------------------------------        ----        ----        ------- ----- ------------
CSEG                                000000E8    00000DA4 =        3492. bytes (REL,CON,CODE)

      Value  Global                              Global Defined In Module
      -----  --------------------------------   ------------------------
C:   0000061C  C$lab6.c$74$1$116                  lab6
C:   0000061F  A$lab6$2401                        lab6
C:   0000061F  C$lab6.c$75$1$116                  lab6
C:   00000621  A$lab6$2402                        lab6
C:   00000623  A$lab6$2403                        lab6
C:   00000625  A$lab6$2404                        lab6
C:   00000627  A$lab6$2405                        lab6
C:   00000629  A$lab6$2406                        lab6
C:   0000062B  A$lab6$2407                        lab6
C:   0000062E  A$lab6$2408                        lab6
C:   00000630  A$lab6$2409                        lab6
C:   00000632  A$lab6$2410                        lab6
C:   00000634  A$lab6$2413                        lab6
C:   00000634  C$lab6.c$76$1$116                  lab6
C:   00000637  A$lab6$2416                        lab6
C:   00000637  C$lab6.c$77$1$116                  lab6
C:   0000063A  A$lab6$2419                        lab6
C:   0000063A  C$lab6.c$78$1$116                  lab6
C:   0000063D  A$lab6$2420                        lab6
C:   00000640  A$lab6$2421                        lab6
C:   00000642  A$lab6$2422                        lab6
C:   00000644  A$lab6$2425                        lab6
C:   00000644  C$lab6.c$79$1$116                  lab6
C:   00000646  A$lab6$2426                        lab6
C:   00000648  A$lab6$2427                        lab6
C:   0000064B  A$lab6$2428                        lab6
C:   0000064D  A$lab6$2429                        lab6
C:   0000064F  A$lab6$2432                        lab6
C:   0000064F  C$lab6.c$80$1$116                  lab6
C:   00000651  A$lab6$2433                        lab6
C:   00000653  A$lab6$2434                        lab6
C:   00000655  A$lab6$2435                        lab6
C:   00000657  A$lab6$2436                        lab6
C:   00000659  A$lab6$2437                        lab6
C:   0000065B  A$lab6$2438                        lab6
C:   0000065D  A$lab6$2439                        lab6
C:   0000065F  A$lab6$2440                        lab6
C:   00000661  A$lab6$2441                        lab6
C:   00000663  A$lab6$2442                        lab6
C:   00000666  A$lab6$2443                        lab6
C:   00000668  A$lab6$2444                        lab6
C:   0000066A  A$lab6$2445                        lab6
C:   0000066C  A$lab6$2446                        lab6
C:   0000066E  A$lab6$2447                        lab6
C:   00000670  A$lab6$2450                        lab6
C:   00000670  C$lab6.c$81$1$116                  lab6
C:   00000672  A$lab6$2451                        lab6
C:   00000674  A$lab6$2452                        lab6
C:   00000676  A$lab6$2453                        lab6
C:   00000678  A$lab6$2454                        lab6
C:   0000067A  A$lab6$2455                        lab6
ASxxxx Linker V03.00 + NoICE + sdld,  page 47.
Hexadecimal  [32-Bits]

Area                                    Addr        Size        Decimal Bytes (Attributes)
--------------------------------        ----        ----        ------- ----- ------------
CSEG                                000000E8    00000DA4 =        3492. bytes (REL,CON,CODE)

      Value  Global                              Global Defined In Module
      -----  --------------------------------   ------------------------
C:   0000067C  A$lab6$2456                        lab6
C:   0000067E  A$lab6$2457                        lab6
C:   00000680  A$lab6$2458                        lab6
C:   00000682  A$lab6$2459                        lab6
C:   00000684  A$lab6$2460                        lab6
C:   00000687  A$lab6$2461                        lab6
C:   00000689  A$lab6$2462                        lab6
C:   0000068B  A$lab6$2463                        lab6
C:   0000068D  A$lab6$2464                        lab6
C:   0000068F  A$lab6$2465                        lab6
C:   00000691  A$lab6$2468                        lab6
C:   00000691  C$lab6.c$83$1$116                  lab6
C:   00000693  A$lab6$2469                        lab6
C:   00000695  A$lab6$2472                        lab6
C:   00000695  C$lab6.c$85$1$116                  lab6
C:   00000695  XG$direction$0$0                   lab6
C:   00000696  A$lab6$2486                        lab6
C:   00000696  C$lab6.c$87$1$116                  lab6
C:   00000696  C$lab6.c$89$1$118                  lab6
C:   00000696  G$start$0$0                        lab6
C:   00000696  _start                             lab6
C:   00000699  A$lab6$2487                        lab6
C:   0000069B  A$lab6$2488                        lab6
C:   0000069E  A$lab6$2489                        lab6
C:   000006A0  A$lab6$2491                        lab6
C:   000006A3  A$lab6$2492                        lab6
C:   000006A5  A$lab6$2496                        lab6
C:   000006A5  C$lab6.c$90$1$118                  lab6
C:   000006A5  XG$start$0$0                       lab6
C:   000006A6  A$lab6$2511                        lab6
C:   000006A6  C$lab6.c$94$1$118                  lab6
C:   000006A6  C$lab6.c$96$1$120                  lab6
C:   000006A6  G$wait$0$0                         lab6
C:   000006A6  _wait                              lab6
C:   000006A8  A$lab6$2512                        lab6
C:   000006AA  A$lab6$2513                        lab6
C:   000006AB  A$lab6$2514                        lab6
C:   000006AC  A$lab6$2515                        lab6
C:   000006AE  A$lab6$2516                        lab6
C:   000006AF  A$lab6$2520                        lab6
C:   000006AF  C$lab6.c$97$1$120                  lab6
C:   000006B0  A$lab6$2521                        lab6
C:   000006B2  A$lab6$2522                        lab6
C:   000006B3  A$lab6$2523                        lab6
C:   000006B5  A$lab6$2524                        lab6
C:   000006B7  A$lab6$2525                        lab6
C:   000006B9  A$lab6$2526                        lab6
C:   000006BC  A$lab6$2527                        lab6
C:   000006BE  A$lab6$2528                        lab6
C:   000006C0  A$lab6$2531                        lab6
C:   000006C0  C$lab6.c$98$1$120                  lab6
ASxxxx Linker V03.00 + NoICE + sdld,  page 48.
Hexadecimal  [32-Bits]

Area                                    Addr        Size        Decimal Bytes (Attributes)
--------------------------------        ----        ----        ------- ----- ------------
CSEG                                000000E8    00000DA4 =        3492. bytes (REL,CON,CODE)

      Value  Global                              Global Defined In Module
      -----  --------------------------------   ------------------------
C:   000006C0  XG$wait$0$0                        lab6
C:   000006C1  A$lab6$2544                        lab6
C:   000006C1  C$lab6.c$100$1$120                 lab6
C:   000006C1  C$lab6.c$102$1$122                 lab6
C:   000006C1  G$Port_Init$0$0                    lab6
C:   000006C1  _Port_Init                         lab6
C:   000006C3  A$lab6$2545                        lab6
C:   000006C5  A$lab6$2546                        lab6
C:   000006C6  A$lab6$2547                        lab6
C:   000006C8  A$lab6$2550                        lab6
C:   000006C8  C$lab6.c$104$1$122                 lab6
C:   000006CA  A$lab6$2551                        lab6
C:   000006CC  A$lab6$2552                        lab6
C:   000006CD  A$lab6$2553                        lab6
C:   000006CF  A$lab6$2556                        lab6
C:   000006CF  C$lab6.c$106$1$122                 lab6
C:   000006D2  A$lab6$2559                        lab6
C:   000006D2  C$lab6.c$107$1$122                 lab6
C:   000006D5  A$lab6$2562                        lab6
C:   000006D5  C$lab6.c$109$1$122                 lab6
C:   000006D8  A$lab6$2565                        lab6
C:   000006D8  C$lab6.c$112$1$122                 lab6
C:   000006D8  XG$Port_Init$0$0                   lab6
C:   000006D9  A$lab6$2578                        lab6
C:   000006D9  C$lab6.c$114$1$122                 lab6
C:   000006D9  C$lab6.c$116$1$124                 lab6
C:   000006D9  G$PCA_Init$0$0                     lab6
C:   000006D9  _PCA_Init                          lab6
C:   000006DC  A$lab6$2581                        lab6
C:   000006DC  C$lab6.c$117$1$124                 lab6
C:   000006DF  A$lab6$2584                        lab6
C:   000006DF  C$lab6.c$118$1$124                 lab6
C:   000006E2  A$lab6$2587                        lab6
C:   000006E2  C$lab6.c$119$1$124                 lab6
C:   000006E5  A$lab6$2590                        lab6
C:   000006E5  C$lab6.c$120$1$124                 lab6
C:   000006E8  A$lab6$2593                        lab6
C:   000006E8  C$lab6.c$121$1$124                 lab6
C:   000006EB  A$lab6$2596                        lab6
C:   000006EB  C$lab6.c$122$1$124                 lab6
C:   000006ED  A$lab6$2599                        lab6
C:   000006ED  C$lab6.c$123$1$124                 lab6
C:   000006ED  XG$PCA_Init$0$0                    lab6
C:   000006EE  A$lab6$2612                        lab6
C:   000006EE  C$lab6.c$126$1$124                 lab6
C:   000006EE  C$lab6.c$128$1$126                 lab6
C:   000006EE  G$XBR0_Init$0$0                    lab6
C:   000006EE  _XBR0_Init                         lab6
C:   000006F1  A$lab6$2615                        lab6
C:   000006F1  C$lab6.c$129$1$126                 lab6
C:   000006F1  XG$XBR0_Init$0$0                   lab6
ASxxxx Linker V03.00 + NoICE + sdld,  page 49.
Hexadecimal  [32-Bits]

Area                                    Addr        Size        Decimal Bytes (Attributes)
--------------------------------        ----        ----        ------- ----- ------------
CSEG                                000000E8    00000DA4 =        3492. bytes (REL,CON,CODE)

      Value  Global                              Global Defined In Module
      -----  --------------------------------   ------------------------
C:   000006F2  A$lab6$2628                        lab6
C:   000006F2  C$lab6.c$131$1$126                 lab6
C:   000006F2  C$lab6.c$133$1$128                 lab6
C:   000006F2  G$SMB_Init$0$0                     lab6
C:   000006F2  _SMB_Init                          lab6
C:   000006F5  A$lab6$2631                        lab6
C:   000006F5  C$lab6.c$134$1$128                 lab6
C:   000006F7  A$lab6$2634                        lab6
C:   000006F7  C$lab6.c$135$1$128                 lab6
C:   000006F7  XG$SMB_Init$0$0                    lab6
C:   000006F8  A$lab6$2647                        lab6
C:   000006F8  C$lab6.c$137$1$128                 lab6
C:   000006F8  C$lab6.c$139$1$130                 lab6
C:   000006F8  G$ADC_Init$0$0                     lab6
C:   000006F8  _ADC_Init                          lab6
C:   000006FB  A$lab6$2650                        lab6
C:   000006FB  C$lab6.c$140$1$130                 lab6
C:   000006FE  A$lab6$2653                        lab6
C:   000006FE  C$lab6.c$141$1$130                 lab6
C:   00000701  A$lab6$2656                        lab6
C:   00000701  C$lab6.c$142$1$130                 lab6
C:   00000701  XG$ADC_Init$0$0                    lab6
C:   00000702  A$lab6$2667                        lab6
C:   00000702  C$lab6.c$144$1$130                 lab6
C:   00000702  G$PCA_ISR$0$0                      lab6
C:   00000702  _PCA_ISR                           lab6
C:   00000704  A$lab6$2668                        lab6
C:   00000706  A$lab6$2673                        lab6
C:   00000706  C$lab6.c$147$1$132                 lab6
C:   00000706  C$lab6.c$149$2$133                 lab6
C:   00000709  A$lab6$2674                        lab6
C:   0000070B  A$lab6$2678                        lab6
C:   0000070B  C$lab6.c$150$2$133                 lab6
C:   0000070E  A$lab6$2679                        lab6
C:   00000711  A$lab6$2682                        lab6
C:   00000711  C$lab6.c$151$2$133                 lab6
C:   00000713  A$lab6$2683                        lab6
C:   00000714  A$lab6$2684                        lab6
C:   00000717  A$lab6$2685                        lab6
C:   00000719  A$lab6$2690                        lab6
C:   00000719  C$lab6.c$156$1$132                 lab6
C:   0000071C  A$lab6$2691                        lab6
C:   0000071E  A$lab6$2692                        lab6
C:   00000720  A$lab6$2695                        lab6
C:   00000720  C$lab6.c$157$1$132                 lab6
C:   00000720  XG$PCA_ISR$0$0                     lab6
C:   00000721  __gptrput                          _gptrput
C:   0000073C  __mulint                           _mulint
C:   0000073C  __mulint_dummy                     _mulint
C:   000007C9  _vsprintf                          sprintf
C:   00000806  _sprintf                           sprintf
ASxxxx Linker V03.00 + NoICE + sdld,  page 50.
Hexadecimal  [32-Bits]

Area                                    Addr        Size        Decimal Bytes (Attributes)
--------------------------------        ----        ----        ------- ----- ------------
CSEG                                000000E8    00000DA4 =        3492. bytes (REL,CON,CODE)

      Value  Global                              Global Defined In Module
      -----  --------------------------------   ------------------------
C:   0000085F  _vprintf                           vprintf
C:   00000878  _printf                            vprintf
C:   0000094A  __print_format                     printf_large
C:   00000E54  _strlen                            _strlen
C:   00000E6C  __gptrget                          _gptrget
C:   00000E88  __sdcc_external_startup            _startup

ASxxxx Linker V03.00 + NoICE + sdld,  page 51.
Hexadecimal  [32-Bits]

Area                                    Addr        Size        Decimal Bytes (Attributes)
--------------------------------        ----        ----        ------- ----- ------------
CONST                               00000E8C    0000008F =         143. bytes (REL,CON,CODE)

      Value  Global                              Global Defined In Module
      -----  --------------------------------   ------------------------
C:   00000E8C  Flab6$__str_0$0$0                  lab6
C:   00000EA2  Flab6$__str_1$0$0                  lab6
C:   00000EB2  Flab6$__str_2$0$0                  lab6
C:   00000EB5  Flab6$__str_3$0$0                  lab6
C:   00000EBD  Flab6$__str_4$0$0                  lab6
C:   00000EF1  Flab6$__str_5$0$0                  lab6
ASxxxx Linker V03.00 + NoICE + sdld,  page 52.

Files Linked                              [ module(s) ]

C:\Users\Michael\Documents\GitHub\LITEC\lab6\lab6.rel
                                          [  ]


Libraries Linked                          [ object file ]

C:\Program Files (x86)\SDCC\bin\..\lib\small/mcs51.lib
                                          [ crtclear.rel ]
C:\Program Files (x86)\SDCC\bin\..\lib\small/mcs51.lib
                                          [ crtxinit.rel ]
C:\Program Files (x86)\SDCC\bin\..\lib\small/libsdcc.lib
                                          [ _gptrput.rel ]
C:\Program Files (x86)\SDCC\bin\..\lib\small/libint.lib
                                          [ _mulint.rel ]
C:\Program Files (x86)\SDCC\bin\..\lib\small/libsdcc.lib
                                          [ sprintf.rel ]
C:\Program Files (x86)\SDCC\bin\..\lib\small/mcs51.lib
                                          [ crtxclear.rel ]
C:\Program Files (x86)\SDCC\bin\..\lib\small/libsdcc.lib
                                          [ _bp.rel ]
C:\Program Files (x86)\SDCC\bin\..\lib\small/libsdcc.lib
                                          [ vprintf.rel ]
C:\Program Files (x86)\SDCC\bin\..\lib\small/libsdcc.lib
                                          [ printf_large.rel ]
C:\Program Files (x86)\SDCC\bin\..\lib\small/libsdcc.lib
                                          [ _strlen.rel ]
C:\Program Files (x86)\SDCC\bin\..\lib\small/mcs51.lib
                                          [ crtstart.rel ]
C:\Program Files (x86)\SDCC\bin\..\lib\small/libsdcc.lib
                                          [ _gptrget.rel ]
C:\Program Files (x86)\SDCC\bin\..\lib\small/libsdcc.lib
                                          [ _startup.rel ]

ASxxxx Linker V03.00 + NoICE + sdld,  page 53.

User Base Address Definitions

HOME = 0x0000
XSEG = 0x0001
PSEG = 0x0001
ISEG = 0x0000
BSEG = 0x0000

