ASxxxx Linker V03.00 + NoICE + sdld,  page 1.
Hexadecimal  [32-Bits]

Area                                    Addr        Size        Decimal Bytes (Attributes)
--------------------------------        ----        ----        ------- ----- ------------
CABS                                00000000    00000000 =           0. bytes (ABS,CON,CODE)

      Value  Global                              Global Defined In Module
      -----  --------------------------------   ------------------------
C:   00000000  l_BIT_BANK                      
C:   00000000  l_CABS                          
C:   00000000  l_GSINIT1                       
C:   00000000  l_GSINIT5                       
C:   00000000  l_IABS                          
C:   00000000  l_PSEG                          
C:   00000000  l_REG_BANK_1                    
C:   00000000  l_REG_BANK_2                    
C:   00000000  l_REG_BANK_3                    
C:   00000000  l_RSEG                          
C:   00000000  l_RSEG0                         
C:   00000000  l_RSEG1                         
C:   00000000  l_XABS                          
C:   00000000  l_XINIT                         
C:   00000000  l_XISEG                         
C:   00000000  l_XSEG                          
C:   00000000  l__CODE                         
C:   00000000  s_BSEG                          
C:   00000000  s_CABS                          
C:   00000000  s_DSEG                          
C:   00000000  s_HOME                          
C:   00000000  s_IABS                          
C:   00000000  s_REG_BANK_0                    
C:   00000000  s_RSEG                          
C:   00000000  s_RSEG0                         
C:   00000000  s_RSEG1                         
C:   00000000  s_XABS                          
C:   00000001  s_PSEG                          
C:   00000001  s_XISEG                         
C:   00000001  s_XSEG                          
C:   00000002  l_BSEG_BYTES                    
C:   00000003  l_GSFINAL                       
C:   00000003  l_GSINIT0                       
C:   00000006  l_HOME                          
C:   00000006  l_ISEG                          
C:   00000006  l_OSEG                          
C:   00000006  s_GSINIT0                       
C:   00000008  l_REG_BANK_0                    
C:   00000008  s_REG_BANK_1                    
C:   00000009  s_GSINIT1                       
C:   00000009  s_GSINIT2                       
C:   0000000A  l_BSEG                          
C:   0000000A  l_GSINIT2                       
C:   0000000A  s_OSEG                          
C:   00000010  s_ISEG                          
C:   00000010  s_REG_BANK_2                    
C:   00000013  s_GSINIT3                       
C:   00000018  s_BIT_BANK                      
C:   00000018  s_REG_BANK_3                    
C:   00000020  s_BSEG_BYTES                    
ASxxxx Linker V03.00 + NoICE + sdld,  page 2.
Hexadecimal  [32-Bits]

Area                                    Addr        Size        Decimal Bytes (Attributes)
--------------------------------        ----        ----        ------- ----- ------------
CABS                                00000000    00000000 =           0. bytes (ABS,CON,CODE)

      Value  Global                              Global Defined In Module
      -----  --------------------------------   ------------------------
C:   00000020  s__CODE                         
C:   00000022  l_GSINIT3                       
C:   0000002A  l_GSINIT4                       
C:   00000035  s_GSINIT4                       
C:   0000005D  l_GSINIT                        
C:   0000005F  s_GSINIT                        
C:   0000005F  s_GSINIT5                       
C:   00000068  s_SSEG                          
C:   00000076  l_DSEG                          
C:   00000098  l_SSEG                          
C:   000000BC  s_GSFINAL                       
C:   000000BF  s_CSEG                          
C:   00000100  l_IRAM                          
C:   00000188  l_CONST                         
C:   00000ADE  l_CSEG                          
C:   00000B9D  s_CONST                         
C:   00000D25  s_XINIT                         

ASxxxx Linker V03.00 + NoICE + sdld,  page 3.
Hexadecimal  [32-Bits]

Area                                    Addr        Size        Decimal Bytes (Attributes)
--------------------------------        ----        ----        ------- ----- ------------
.  .ABS.                            00000000    00000000 =           0. bytes (ABS,CON)

      Value  Global                              Global Defined In Module
      -----  --------------------------------   ------------------------
     00000000  .__.ABS.                           _bp
     00000080  G$P0$0$0                           worksheet_11
     00000080  G$P0_0$0$0                         worksheet_11
     00000080  _P0                                worksheet_11
     00000080  _P0_0                              worksheet_11
     00000081  G$P0_1$0$0                         worksheet_11
     00000081  G$SP$0$0                           worksheet_11
     00000081  _P0_1                              worksheet_11
     00000081  _SP                                worksheet_11
     00000082  G$DPL$0$0                          worksheet_11
     00000082  G$P0_2$0$0                         worksheet_11
     00000082  _DPL                               worksheet_11
     00000082  _P0_2                              worksheet_11
     00000083  G$DPH$0$0                          worksheet_11
     00000083  G$P0_3$0$0                         worksheet_11
     00000083  _DPH                               worksheet_11
     00000083  _P0_3                              worksheet_11
     00000084  G$P0_4$0$0                         worksheet_11
     00000084  G$P4$0$0                           worksheet_11
     00000084  _P0_4                              worksheet_11
     00000084  _P4                                worksheet_11
     00000085  G$P0_5$0$0                         worksheet_11
     00000085  G$P5$0$0                           worksheet_11
     00000085  _P0_5                              worksheet_11
     00000085  _P5                                worksheet_11
     00000086  G$P0_6$0$0                         worksheet_11
     00000086  G$P6$0$0                           worksheet_11
     00000086  _P0_6                              worksheet_11
     00000086  _P6                                worksheet_11
     00000087  G$P0_7$0$0                         worksheet_11
     00000087  G$PCON$0$0                         worksheet_11
     00000087  _P0_7                              worksheet_11
     00000087  _PCON                              worksheet_11
     00000088  G$IT0$0$0                          worksheet_11
     00000088  G$TCON$0$0                         worksheet_11
     00000088  _IT0                               worksheet_11
     00000088  _TCON                              worksheet_11
     00000089  G$IE0$0$0                          worksheet_11
     00000089  G$TMOD$0$0                         worksheet_11
     00000089  _IE0                               worksheet_11
     00000089  _TMOD                              worksheet_11
     0000008A  G$IT1$0$0                          worksheet_11
     0000008A  G$TL0$0$0                          worksheet_11
     0000008A  _IT1                               worksheet_11
     0000008A  _TL0                               worksheet_11
     0000008B  G$IE1$0$0                          worksheet_11
     0000008B  G$TL1$0$0                          worksheet_11
     0000008B  _IE1                               worksheet_11
     0000008B  _TL1                               worksheet_11
     0000008C  G$TH0$0$0                          worksheet_11
ASxxxx Linker V03.00 + NoICE + sdld,  page 4.
Hexadecimal  [32-Bits]

Area                                    Addr        Size        Decimal Bytes (Attributes)
--------------------------------        ----        ----        ------- ----- ------------
.  .ABS.                            00000000    00000000 =           0. bytes (ABS,CON)

      Value  Global                              Global Defined In Module
      -----  --------------------------------   ------------------------
     0000008C  G$TR0$0$0                          worksheet_11
     0000008C  _TH0                               worksheet_11
     0000008C  _TR0                               worksheet_11
     0000008D  G$TF0$0$0                          worksheet_11
     0000008D  G$TH1$0$0                          worksheet_11
     0000008D  _TF0                               worksheet_11
     0000008D  _TH1                               worksheet_11
     0000008E  G$CKCON$0$0                        worksheet_11
     0000008E  G$TR1$0$0                          worksheet_11
     0000008E  _CKCON                             worksheet_11
     0000008E  _TR1                               worksheet_11
     0000008F  G$PSCTL$0$0                        worksheet_11
     0000008F  G$TF1$0$0                          worksheet_11
     0000008F  _PSCTL                             worksheet_11
     0000008F  _TF1                               worksheet_11
     00000090  G$P1$0$0                           worksheet_11
     00000090  G$P1_0$0$0                         worksheet_11
     00000090  _P1                                worksheet_11
     00000090  _P1_0                              worksheet_11
     00000091  G$P1_1$0$0                         worksheet_11
     00000091  G$TMR3CN$0$0                       worksheet_11
     00000091  _P1_1                              worksheet_11
     00000091  _TMR3CN                            worksheet_11
     00000092  G$P1_2$0$0                         worksheet_11
     00000092  G$TMR3RLL$0$0                      worksheet_11
     00000092  _P1_2                              worksheet_11
     00000092  _TMR3RLL                           worksheet_11
     00000093  G$P1_3$0$0                         worksheet_11
     00000093  G$TMR3RLH$0$0                      worksheet_11
     00000093  _P1_3                              worksheet_11
     00000093  _TMR3RLH                           worksheet_11
     00000094  G$P1_4$0$0                         worksheet_11
     00000094  G$TMR3L$0$0                        worksheet_11
     00000094  _P1_4                              worksheet_11
     00000094  _TMR3L                             worksheet_11
     00000095  G$P1_5$0$0                         worksheet_11
     00000095  G$TMR3H$0$0                        worksheet_11
     00000095  _P1_5                              worksheet_11
     00000095  _TMR3H                             worksheet_11
     00000096  G$P1_6$0$0                         worksheet_11
     00000096  G$P7$0$0                           worksheet_11
     00000096  _P1_6                              worksheet_11
     00000096  _P7                                worksheet_11
     00000097  G$P1_7$0$0                         worksheet_11
     00000097  _P1_7                              worksheet_11
     00000098  G$RI$0$0                           worksheet_11
     00000098  G$RI0$0$0                          worksheet_11
     00000098  G$SCON$0$0                         worksheet_11
     00000098  G$SCON0$0$0                        worksheet_11
     00000098  _RI                                worksheet_11
     00000098  _RI0                               worksheet_11
ASxxxx Linker V03.00 + NoICE + sdld,  page 5.
Hexadecimal  [32-Bits]

Area                                    Addr        Size        Decimal Bytes (Attributes)
--------------------------------        ----        ----        ------- ----- ------------
.  .ABS.                            00000000    00000000 =           0. bytes (ABS,CON)

      Value  Global                              Global Defined In Module
      -----  --------------------------------   ------------------------
     00000098  _SCON                              worksheet_11
     00000098  _SCON0                             worksheet_11
     00000099  G$SBUF$0$0                         worksheet_11
     00000099  G$SBUF0$0$0                        worksheet_11
     00000099  G$TI$0$0                           worksheet_11
     00000099  G$TI0$0$0                          worksheet_11
     00000099  _SBUF                              worksheet_11
     00000099  _SBUF0                             worksheet_11
     00000099  _TI                                worksheet_11
     00000099  _TI0                               worksheet_11
     0000009A  G$RB8$0$0                          worksheet_11
     0000009A  G$RB80$0$0                         worksheet_11
     0000009A  G$SPI0CFG$0$0                      worksheet_11
     0000009A  _RB8                               worksheet_11
     0000009A  _RB80                              worksheet_11
     0000009A  _SPI0CFG                           worksheet_11
     0000009B  G$SPI0DAT$0$0                      worksheet_11
     0000009B  G$TB8$0$0                          worksheet_11
     0000009B  G$TB80$0$0                         worksheet_11
     0000009B  _SPI0DAT                           worksheet_11
     0000009B  _TB8                               worksheet_11
     0000009B  _TB80                              worksheet_11
     0000009C  G$ADC1$0$0                         worksheet_11
     0000009C  G$REN$0$0                          worksheet_11
     0000009C  G$REN0$0$0                         worksheet_11
     0000009C  _ADC1                              worksheet_11
     0000009C  _REN                               worksheet_11
     0000009C  _REN0                              worksheet_11
     0000009D  G$MCE0$0$0                         worksheet_11
     0000009D  G$SM2$0$0                          worksheet_11
     0000009D  G$SM20$0$0                         worksheet_11
     0000009D  G$SPI0CKR$0$0                      worksheet_11
     0000009D  _MCE0                              worksheet_11
     0000009D  _SM2                               worksheet_11
     0000009D  _SM20                              worksheet_11
     0000009D  _SPI0CKR                           worksheet_11
     0000009E  G$CPT0CN$0$0                       worksheet_11
     0000009E  G$SM1$0$0                          worksheet_11
     0000009E  G$SM10$0$0                         worksheet_11
     0000009E  _CPT0CN                            worksheet_11
     0000009E  _SM1                               worksheet_11
     0000009E  _SM10                              worksheet_11
     0000009F  G$CPT1CN$0$0                       worksheet_11
     0000009F  G$S0MODE$0$0                       worksheet_11
     0000009F  G$SM0$0$0                          worksheet_11
     0000009F  G$SM00$0$0                         worksheet_11
     0000009F  _CPT1CN                            worksheet_11
     0000009F  _S0MODE                            worksheet_11
     0000009F  _SM0                               worksheet_11
     0000009F  _SM00                              worksheet_11
     000000A0  G$P2$0$0                           worksheet_11
ASxxxx Linker V03.00 + NoICE + sdld,  page 6.
Hexadecimal  [32-Bits]

Area                                    Addr        Size        Decimal Bytes (Attributes)
--------------------------------        ----        ----        ------- ----- ------------
.  .ABS.                            00000000    00000000 =           0. bytes (ABS,CON)

      Value  Global                              Global Defined In Module
      -----  --------------------------------   ------------------------
     000000A0  G$P2_0$0$0                         worksheet_11
     000000A0  _P2                                worksheet_11
     000000A0  _P2_0                              worksheet_11
     000000A1  G$EMI0TC$0$0                       worksheet_11
     000000A1  G$P2_1$0$0                         worksheet_11
     000000A1  _EMI0TC                            worksheet_11
     000000A1  _P2_1                              worksheet_11
     000000A2  G$P2_2$0$0                         worksheet_11
     000000A2  _P2_2                              worksheet_11
     000000A3  G$EMI0CF$0$0                       worksheet_11
     000000A3  G$P2_3$0$0                         worksheet_11
     000000A3  _EMI0CF                            worksheet_11
     000000A3  _P2_3                              worksheet_11
     000000A4  G$P0MDOUT$0$0                      worksheet_11
     000000A4  G$P2_4$0$0                         worksheet_11
     000000A4  G$PRT0CF$0$0                       worksheet_11
     000000A4  _P0MDOUT                           worksheet_11
     000000A4  _P2_4                              worksheet_11
     000000A4  _PRT0CF                            worksheet_11
     000000A5  G$P1MDOUT$0$0                      worksheet_11
     000000A5  G$P2_5$0$0                         worksheet_11
     000000A5  G$PRT1CF$0$0                       worksheet_11
     000000A5  _P1MDOUT                           worksheet_11
     000000A5  _P2_5                              worksheet_11
     000000A5  _PRT1CF                            worksheet_11
     000000A6  G$P2MDOUT$0$0                      worksheet_11
     000000A6  G$P2_6$0$0                         worksheet_11
     000000A6  G$PRT2CF$0$0                       worksheet_11
     000000A6  _P2MDOUT                           worksheet_11
     000000A6  _P2_6                              worksheet_11
     000000A6  _PRT2CF                            worksheet_11
     000000A7  G$P2_7$0$0                         worksheet_11
     000000A7  G$P3MDOUT$0$0                      worksheet_11
     000000A7  G$PRT3CF$0$0                       worksheet_11
     000000A7  _P2_7                              worksheet_11
     000000A7  _P3MDOUT                           worksheet_11
     000000A7  _PRT3CF                            worksheet_11
     000000A8  G$EX0$0$0                          worksheet_11
     000000A8  G$IE$0$0                           worksheet_11
     000000A8  _EX0                               worksheet_11
     000000A8  _IE                                worksheet_11
     000000A9  G$ET0$0$0                          worksheet_11
     000000A9  G$SADDR0$0$0                       worksheet_11
     000000A9  _ET0                               worksheet_11
     000000A9  _SADDR0                            worksheet_11
     000000AA  G$ADC1CN$0$0                       worksheet_11
     000000AA  G$EX1$0$0                          worksheet_11
     000000AA  _ADC1CN                            worksheet_11
     000000AA  _EX1                               worksheet_11
     000000AB  G$ADC1CF$0$0                       worksheet_11
     000000AB  G$ET1$0$0                          worksheet_11
ASxxxx Linker V03.00 + NoICE + sdld,  page 7.
Hexadecimal  [32-Bits]

Area                                    Addr        Size        Decimal Bytes (Attributes)
--------------------------------        ----        ----        ------- ----- ------------
.  .ABS.                            00000000    00000000 =           0. bytes (ABS,CON)

      Value  Global                              Global Defined In Module
      -----  --------------------------------   ------------------------
     000000AB  _ADC1CF                            worksheet_11
     000000AB  _ET1                               worksheet_11
     000000AC  G$AMX1SL$0$0                       worksheet_11
     000000AC  G$ES$0$0                           worksheet_11
     000000AC  G$ES0$0$0                          worksheet_11
     000000AC  _AMX1SL                            worksheet_11
     000000AC  _ES                                worksheet_11
     000000AC  _ES0                               worksheet_11
     000000AD  G$ET2$0$0                          worksheet_11
     000000AD  G$P3IF$0$0                         worksheet_11
     000000AD  _ET2                               worksheet_11
     000000AD  _P3IF                              worksheet_11
     000000AE  G$SADEN1$0$0                       worksheet_11
     000000AE  _SADEN1                            worksheet_11
     000000AF  G$EA$0$0                           worksheet_11
     000000AF  G$EMI0CN$0$0                       worksheet_11
     000000AF  G$_XPAGE$0$0                       worksheet_11
     000000AF  _EA                                worksheet_11
     000000AF  _EMI0CN                            worksheet_11
     000000AF  __XPAGE                            worksheet_11
     000000B0  G$P3$0$0                           worksheet_11
     000000B0  G$P3_0$0$0                         worksheet_11
     000000B0  _P3                                worksheet_11
     000000B0  _P3_0                              worksheet_11
     000000B1  G$OSCXCN$0$0                       worksheet_11
     000000B1  G$P3_1$0$0                         worksheet_11
     000000B1  _OSCXCN                            worksheet_11
     000000B1  _P3_1                              worksheet_11
     000000B2  G$OSCICN$0$0                       worksheet_11
     000000B2  G$P3_2$0$0                         worksheet_11
     000000B2  _OSCICN                            worksheet_11
     000000B2  _P3_2                              worksheet_11
     000000B3  G$P3_3$0$0                         worksheet_11
     000000B3  _P3_3                              worksheet_11
     000000B4  G$P3_4$0$0                         worksheet_11
     000000B4  _P3_4                              worksheet_11
     000000B5  G$P3_5$0$0                         worksheet_11
     000000B5  G$P74OUT$0$0                       worksheet_11
     000000B5  _P3_5                              worksheet_11
     000000B5  _P74OUT                            worksheet_11
     000000B6  G$FLSCL$0$0                        worksheet_11
     000000B6  G$P3_6$0$0                         worksheet_11
     000000B6  _FLSCL                             worksheet_11
     000000B6  _P3_6                              worksheet_11
     000000B7  G$FLACL$0$0                        worksheet_11
     000000B7  G$P3_7$0$0                         worksheet_11
     000000B7  _FLACL                             worksheet_11
     000000B7  _P3_7                              worksheet_11
     000000B8  G$IP$0$0                           worksheet_11
     000000B8  G$PX0$0$0                          worksheet_11
     000000B8  _IP                                worksheet_11
ASxxxx Linker V03.00 + NoICE + sdld,  page 8.
Hexadecimal  [32-Bits]

Area                                    Addr        Size        Decimal Bytes (Attributes)
--------------------------------        ----        ----        ------- ----- ------------
.  .ABS.                            00000000    00000000 =           0. bytes (ABS,CON)

      Value  Global                              Global Defined In Module
      -----  --------------------------------   ------------------------
     000000B8  _PX0                               worksheet_11
     000000B9  G$PT0$0$0                          worksheet_11
     000000B9  G$SADEN0$0$0                       worksheet_11
     000000B9  _PT0                               worksheet_11
     000000B9  _SADEN0                            worksheet_11
     000000BA  G$AMX0CF$0$0                       worksheet_11
     000000BA  G$PX1$0$0                          worksheet_11
     000000BA  _AMX0CF                            worksheet_11
     000000BA  _PX1                               worksheet_11
     000000BB  G$AMX0SL$0$0                       worksheet_11
     000000BB  G$PT1$0$0                          worksheet_11
     000000BB  _AMX0SL                            worksheet_11
     000000BB  _PT1                               worksheet_11
     000000BC  G$ADC0CF$0$0                       worksheet_11
     000000BC  G$PS$0$0                           worksheet_11
     000000BC  G$PS0$0$0                          worksheet_11
     000000BC  _ADC0CF                            worksheet_11
     000000BC  _PS                                worksheet_11
     000000BC  _PS0                               worksheet_11
     000000BD  G$P1MDIN$0$0                       worksheet_11
     000000BD  G$PT2$0$0                          worksheet_11
     000000BD  _P1MDIN                            worksheet_11
     000000BD  _PT2                               worksheet_11
     000000BE  G$ADC0L$0$0                        worksheet_11
     000000BE  _ADC0L                             worksheet_11
     000000BF  G$ADC0H$0$0                        worksheet_11
     000000BF  _ADC0H                             worksheet_11
     000000C0  G$SMB0CN$0$0                       worksheet_11
     000000C0  G$SMBTOE$0$0                       worksheet_11
     000000C0  _SMB0CN                            worksheet_11
     000000C0  _SMBTOE                            worksheet_11
     000000C1  G$SMB0STA$0$0                      worksheet_11
     000000C1  G$SMBFTE$0$0                       worksheet_11
     000000C1  _SMB0STA                           worksheet_11
     000000C1  _SMBFTE                            worksheet_11
     000000C2  G$AA$0$0                           worksheet_11
     000000C2  G$SMB0DAT$0$0                      worksheet_11
     000000C2  _AA                                worksheet_11
     000000C2  _SMB0DAT                           worksheet_11
     000000C3  G$SI$0$0                           worksheet_11
     000000C3  G$SMB0ADR$0$0                      worksheet_11
     000000C3  _SI                                worksheet_11
     000000C3  _SMB0ADR                           worksheet_11
     000000C4  G$ADC0GTL$0$0                      worksheet_11
     000000C4  G$STO$0$0                          worksheet_11
     000000C4  _ADC0GTL                           worksheet_11
     000000C4  _STO                               worksheet_11
     000000C5  G$ADC0GTH$0$0                      worksheet_11
     000000C5  G$STA$0$0                          worksheet_11
     000000C5  _ADC0GTH                           worksheet_11
     000000C5  _STA                               worksheet_11
ASxxxx Linker V03.00 + NoICE + sdld,  page 9.
Hexadecimal  [32-Bits]

Area                                    Addr        Size        Decimal Bytes (Attributes)
--------------------------------        ----        ----        ------- ----- ------------
.  .ABS.                            00000000    00000000 =           0. bytes (ABS,CON)

      Value  Global                              Global Defined In Module
      -----  --------------------------------   ------------------------
     000000C6  G$ADC0LTL$0$0                      worksheet_11
     000000C6  G$ENSMB$0$0                        worksheet_11
     000000C6  _ADC0LTL                           worksheet_11
     000000C6  _ENSMB                             worksheet_11
     000000C7  G$ADC0LTH$0$0                      worksheet_11
     000000C7  G$BUSY$0$0                         worksheet_11
     000000C7  _ADC0LTH                           worksheet_11
     000000C7  _BUSY                              worksheet_11
     000000C8  G$CPRL2$0$0                        worksheet_11
     000000C8  G$T2CON$0$0                        worksheet_11
     000000C8  _CPRL2                             worksheet_11
     000000C8  _T2CON                             worksheet_11
     000000C9  G$CT2$0$0                          worksheet_11
     000000C9  G$T4CON$0$0                        worksheet_11
     000000C9  _CT2                               worksheet_11
     000000C9  _T4CON                             worksheet_11
     000000CA  G$RCAP2L$0$0                       worksheet_11
     000000CA  G$TR2$0$0                          worksheet_11
     000000CA  _RCAP2L                            worksheet_11
     000000CA  _TR2                               worksheet_11
     000000CB  G$EXEN2$0$0                        worksheet_11
     000000CB  G$RCAP2H$0$0                       worksheet_11
     000000CB  _EXEN2                             worksheet_11
     000000CB  _RCAP2H                            worksheet_11
     000000CC  G$TCLK$0$0                         worksheet_11
     000000CC  G$TL2$0$0                          worksheet_11
     000000CC  _TCLK                              worksheet_11
     000000CC  _TL2                               worksheet_11
     000000CD  G$RCLK$0$0                         worksheet_11
     000000CD  G$TH2$0$0                          worksheet_11
     000000CD  _RCLK                              worksheet_11
     000000CD  _TH2                               worksheet_11
     000000CE  G$EXF2$0$0                         worksheet_11
     000000CE  _EXF2                              worksheet_11
     000000CF  G$SMB0CR$0$0                       worksheet_11
     000000CF  G$TF2$0$0                          worksheet_11
     000000CF  _SMB0CR                            worksheet_11
     000000CF  _TF2                               worksheet_11
     000000D0  G$P$0$0                            worksheet_11
     000000D0  G$PSW$0$0                          worksheet_11
     000000D0  _P                                 worksheet_11
     000000D0  _PSW                               worksheet_11
     000000D1  G$F1$0$0                           worksheet_11
     000000D1  G$REF0CN$0$0                       worksheet_11
     000000D1  _F1                                worksheet_11
     000000D1  _REF0CN                            worksheet_11
     000000D2  G$DAC0L$0$0                        worksheet_11
     000000D2  G$OV$0$0                           worksheet_11
     000000D2  _DAC0L                             worksheet_11
     000000D2  _OV                                worksheet_11
     000000D3  G$DAC0H$0$0                        worksheet_11
ASxxxx Linker V03.00 + NoICE + sdld,  page 10.
Hexadecimal  [32-Bits]

Area                                    Addr        Size        Decimal Bytes (Attributes)
--------------------------------        ----        ----        ------- ----- ------------
.  .ABS.                            00000000    00000000 =           0. bytes (ABS,CON)

      Value  Global                              Global Defined In Module
      -----  --------------------------------   ------------------------
     000000D3  G$RS0$0$0                          worksheet_11
     000000D3  _DAC0H                             worksheet_11
     000000D3  _RS0                               worksheet_11
     000000D4  G$DAC0CN$0$0                       worksheet_11
     000000D4  G$RS1$0$0                          worksheet_11
     000000D4  _DAC0CN                            worksheet_11
     000000D4  _RS1                               worksheet_11
     000000D5  G$DAC1L$0$0                        worksheet_11
     000000D5  G$F0$0$0                           worksheet_11
     000000D5  _DAC1L                             worksheet_11
     000000D5  _F0                                worksheet_11
     000000D6  G$AC$0$0                           worksheet_11
     000000D6  G$DAC1H$0$0                        worksheet_11
     000000D6  _AC                                worksheet_11
     000000D6  _DAC1H                             worksheet_11
     000000D7  G$CY$0$0                           worksheet_11
     000000D7  G$DAC1CN$0$0                       worksheet_11
     000000D7  _CY                                worksheet_11
     000000D7  _DAC1CN                            worksheet_11
     000000D8  G$CCF0$0$0                         worksheet_11
     000000D8  G$PCA0CN$0$0                       worksheet_11
     000000D8  _CCF0                              worksheet_11
     000000D8  _PCA0CN                            worksheet_11
     000000D9  G$CCF1$0$0                         worksheet_11
     000000D9  G$PCA0MD$0$0                       worksheet_11
     000000D9  _CCF1                              worksheet_11
     000000D9  _PCA0MD                            worksheet_11
     000000DA  G$CCF2$0$0                         worksheet_11
     000000DA  G$PCA0CPM0$0$0                     worksheet_11
     000000DA  _CCF2                              worksheet_11
     000000DA  _PCA0CPM0                          worksheet_11
     000000DB  G$CCF3$0$0                         worksheet_11
     000000DB  G$PCA0CPM1$0$0                     worksheet_11
     000000DB  _CCF3                              worksheet_11
     000000DB  _PCA0CPM1                          worksheet_11
     000000DC  G$CCF4$0$0                         worksheet_11
     000000DC  G$PCA0CPM2$0$0                     worksheet_11
     000000DC  _CCF4                              worksheet_11
     000000DC  _PCA0CPM2                          worksheet_11
     000000DD  G$PCA0CPM3$0$0                     worksheet_11
     000000DD  _PCA0CPM3                          worksheet_11
     000000DE  G$CR$0$0                           worksheet_11
     000000DE  G$PCA0CPM4$0$0                     worksheet_11
     000000DE  _CR                                worksheet_11
     000000DE  _PCA0CPM4                          worksheet_11
     000000DF  G$CF$0$0                           worksheet_11
     000000DF  _CF                                worksheet_11
     000000E0  G$ACC$0$0                          worksheet_11
     000000E0  _ACC                               worksheet_11
     000000E1  G$XBR0$0$0                         worksheet_11
     000000E1  _XBR0                              worksheet_11
ASxxxx Linker V03.00 + NoICE + sdld,  page 11.
Hexadecimal  [32-Bits]

Area                                    Addr        Size        Decimal Bytes (Attributes)
--------------------------------        ----        ----        ------- ----- ------------
.  .ABS.                            00000000    00000000 =           0. bytes (ABS,CON)

      Value  Global                              Global Defined In Module
      -----  --------------------------------   ------------------------
     000000E2  G$XBR1$0$0                         worksheet_11
     000000E2  _XBR1                              worksheet_11
     000000E3  G$XBR2$0$0                         worksheet_11
     000000E3  _XBR2                              worksheet_11
     000000E4  G$RCAP4L$0$0                       worksheet_11
     000000E4  _RCAP4L                            worksheet_11
     000000E5  G$RCAP4H$0$0                       worksheet_11
     000000E5  _RCAP4H                            worksheet_11
     000000E6  G$EIE1$0$0                         worksheet_11
     000000E6  _EIE1                              worksheet_11
     000000E7  G$EIE2$0$0                         worksheet_11
     000000E7  _EIE2                              worksheet_11
     000000E8  G$AD0LJST$0$0                      worksheet_11
     000000E8  G$ADC0CN$0$0                       worksheet_11
     000000E8  G$ADLJST$0$0                       worksheet_11
     000000E8  _AD0LJST                           worksheet_11
     000000E8  _ADC0CN                            worksheet_11
     000000E8  _ADLJST                            worksheet_11
     000000E9  G$AD0WINT$0$0                      worksheet_11
     000000E9  G$ADWINT$0$0                       worksheet_11
     000000E9  G$PCA0L$0$0                        worksheet_11
     000000E9  _AD0WINT                           worksheet_11
     000000E9  _ADWINT                            worksheet_11
     000000E9  _PCA0L                             worksheet_11
     000000EA  G$AD0CM0$0$0                       worksheet_11
     000000EA  G$ADSTM0$0$0                       worksheet_11
     000000EA  G$PCA0CPL0$0$0                     worksheet_11
     000000EA  _AD0CM0                            worksheet_11
     000000EA  _ADSTM0                            worksheet_11
     000000EA  _PCA0CPL0                          worksheet_11
     000000EB  G$AD0CM1$0$0                       worksheet_11
     000000EB  G$ADSTM1$0$0                       worksheet_11
     000000EB  G$PCA0CPL1$0$0                     worksheet_11
     000000EB  _AD0CM1                            worksheet_11
     000000EB  _ADSTM1                            worksheet_11
     000000EB  _PCA0CPL1                          worksheet_11
     000000EC  G$AD0BUSY$0$0                      worksheet_11
     000000EC  G$ADBUSY$0$0                       worksheet_11
     000000EC  G$PCA0CPL2$0$0                     worksheet_11
     000000EC  _AD0BUSY                           worksheet_11
     000000EC  _ADBUSY                            worksheet_11
     000000EC  _PCA0CPL2                          worksheet_11
     000000ED  G$AD0INT$0$0                       worksheet_11
     000000ED  G$ADCINT$0$0                       worksheet_11
     000000ED  G$PCA0CPL3$0$0                     worksheet_11
     000000ED  _AD0INT                            worksheet_11
     000000ED  _ADCINT                            worksheet_11
     000000ED  _PCA0CPL3                          worksheet_11
     000000EE  G$AD0TM$0$0                        worksheet_11
     000000EE  G$ADCTM$0$0                        worksheet_11
     000000EE  G$PCA0CPL4$0$0                     worksheet_11
ASxxxx Linker V03.00 + NoICE + sdld,  page 12.
Hexadecimal  [32-Bits]

Area                                    Addr        Size        Decimal Bytes (Attributes)
--------------------------------        ----        ----        ------- ----- ------------
.  .ABS.                            00000000    00000000 =           0. bytes (ABS,CON)

      Value  Global                              Global Defined In Module
      -----  --------------------------------   ------------------------
     000000EE  _AD0TM                             worksheet_11
     000000EE  _ADCTM                             worksheet_11
     000000EE  _PCA0CPL4                          worksheet_11
     000000EF  G$AD0EN$0$0                        worksheet_11
     000000EF  G$ADCEN$0$0                        worksheet_11
     000000EF  G$RSTSRC$0$0                       worksheet_11
     000000EF  _AD0EN                             worksheet_11
     000000EF  _ADCEN                             worksheet_11
     000000EF  _RSTSRC                            worksheet_11
     000000F0  G$B$0$0                            worksheet_11
     000000F0  _B                                 worksheet_11
     000000F1  G$SCON1$0$0                        worksheet_11
     000000F1  _SCON1                             worksheet_11
     000000F2  G$SBUF1$0$0                        worksheet_11
     000000F2  _SBUF1                             worksheet_11
     000000F3  G$SADDR1$0$0                       worksheet_11
     000000F3  _SADDR1                            worksheet_11
     000000F4  G$TL4$0$0                          worksheet_11
     000000F4  _TL4                               worksheet_11
     000000F5  G$TH4$0$0                          worksheet_11
     000000F5  _B_5                               _gptrget
     000000F5  _TH4                               worksheet_11
     000000F6  G$EIP1$0$0                         worksheet_11
     000000F6  _B_6                               _gptrget
     000000F6  _EIP1                              worksheet_11
     000000F7  G$EIP2$0$0                         worksheet_11
     000000F7  _B_7                               _gptrget
     000000F7  _EIP2                              worksheet_11
     000000F8  G$SPI0CN$0$0                       worksheet_11
     000000F8  G$SPIEN$0$0                        worksheet_11
     000000F8  _SPI0CN                            worksheet_11
     000000F8  _SPIEN                             worksheet_11
     000000F9  G$MSTEN$0$0                        worksheet_11
     000000F9  G$PCA0H$0$0                        worksheet_11
     000000F9  _MSTEN                             worksheet_11
     000000F9  _PCA0H                             worksheet_11
     000000FA  G$PCA0CPH0$0$0                     worksheet_11
     000000FA  G$SLVSEL$0$0                       worksheet_11
     000000FA  _PCA0CPH0                          worksheet_11
     000000FA  _SLVSEL                            worksheet_11
     000000FB  G$PCA0CPH1$0$0                     worksheet_11
     000000FB  G$TXBSY$0$0                        worksheet_11
     000000FB  _PCA0CPH1                          worksheet_11
     000000FB  _TXBSY                             worksheet_11
     000000FC  G$PCA0CPH2$0$0                     worksheet_11
     000000FC  G$RXOVRN$0$0                       worksheet_11
     000000FC  _PCA0CPH2                          worksheet_11
     000000FC  _RXOVRN                            worksheet_11
     000000FD  G$MODF$0$0                         worksheet_11
     000000FD  G$PCA0CPH3$0$0                     worksheet_11
     000000FD  _MODF                              worksheet_11
ASxxxx Linker V03.00 + NoICE + sdld,  page 13.
Hexadecimal  [32-Bits]

Area                                    Addr        Size        Decimal Bytes (Attributes)
--------------------------------        ----        ----        ------- ----- ------------
.  .ABS.                            00000000    00000000 =           0. bytes (ABS,CON)

      Value  Global                              Global Defined In Module
      -----  --------------------------------   ------------------------
     000000FD  _PCA0CPH3                          worksheet_11
     000000FE  G$PCA0CPH4$0$0                     worksheet_11
     000000FE  G$WCOL$0$0                         worksheet_11
     000000FE  _PCA0CPH4                          worksheet_11
     000000FE  _WCOL                              worksheet_11
     000000FF  G$SPIF$0$0                         worksheet_11
     000000FF  G$WDTCN$0$0                        worksheet_11
     000000FF  _SPIF                              worksheet_11
     000000FF  _WDTCN                             worksheet_11
     00008C8A  G$TMR0$0$0                         worksheet_11
     00008C8A  _TMR0                              worksheet_11
     00008D8B  G$TMR1$0$0                         worksheet_11
     00008D8B  _TMR1                              worksheet_11
     00009392  G$TMR3RL$0$0                       worksheet_11
     00009392  _TMR3RL                            worksheet_11
     00009594  G$TMR3$0$0                         worksheet_11
     00009594  _TMR3                              worksheet_11
     0000BFBE  G$ADC0$0$0                         worksheet_11
     0000BFBE  _ADC0                              worksheet_11
     0000C5C4  G$ADC0GT$0$0                       worksheet_11
     0000C5C4  _ADC0GT                            worksheet_11
     0000C7C6  G$ADC0LT$0$0                       worksheet_11
     0000C7C6  _ADC0LT                            worksheet_11
     0000CBCA  G$RCAP2$0$0                        worksheet_11
     0000CBCA  _RCAP2                             worksheet_11
     0000CDCC  G$TMR2$0$0                         worksheet_11
     0000CDCC  _TMR2                              worksheet_11
     0000D3D2  G$DAC0$0$0                         worksheet_11
     0000D3D2  _DAC0                              worksheet_11
     0000D6D5  G$DAC1$0$0                         worksheet_11
     0000D6D5  _DAC1                              worksheet_11
     0000E5E4  G$RCAP4$0$0                        worksheet_11
     0000E5E4  _RCAP4                             worksheet_11
     0000F5F4  G$TMR4$0$0                         worksheet_11
     0000F5F4  _TMR4                              worksheet_11
     0000F9E9  G$PCA0$0$0                         worksheet_11
     0000F9E9  _PCA0                              worksheet_11
     0000FAEA  G$PCA0CP0$0$0                      worksheet_11
     0000FAEA  _PCA0CP0                           worksheet_11
     0000FBEB  G$PCA0CP1$0$0                      worksheet_11
     0000FBEB  _PCA0CP1                           worksheet_11
     0000FCEC  G$PCA0CP2$0$0                      worksheet_11
     0000FCEC  _PCA0CP2                           worksheet_11
     0000FDED  G$PCA0CP3$0$0                      worksheet_11
     0000FDED  _PCA0CP3                           worksheet_11
     0000FEEE  G$PCA0CP4$0$0                      worksheet_11
     0000FEEE  _PCA0CP4                           worksheet_11

ASxxxx Linker V03.00 + NoICE + sdld,  page 14.
Hexadecimal  [32-Bits]

Area                                    Addr        Size        Decimal Bytes (Attributes)
--------------------------------        ----        ----        ------- ----- ------------
BSEG_BYTES                          00000020    00000002 =           2. bytes (REL,CON)

      Value  Global                              Global Defined In Module
      -----  --------------------------------   ------------------------
ASxxxx Linker V03.00 + NoICE + sdld,  page 15.
Hexadecimal  [32-Bits]

Area                                    Addr        Size        Decimal Bytes (Attributes)
--------------------------------        ----        ----        ------- ----- ------------
REG_BANK_0                          00000000    00000008 =           8. bytes (REL,OVR)

      Value  Global                              Global Defined In Module
      -----  --------------------------------   ------------------------
ASxxxx Linker V03.00 + NoICE + sdld,  page 16.
Hexadecimal  [32-Bits]

Area                                    Addr        Size        Decimal Bytes (Attributes)
--------------------------------        ----        ----        ------- ----- ------------
DSEG                                00000000    00000076 =         118. bytes (REL,CON)

      Value  Global                              Global Defined In Module
      -----  --------------------------------   ------------------------
     00000008  _vprintf_PARM_2                    vprintf
     00000009  _bp                                _bp
     00000022  G$pw_neut$0$0                      worksheet_11
     00000022  _pw_neut                           worksheet_11
     00000024  G$previous_error$0$0               worksheet_11
     00000024  _previous_error                    worksheet_11
     00000026  G$desired$0$0                      worksheet_11
     00000026  _desired                           worksheet_11
     00000028  G$actual$0$0                       worksheet_11
     00000028  _actual                            worksheet_11
     0000002A  G$kp$0$0                           worksheet_11
     0000002A  _kp                                worksheet_11
     0000002C  G$kd$0$0                           worksheet_11
     0000002C  _kd                                worksheet_11
     0000002E  G$error$0$0                        worksheet_11
     0000002E  _error                             worksheet_11
     00000030  G$temp_motorpw_2byte$0$0           worksheet_11
     00000030  _temp_motorpw_2byte                worksheet_11
     00000032  G$temp_motorpw_alg1$0$0            worksheet_11
     00000032  _temp_motorpw_alg1                 worksheet_11
     00000036  G$temp_motorpw_alg2$0$0            worksheet_11
     00000036  _temp_motorpw_alg2                 worksheet_11
     0000003A  G$temp_motorpw_alg3$0$0            worksheet_11
     0000003A  _temp_motorpw_alg3                 worksheet_11
     0000003E  G$temp_motorpw_alg4$0$0            worksheet_11
     0000003E  _temp_motorpw_alg4                 worksheet_11
     00000042  G$temp_motorpw_alg5$0$0            worksheet_11
     00000042  _temp_motorpw_alg5                 worksheet_11
     00000046  G$temp_motorpw_alg6$0$0            worksheet_11
     00000046  _temp_motorpw_alg6                 worksheet_11
     0000004A  Lworksheet_11.main$sloc0$1$0       worksheet_11
     0000005A  __print_format_PARM_2              printf_large
     0000005D  __print_format_PARM_3              printf_large
     00000060  __print_format_PARM_4              printf_large

ASxxxx Linker V03.00 + NoICE + sdld,  page 17.
Hexadecimal  [32-Bits]

Area                                    Addr        Size        Decimal Bytes (Attributes)
--------------------------------        ----        ----        ------- ----- ------------
OSEG                                0000000A    00000006 =           6. bytes (REL,OVR)

      Value  Global                              Global Defined In Module
      -----  --------------------------------   ------------------------
     0000000A  __mulint_PARM_2                    _mulint
     0000000A  __mullong_PARM_2                   _mullong

ASxxxx Linker V03.00 + NoICE + sdld,  page 18.
Hexadecimal  [32-Bits]

Area                                    Addr        Size        Decimal Bytes (Attributes)
--------------------------------        ----        ----        ------- ----- ------------
ISEG                                00000010    00000006 =           6. bytes (REL,CON)

      Value  Global                              Global Defined In Module
      -----  --------------------------------   ------------------------
ASxxxx Linker V03.00 + NoICE + sdld,  page 19.
Hexadecimal  [32-Bits]

Area                                    Addr        Size        Decimal Bytes (Attributes)
--------------------------------        ----        ----        ------- ----- ------------
SSEG                                00000068    00000098 =         152. bytes (REL,OVR)

      Value  Global                              Global Defined In Module
      -----  --------------------------------   ------------------------
     00000068  __start__stack                     worksheet_11

ASxxxx Linker V03.00 + NoICE + sdld,  page 20.
Hexadecimal  [32-Bits]

Area                                    Addr        Size        Decimal Bytes (Attributes)
--------------------------------        ----        ----        ------- ----- ------------
HOME                                00000000    00000006 =           6. bytes (REL,CON,CODE)

      Value  Global                              Global Defined In Module
      -----  --------------------------------   ------------------------
C:   00000000  A$worksheet_11$980                 worksheet_11
C:   00000003  A$worksheet_11$1071                worksheet_11
C:   00000003  __sdcc_program_startup             worksheet_11
ASxxxx Linker V03.00 + NoICE + sdld,  page 21.
Hexadecimal  [32-Bits]

Area                                    Addr        Size        Decimal Bytes (Attributes)
--------------------------------        ----        ----        ------- ----- ------------
GSINIT0                             00000006    00000003 =           3. bytes (REL,CON,CODE)

      Value  Global                              Global Defined In Module
      -----  --------------------------------   ------------------------
C:   00000006  __sdcc_gsinit_startup              

ASxxxx Linker V03.00 + NoICE + sdld,  page 22.
Hexadecimal  [32-Bits]

Area                                    Addr        Size        Decimal Bytes (Attributes)
--------------------------------        ----        ----        ------- ----- ------------
GSINIT2                             00000009    0000000A =          10. bytes (REL,CON,CODE)

      Value  Global                              Global Defined In Module
      -----  --------------------------------   ------------------------
ASxxxx Linker V03.00 + NoICE + sdld,  page 23.
Hexadecimal  [32-Bits]

Area                                    Addr        Size        Decimal Bytes (Attributes)
--------------------------------        ----        ----        ------- ----- ------------
GSINIT3                             00000013    00000022 =          34. bytes (REL,CON,CODE)

      Value  Global                              Global Defined In Module
      -----  --------------------------------   ------------------------
C:   00000013  __mcs51_genXINIT                   

ASxxxx Linker V03.00 + NoICE + sdld,  page 24.
Hexadecimal  [32-Bits]

Area                                    Addr        Size        Decimal Bytes (Attributes)
--------------------------------        ----        ----        ------- ----- ------------
GSINIT4                             00000035    0000002A =          42. bytes (REL,CON,CODE)

      Value  Global                              Global Defined In Module
      -----  --------------------------------   ------------------------
C:   00000035  __mcs51_genRAMCLEAR                
C:   0000003B  __mcs51_genXRAMCLEAR               

ASxxxx Linker V03.00 + NoICE + sdld,  page 25.
Hexadecimal  [32-Bits]

Area                                    Addr        Size        Decimal Bytes (Attributes)
--------------------------------        ----        ----        ------- ----- ------------
GSINIT                              0000005F    0000005D =          93. bytes (REL,CON,CODE)

      Value  Global                              Global Defined In Module
      -----  --------------------------------   ------------------------
C:   0000005F  A$worksheet_11$996                 worksheet_11
C:   0000005F  C$worksheet_11.c$13$1$25           worksheet_11
C:   00000062  A$worksheet_11$997                 worksheet_11
C:   00000065  A$worksheet_11$1000                worksheet_11
C:   00000065  C$worksheet_11.c$14$1$25           worksheet_11
C:   00000068  A$worksheet_11$1001                worksheet_11
C:   0000006B  A$worksheet_11$1004                worksheet_11
C:   0000006B  C$worksheet_11.c$15$1$25           worksheet_11
C:   0000006E  A$worksheet_11$1005                worksheet_11
C:   00000071  A$worksheet_11$1008                worksheet_11
C:   00000071  C$worksheet_11.c$16$1$25           worksheet_11
C:   00000074  A$worksheet_11$1009                worksheet_11
C:   00000077  A$worksheet_11$1012                worksheet_11
C:   00000077  C$worksheet_11.c$18$1$25           worksheet_11
C:   0000007A  A$worksheet_11$1013                worksheet_11
C:   0000007D  A$worksheet_11$1016                worksheet_11
C:   0000007D  C$worksheet_11.c$19$1$25           worksheet_11
C:   00000080  A$worksheet_11$1017                worksheet_11
C:   00000083  A$worksheet_11$1020                worksheet_11
C:   00000083  C$worksheet_11.c$22$1$25           worksheet_11
C:   00000084  A$worksheet_11$1021                worksheet_11
C:   00000086  A$worksheet_11$1022                worksheet_11
C:   00000088  A$worksheet_11$1025                worksheet_11
C:   00000088  C$worksheet_11.c$23$1$25           worksheet_11
C:   0000008A  A$worksheet_11$1026                worksheet_11
C:   0000008C  A$worksheet_11$1029                worksheet_11
C:   0000008C  C$worksheet_11.c$24$1$25           worksheet_11
C:   0000008E  A$worksheet_11$1030                worksheet_11
C:   00000090  A$worksheet_11$1031                worksheet_11
C:   00000092  A$worksheet_11$1032                worksheet_11
C:   00000094  A$worksheet_11$1035                worksheet_11
C:   00000094  C$worksheet_11.c$25$1$25           worksheet_11
C:   00000096  A$worksheet_11$1036                worksheet_11
C:   00000098  A$worksheet_11$1037                worksheet_11
C:   0000009A  A$worksheet_11$1038                worksheet_11
C:   0000009C  A$worksheet_11$1041                worksheet_11
C:   0000009C  C$worksheet_11.c$26$1$25           worksheet_11
C:   0000009E  A$worksheet_11$1042                worksheet_11
C:   000000A0  A$worksheet_11$1043                worksheet_11
C:   000000A2  A$worksheet_11$1044                worksheet_11
C:   000000A4  A$worksheet_11$1047                worksheet_11
C:   000000A4  C$worksheet_11.c$27$1$25           worksheet_11
C:   000000A6  A$worksheet_11$1048                worksheet_11
C:   000000A8  A$worksheet_11$1049                worksheet_11
C:   000000AA  A$worksheet_11$1050                worksheet_11
C:   000000AC  A$worksheet_11$1053                worksheet_11
C:   000000AC  C$worksheet_11.c$28$1$25           worksheet_11
C:   000000AE  A$worksheet_11$1054                worksheet_11
C:   000000B0  A$worksheet_11$1055                worksheet_11
C:   000000B2  A$worksheet_11$1056                worksheet_11
ASxxxx Linker V03.00 + NoICE + sdld,  page 26.
Hexadecimal  [32-Bits]

Area                                    Addr        Size        Decimal Bytes (Attributes)
--------------------------------        ----        ----        ------- ----- ------------
GSINIT                              0000005F    0000005D =          93. bytes (REL,CON,CODE)

      Value  Global                              Global Defined In Module
      -----  --------------------------------   ------------------------
C:   000000B4  A$worksheet_11$1059                worksheet_11
C:   000000B4  C$worksheet_11.c$29$1$25           worksheet_11
C:   000000B6  A$worksheet_11$1060                worksheet_11
C:   000000B8  A$worksheet_11$1061                worksheet_11
C:   000000BA  A$worksheet_11$1062                worksheet_11

ASxxxx Linker V03.00 + NoICE + sdld,  page 27.
Hexadecimal  [32-Bits]

Area                                    Addr        Size        Decimal Bytes (Attributes)
--------------------------------        ----        ----        ------- ----- ------------
GSFINAL                             000000BC    00000003 =           3. bytes (REL,CON,CODE)

      Value  Global                              Global Defined In Module
      -----  --------------------------------   ------------------------
C:   000000BC  A$worksheet_11$1064                worksheet_11

ASxxxx Linker V03.00 + NoICE + sdld,  page 28.
Hexadecimal  [32-Bits]

Area                                    Addr        Size        Decimal Bytes (Attributes)
--------------------------------        ----        ----        ------- ----- ------------
CSEG                                000000BF    00000ADE =        2782. bytes (REL,CON,CODE)

      Value  Global                              Global Defined In Module
      -----  --------------------------------   ------------------------
C:   000000BF  A$worksheet_11$1099                worksheet_11
C:   000000BF  C$c8051_SDCC.h$42$0$0              worksheet_11
C:   000000BF  C$c8051_SDCC.h$46$1$2              worksheet_11
C:   000000BF  G$SYSCLK_Init$0$0                  worksheet_11
C:   000000BF  _SYSCLK_Init                       worksheet_11
C:   000000C2  A$worksheet_11$1102                worksheet_11
C:   000000C2  C$c8051_SDCC.h$49$1$2              worksheet_11
C:   000000C4  A$worksheet_11$1103                worksheet_11
C:   000000C6  A$worksheet_11$1105                worksheet_11
C:   000000C7  A$worksheet_11$1106                worksheet_11
C:   000000CA  A$worksheet_11$1107                worksheet_11
C:   000000CB  A$worksheet_11$1109                worksheet_11
C:   000000CC  A$worksheet_11$1110                worksheet_11
C:   000000CD  A$worksheet_11$1111                worksheet_11
C:   000000CF  A$worksheet_11$1115                worksheet_11
C:   000000CF  C$c8051_SDCC.h$51$1$2              worksheet_11
C:   000000D1  A$worksheet_11$1116                worksheet_11
C:   000000D4  A$worksheet_11$1119                worksheet_11
C:   000000D4  C$c8051_SDCC.h$53$1$2              worksheet_11
C:   000000D7  A$worksheet_11$1122                worksheet_11
C:   000000D7  C$c8051_SDCC.h$56$1$2              worksheet_11
C:   000000D7  XG$SYSCLK_Init$0$0                 worksheet_11
C:   000000D8  A$worksheet_11$1135                worksheet_11
C:   000000D8  C$c8051_SDCC.h$64$1$2              worksheet_11
C:   000000D8  C$c8051_SDCC.h$66$1$4              worksheet_11
C:   000000D8  G$UART0_Init$0$0                   worksheet_11
C:   000000D8  _UART0_Init                        worksheet_11
C:   000000DB  A$worksheet_11$1138                worksheet_11
C:   000000DB  C$c8051_SDCC.h$67$1$4              worksheet_11
C:   000000DE  A$worksheet_11$1141                worksheet_11
C:   000000DE  C$c8051_SDCC.h$68$1$4              worksheet_11
C:   000000E1  A$worksheet_11$1144                worksheet_11
C:   000000E1  C$c8051_SDCC.h$69$1$4              worksheet_11
C:   000000E3  A$worksheet_11$1147                worksheet_11
C:   000000E3  C$c8051_SDCC.h$70$1$4              worksheet_11
C:   000000E6  A$worksheet_11$1150                worksheet_11
C:   000000E6  C$c8051_SDCC.h$71$1$4              worksheet_11
C:   000000E9  A$worksheet_11$1153                worksheet_11
C:   000000E9  C$c8051_SDCC.h$73$1$4              worksheet_11
C:   000000EB  A$worksheet_11$1156                worksheet_11
C:   000000EB  C$c8051_SDCC.h$74$1$4              worksheet_11
C:   000000EE  A$worksheet_11$1159                worksheet_11
C:   000000EE  C$c8051_SDCC.h$75$1$4              worksheet_11
C:   000000EE  XG$UART0_Init$0$0                  worksheet_11
C:   000000EF  A$worksheet_11$1172                worksheet_11
C:   000000EF  C$c8051_SDCC.h$83$1$4              worksheet_11
C:   000000EF  C$c8051_SDCC.h$85$1$6              worksheet_11
C:   000000EF  G$Sys_Init$0$0                     worksheet_11
C:   000000EF  _Sys_Init                          worksheet_11
C:   000000F2  A$worksheet_11$1175                worksheet_11
ASxxxx Linker V03.00 + NoICE + sdld,  page 29.
Hexadecimal  [32-Bits]

Area                                    Addr        Size        Decimal Bytes (Attributes)
--------------------------------        ----        ----        ------- ----- ------------
CSEG                                000000BF    00000ADE =        2782. bytes (REL,CON,CODE)

      Value  Global                              Global Defined In Module
      -----  --------------------------------   ------------------------
C:   000000F2  C$c8051_SDCC.h$86$1$6              worksheet_11
C:   000000F5  A$worksheet_11$1178                worksheet_11
C:   000000F5  C$c8051_SDCC.h$88$1$6              worksheet_11
C:   000000F8  A$worksheet_11$1181                worksheet_11
C:   000000F8  C$c8051_SDCC.h$89$1$6              worksheet_11
C:   000000FB  A$worksheet_11$1184                worksheet_11
C:   000000FB  C$c8051_SDCC.h$91$1$6              worksheet_11
C:   000000FE  A$worksheet_11$1187                worksheet_11
C:   000000FE  C$c8051_SDCC.h$92$1$6              worksheet_11
C:   00000101  A$worksheet_11$1190                worksheet_11
C:   00000101  C$c8051_SDCC.h$93$1$6              worksheet_11
C:   00000101  XG$Sys_Init$0$0                    worksheet_11
C:   00000102  A$worksheet_11$1203                worksheet_11
C:   00000102  C$c8051_SDCC.h$98$1$6              worksheet_11
C:   00000102  G$putchar$0$0                      worksheet_11
C:   00000102  _putchar                           worksheet_11
C:   00000104  A$worksheet_11$1209                worksheet_11
C:   00000104  C$c8051_SDCC.h$100$1$8             worksheet_11
C:   00000104  C$c8051_SDCC.h$101$1$8             worksheet_11
C:   00000107  A$worksheet_11$1210                worksheet_11
C:   00000109  A$worksheet_11$1214                worksheet_11
C:   00000109  C$c8051_SDCC.h$102$1$8             worksheet_11
C:   0000010B  A$worksheet_11$1217                worksheet_11
C:   0000010B  C$c8051_SDCC.h$103$1$8             worksheet_11
C:   0000010B  XG$putchar$0$0                     worksheet_11
C:   0000010C  A$worksheet_11$1235                worksheet_11
C:   0000010C  C$c8051_SDCC.h$108$1$8             worksheet_11
C:   0000010C  C$c8051_SDCC.h$111$1$10            worksheet_11
C:   0000010C  C$c8051_SDCC.h$112$1$10            worksheet_11
C:   0000010C  G$getchar$0$0                      worksheet_11
C:   0000010F  A$worksheet_11$1236                worksheet_11
C:   00000111  A$worksheet_11$1240                worksheet_11
C:   00000111  C$c8051_SDCC.h$113$1$10            worksheet_11
C:   00000114  A$worksheet_11$1243                worksheet_11
C:   00000114  C$c8051_SDCC.h$114$1$10            worksheet_11
C:   00000117  A$worksheet_11$1246                worksheet_11
C:   00000117  C$c8051_SDCC.h$115$1$10            worksheet_11
C:   0000011A  A$worksheet_11$1249                worksheet_11
C:   0000011A  C$c8051_SDCC.h$116$1$10            worksheet_11
C:   0000011A  XG$getchar$0$0                     worksheet_11
C:   0000011B  A$worksheet_11$1264                worksheet_11
C:   0000011B  C$worksheet_11.c$31$1$10           worksheet_11
C:   0000011B  C$worksheet_11.c$33$1$25           worksheet_11
C:   0000011B  G$main$0$0                         worksheet_11
C:   0000011B  _main                              worksheet_11
C:   0000011E  A$worksheet_11$1267                worksheet_11
C:   0000011E  C$worksheet_11.c$34$1$25           worksheet_11
C:   00000121  A$worksheet_11$1268                worksheet_11
C:   00000124  A$worksheet_11$1271                worksheet_11
C:   00000124  C$worksheet_11.c$35$1$25           worksheet_11
C:   00000126  A$worksheet_11$1272                worksheet_11
ASxxxx Linker V03.00 + NoICE + sdld,  page 30.
Hexadecimal  [32-Bits]

Area                                    Addr        Size        Decimal Bytes (Attributes)
--------------------------------        ----        ----        ------- ----- ------------
CSEG                                000000BF    00000ADE =        2782. bytes (REL,CON,CODE)

      Value  Global                              Global Defined In Module
      -----  --------------------------------   ------------------------
C:   00000127  A$worksheet_11$1273                worksheet_11
C:   00000129  A$worksheet_11$1274                worksheet_11
C:   0000012B  A$worksheet_11$1275                worksheet_11
C:   0000012D  A$worksheet_11$1276                worksheet_11
C:   0000012F  A$worksheet_11$1277                worksheet_11
C:   00000131  A$worksheet_11$1280                worksheet_11
C:   00000131  C$worksheet_11.c$37$1$25           worksheet_11
C:   00000134  A$worksheet_11$1281                worksheet_11
C:   00000137  A$worksheet_11$1282                worksheet_11
C:   0000013A  A$worksheet_11$1283                worksheet_11
C:   0000013D  A$worksheet_11$1284                worksheet_11
C:   00000140  A$worksheet_11$1285                worksheet_11
C:   00000142  A$worksheet_11$1286                worksheet_11
C:   00000144  A$worksheet_11$1287                worksheet_11
C:   00000146  A$worksheet_11$1288                worksheet_11
C:   00000148  A$worksheet_11$1289                worksheet_11
C:   00000149  A$worksheet_11$1290                worksheet_11
C:   0000014A  A$worksheet_11$1291                worksheet_11
C:   0000014B  A$worksheet_11$1292                worksheet_11
C:   0000014C  A$worksheet_11$1293                worksheet_11
C:   0000014D  A$worksheet_11$1294                worksheet_11
C:   0000014E  A$worksheet_11$1295                worksheet_11
C:   00000150  A$worksheet_11$1296                worksheet_11
C:   00000151  A$worksheet_11$1297                worksheet_11
C:   00000153  A$worksheet_11$1298                worksheet_11
C:   00000154  A$worksheet_11$1299                worksheet_11
C:   00000156  A$worksheet_11$1300                worksheet_11
C:   00000158  A$worksheet_11$1301                worksheet_11
C:   00000159  A$worksheet_11$1302                worksheet_11
C:   0000015B  A$worksheet_11$1303                worksheet_11
C:   0000015D  A$worksheet_11$1304                worksheet_11
C:   00000160  A$worksheet_11$1305                worksheet_11
C:   00000163  A$worksheet_11$1306                worksheet_11
C:   00000165  A$worksheet_11$1307                worksheet_11
C:   00000167  A$worksheet_11$1308                worksheet_11
C:   0000016A  A$worksheet_11$1309                worksheet_11
C:   0000016C  A$worksheet_11$1310                worksheet_11
C:   0000016E  A$worksheet_11$1311                worksheet_11
C:   00000170  A$worksheet_11$1312                worksheet_11
C:   00000172  A$worksheet_11$1313                worksheet_11
C:   00000173  A$worksheet_11$1314                worksheet_11
C:   00000174  A$worksheet_11$1315                worksheet_11
C:   00000176  A$worksheet_11$1316                worksheet_11
C:   00000177  A$worksheet_11$1317                worksheet_11
C:   00000178  A$worksheet_11$1318                worksheet_11
C:   0000017A  A$worksheet_11$1321                worksheet_11
C:   0000017A  C$worksheet_11.c$38$1$25           worksheet_11
C:   0000017C  A$worksheet_11$1322                worksheet_11
C:   0000017E  A$worksheet_11$1323                worksheet_11
C:   00000180  A$worksheet_11$1324                worksheet_11
C:   00000182  A$worksheet_11$1325                worksheet_11
ASxxxx Linker V03.00 + NoICE + sdld,  page 31.
Hexadecimal  [32-Bits]

Area                                    Addr        Size        Decimal Bytes (Attributes)
--------------------------------        ----        ----        ------- ----- ------------
CSEG                                000000BF    00000ADE =        2782. bytes (REL,CON,CODE)

      Value  Global                              Global Defined In Module
      -----  --------------------------------   ------------------------
C:   00000184  A$worksheet_11$1326                worksheet_11
C:   00000186  A$worksheet_11$1327                worksheet_11
C:   00000188  A$worksheet_11$1328                worksheet_11
C:   0000018A  A$worksheet_11$1329                worksheet_11
C:   0000018D  A$worksheet_11$1330                worksheet_11
C:   0000018F  A$worksheet_11$1331                worksheet_11
C:   00000191  A$worksheet_11$1332                worksheet_11
C:   00000193  A$worksheet_11$1335                worksheet_11
C:   00000193  C$worksheet_11.c$40$1$25           worksheet_11
C:   00000196  A$worksheet_11$1336                worksheet_11
C:   00000199  A$worksheet_11$1337                worksheet_11
C:   0000019C  A$worksheet_11$1338                worksheet_11
C:   0000019F  A$worksheet_11$1339                worksheet_11
C:   000001A2  A$worksheet_11$1340                worksheet_11
C:   000001A4  A$worksheet_11$1341                worksheet_11
C:   000001A6  A$worksheet_11$1342                worksheet_11
C:   000001A8  A$worksheet_11$1343                worksheet_11
C:   000001AA  A$worksheet_11$1344                worksheet_11
C:   000001AB  A$worksheet_11$1345                worksheet_11
C:   000001AC  A$worksheet_11$1346                worksheet_11
C:   000001AD  A$worksheet_11$1347                worksheet_11
C:   000001AE  A$worksheet_11$1348                worksheet_11
C:   000001AF  A$worksheet_11$1349                worksheet_11
C:   000001B0  A$worksheet_11$1350                worksheet_11
C:   000001B2  A$worksheet_11$1351                worksheet_11
C:   000001B3  A$worksheet_11$1352                worksheet_11
C:   000001B5  A$worksheet_11$1353                worksheet_11
C:   000001B6  A$worksheet_11$1354                worksheet_11
C:   000001B8  A$worksheet_11$1355                worksheet_11
C:   000001BA  A$worksheet_11$1356                worksheet_11
C:   000001BB  A$worksheet_11$1357                worksheet_11
C:   000001BD  A$worksheet_11$1358                worksheet_11
C:   000001BF  A$worksheet_11$1359                worksheet_11
C:   000001C2  A$worksheet_11$1360                worksheet_11
C:   000001C5  A$worksheet_11$1361                worksheet_11
C:   000001C7  A$worksheet_11$1362                worksheet_11
C:   000001C9  A$worksheet_11$1363                worksheet_11
C:   000001CC  A$worksheet_11$1364                worksheet_11
C:   000001CE  A$worksheet_11$1365                worksheet_11
C:   000001D0  A$worksheet_11$1366                worksheet_11
C:   000001D2  A$worksheet_11$1367                worksheet_11
C:   000001D4  A$worksheet_11$1368                worksheet_11
C:   000001D5  A$worksheet_11$1369                worksheet_11
C:   000001D6  A$worksheet_11$1370                worksheet_11
C:   000001D7  A$worksheet_11$1371                worksheet_11
C:   000001D8  A$worksheet_11$1372                worksheet_11
C:   000001D9  A$worksheet_11$1373                worksheet_11
C:   000001DA  A$worksheet_11$1374                worksheet_11
C:   000001DC  A$worksheet_11$1375                worksheet_11
C:   000001DE  A$worksheet_11$1376                worksheet_11
C:   000001E1  A$worksheet_11$1377                worksheet_11
ASxxxx Linker V03.00 + NoICE + sdld,  page 32.
Hexadecimal  [32-Bits]

Area                                    Addr        Size        Decimal Bytes (Attributes)
--------------------------------        ----        ----        ------- ----- ------------
CSEG                                000000BF    00000ADE =        2782. bytes (REL,CON,CODE)

      Value  Global                              Global Defined In Module
      -----  --------------------------------   ------------------------
C:   000001E4  A$worksheet_11$1380                worksheet_11
C:   000001E4  C$worksheet_11.c$41$1$25           worksheet_11
C:   000001E6  A$worksheet_11$1381                worksheet_11
C:   000001E8  A$worksheet_11$1382                worksheet_11
C:   000001EA  A$worksheet_11$1383                worksheet_11
C:   000001EC  A$worksheet_11$1384                worksheet_11
C:   000001EE  A$worksheet_11$1385                worksheet_11
C:   000001F0  A$worksheet_11$1386                worksheet_11
C:   000001F2  A$worksheet_11$1387                worksheet_11
C:   000001F4  A$worksheet_11$1388                worksheet_11
C:   000001F6  A$worksheet_11$1389                worksheet_11
C:   000001F8  A$worksheet_11$1390                worksheet_11
C:   000001FB  A$worksheet_11$1391                worksheet_11
C:   000001FD  A$worksheet_11$1392                worksheet_11
C:   000001FF  A$worksheet_11$1393                worksheet_11
C:   00000201  A$worksheet_11$1396                worksheet_11
C:   00000201  C$worksheet_11.c$43$1$25           worksheet_11
C:   00000203  A$worksheet_11$1397                worksheet_11
C:   00000205  A$worksheet_11$1398                worksheet_11
C:   00000207  A$worksheet_11$1399                worksheet_11
C:   00000209  A$worksheet_11$1400                worksheet_11
C:   0000020C  A$worksheet_11$1401                worksheet_11
C:   0000020E  A$worksheet_11$1402                worksheet_11
C:   00000210  A$worksheet_11$1403                worksheet_11
C:   00000211  A$worksheet_11$1404                worksheet_11
C:   00000213  A$worksheet_11$1405                worksheet_11
C:   00000215  A$worksheet_11$1406                worksheet_11
C:   00000217  A$worksheet_11$1407                worksheet_11
C:   00000219  A$worksheet_11$1408                worksheet_11
C:   0000021B  A$worksheet_11$1409                worksheet_11
C:   0000021D  A$worksheet_11$1410                worksheet_11
C:   0000021E  A$worksheet_11$1411                worksheet_11
C:   00000221  A$worksheet_11$1412                worksheet_11
C:   00000223  A$worksheet_11$1413                worksheet_11
C:   00000225  A$worksheet_11$1414                worksheet_11
C:   00000227  A$worksheet_11$1415                worksheet_11
C:   00000228  A$worksheet_11$1416                worksheet_11
C:   0000022A  A$worksheet_11$1417                worksheet_11
C:   0000022C  A$worksheet_11$1418                worksheet_11
C:   0000022D  A$worksheet_11$1419                worksheet_11
C:   0000022E  A$worksheet_11$1420                worksheet_11
C:   00000230  A$worksheet_11$1421                worksheet_11
C:   00000231  A$worksheet_11$1422                worksheet_11
C:   00000232  A$worksheet_11$1423                worksheet_11
C:   00000233  A$worksheet_11$1424                worksheet_11
C:   00000234  A$worksheet_11$1425                worksheet_11
C:   00000235  A$worksheet_11$1426                worksheet_11
C:   00000236  A$worksheet_11$1427                worksheet_11
C:   00000237  A$worksheet_11$1428                worksheet_11
C:   00000238  A$worksheet_11$1429                worksheet_11
C:   00000239  A$worksheet_11$1430                worksheet_11
ASxxxx Linker V03.00 + NoICE + sdld,  page 33.
Hexadecimal  [32-Bits]

Area                                    Addr        Size        Decimal Bytes (Attributes)
--------------------------------        ----        ----        ------- ----- ------------
CSEG                                000000BF    00000ADE =        2782. bytes (REL,CON,CODE)

      Value  Global                              Global Defined In Module
      -----  --------------------------------   ------------------------
C:   0000023A  A$worksheet_11$1431                worksheet_11
C:   0000023B  A$worksheet_11$1432                worksheet_11
C:   0000023C  A$worksheet_11$1433                worksheet_11
C:   0000023D  A$worksheet_11$1434                worksheet_11
C:   0000023E  A$worksheet_11$1435                worksheet_11
C:   00000240  A$worksheet_11$1436                worksheet_11
C:   00000241  A$worksheet_11$1437                worksheet_11
C:   00000243  A$worksheet_11$1438                worksheet_11
C:   00000244  A$worksheet_11$1439                worksheet_11
C:   00000246  A$worksheet_11$1440                worksheet_11
C:   00000248  A$worksheet_11$1441                worksheet_11
C:   00000249  A$worksheet_11$1442                worksheet_11
C:   0000024B  A$worksheet_11$1443                worksheet_11
C:   0000024D  A$worksheet_11$1444                worksheet_11
C:   00000250  A$worksheet_11$1445                worksheet_11
C:   00000253  A$worksheet_11$1446                worksheet_11
C:   00000255  A$worksheet_11$1447                worksheet_11
C:   00000257  A$worksheet_11$1448                worksheet_11
C:   00000259  A$worksheet_11$1449                worksheet_11
C:   0000025B  A$worksheet_11$1450                worksheet_11
C:   0000025E  A$worksheet_11$1451                worksheet_11
C:   00000260  A$worksheet_11$1452                worksheet_11
C:   00000262  A$worksheet_11$1453                worksheet_11
C:   00000264  A$worksheet_11$1454                worksheet_11
C:   00000266  A$worksheet_11$1455                worksheet_11
C:   00000268  A$worksheet_11$1456                worksheet_11
C:   0000026A  A$worksheet_11$1457                worksheet_11
C:   0000026C  A$worksheet_11$1458                worksheet_11
C:   0000026E  A$worksheet_11$1459                worksheet_11
C:   0000026F  A$worksheet_11$1460                worksheet_11
C:   00000270  A$worksheet_11$1461                worksheet_11
C:   00000271  A$worksheet_11$1462                worksheet_11
C:   00000272  A$worksheet_11$1463                worksheet_11
C:   00000273  A$worksheet_11$1464                worksheet_11
C:   00000275  A$worksheet_11$1465                worksheet_11
C:   00000276  A$worksheet_11$1466                worksheet_11
C:   00000277  A$worksheet_11$1467                worksheet_11
C:   00000279  A$worksheet_11$1468                worksheet_11
C:   0000027A  A$worksheet_11$1469                worksheet_11
C:   0000027B  A$worksheet_11$1470                worksheet_11
C:   0000027D  A$worksheet_11$1471                worksheet_11
C:   0000027E  A$worksheet_11$1472                worksheet_11
C:   0000027F  A$worksheet_11$1473                worksheet_11
C:   00000281  A$worksheet_11$1476                worksheet_11
C:   00000281  C$worksheet_11.c$44$1$25           worksheet_11
C:   00000283  A$worksheet_11$1477                worksheet_11
C:   00000285  A$worksheet_11$1478                worksheet_11
C:   00000287  A$worksheet_11$1479                worksheet_11
C:   00000289  A$worksheet_11$1480                worksheet_11
C:   0000028B  A$worksheet_11$1481                worksheet_11
C:   0000028D  A$worksheet_11$1482                worksheet_11
ASxxxx Linker V03.00 + NoICE + sdld,  page 34.
Hexadecimal  [32-Bits]

[...]
CSEG                                000000BF    00000ADE =        2782. bytes (REL,CON,CODE)

      Value  Global                              Global Defined In Module
      -----  --------------------------------   ------------------------
C:   0000034F  A$worksheet_11$1588                worksheet_11
C:   00000350  A$worksheet_11$1589                worksheet_11
C:   00000351  A$worksheet_11$1590                worksheet_11
C:   00000352  A$worksheet_11$1591                worksheet_11
C:   00000353  A$worksheet_11$1592                worksheet_11
C:   00000355  A$worksheet_11$1593                worksheet_11
C:   00000357  A$worksheet_11$1594                worksheet_11
C:   0000035A  A$worksheet_11$1595                worksheet_11
C:   0000035D  A$worksheet_11$1598                worksheet_11
C:   0000035D  C$worksheet_11.c$50$1$25           worksheet_11
C:   0000035F  A$worksheet_11$1599                worksheet_11
C:   00000361  A$worksheet_11$1600                worksheet_11
C:   00000363  A$worksheet_11$1601                worksheet_11
C:   00000365  A$worksheet_11$1602                worksheet_11
C:   00000367  A$worksheet_11$1603                worksheet_11
C:   00000369  A$worksheet_11$1604                worksheet_11
C:   0000036B  A$worksheet_11$1605                worksheet_11
C:   0000036D  A$worksheet_11$1606                worksheet_11
C:   0000036F  A$worksheet_11$1607                worksheet_11
C:   00000371  A$worksheet_11$1608                worksheet_11
C:   00000374  A$worksheet_11$1609                worksheet_11
C:   00000376  A$worksheet_11$1610                worksheet_11
C:   00000378  A$worksheet_11$1611                worksheet_11
C:   0000037A  A$worksheet_11$1614                worksheet_11
C:   0000037A  C$worksheet_11.c$52$1$25           worksheet_11
C:   0000037C  A$worksheet_11$1615                worksheet_11
C:   0000037E  A$worksheet_11$1616                worksheet_11
C:   0000037F  A$worksheet_11$1617                worksheet_11
C:   00000380  A$worksheet_11$1618                worksheet_11
C:   00000382  A$worksheet_11$1619                worksheet_11
C:   00000383  A$worksheet_11$1620                worksheet_11
C:   00000384  A$worksheet_11$1621                worksheet_11
C:   00000387  A$worksheet_11$1622                worksheet_11
C:   0000038A  A$worksheet_11$1623                worksheet_11
C:   0000038D  A$worksheet_11$1624                worksheet_11
C:   00000390  A$worksheet_11$1625                worksheet_11
C:   00000392  A$worksheet_11$1626                worksheet_11
C:   00000394  A$worksheet_11$1627                worksheet_11
C:   00000396  A$worksheet_11$1628                worksheet_11
C:   00000398  A$worksheet_11$1629                worksheet_11
C:   0000039B  A$worksheet_11$1630                worksheet_11
C:   0000039D  A$worksheet_11$1631                worksheet_11
C:   0000039F  A$worksheet_11$1632                worksheet_11
C:   000003A1  A$worksheet_11$1633                worksheet_11
C:   000003A3  A$worksheet_11$1634                worksheet_11
C:   000003A5  A$worksheet_11$1635                worksheet_11
C:   000003A7  A$worksheet_11$1636                worksheet_11
C:   000003A9  A$worksheet_11$1637                worksheet_11
C:   000003AB  A$worksheet_11$1638                worksheet_11
C:   000003AC  A$worksheet_11$1639                worksheet_11
C:   000003AD  A$worksheet_11$1640                worksheet_11
ASxxxx Linker V03.00 + NoICE + sdld,  page 37.
Hexadecimal  [32-Bits]

Area                                    Addr        Size        Decimal Bytes (Attributes)
--------------------------------        ----        ----        ------- ----- ------------
CSEG                                000000BF    00000ADE =        2782. bytes (REL,CON,CODE)

      Value  Global                              Global Defined In Module
      -----  --------------------------------   ------------------------
C:   000003AE  A$worksheet_11$1641                worksheet_11
C:   000003AF  A$worksheet_11$1642                worksheet_11
C:   000003B0  A$worksheet_11$1643                worksheet_11
C:   000003B1  A$worksheet_11$1644                worksheet_11
C:   000003B2  A$worksheet_11$1645                worksheet_11
C:   000003B3  A$worksheet_11$1646                worksheet_11
C:   000003B4  A$worksheet_11$1647                worksheet_11
C:   000003B5  A$worksheet_11$1648                worksheet_11
C:   000003B6  A$worksheet_11$1649                worksheet_11
C:   000003B7  A$worksheet_11$1650                worksheet_11
C:   000003B8  A$worksheet_11$1651                worksheet_11
C:   000003B9  A$worksheet_11$1652                worksheet_11
C:   000003BA  A$worksheet_11$1653                worksheet_11
C:   000003BC  A$worksheet_11$1654                worksheet_11
C:   000003BD  A$worksheet_11$1655                worksheet_11
C:   000003BF  A$worksheet_11$1656                worksheet_11
C:   000003C0  A$worksheet_11$1657                worksheet_11
C:   000003C2  A$worksheet_11$1658                worksheet_11
C:   000003C4  A$worksheet_11$1659                worksheet_11
C:   000003C5  A$worksheet_11$1660                worksheet_11
C:   000003C7  A$worksheet_11$1661                worksheet_11
C:   000003C9  A$worksheet_11$1662                worksheet_11
C:   000003CC  A$worksheet_11$1663                worksheet_11
C:   000003CF  A$worksheet_11$1664                worksheet_11
C:   000003D1  A$worksheet_11$1665                worksheet_11
C:   000003D3  A$worksheet_11$1666                worksheet_11
C:   000003D5  A$worksheet_11$1667                worksheet_11
C:   000003D7  A$worksheet_11$1668                worksheet_11
C:   000003DA  A$worksheet_11$1669                worksheet_11
C:   000003DC  A$worksheet_11$1670                worksheet_11
C:   000003DE  A$worksheet_11$1671                worksheet_11
C:   000003E0  A$worksheet_11$1672                worksheet_11
C:   000003E2  A$worksheet_11$1673                worksheet_11
C:   000003E4  A$worksheet_11$1674                worksheet_11
C:   000003E6  A$worksheet_11$1675                worksheet_11
C:   000003E8  A$worksheet_11$1676                worksheet_11
C:   000003EA  A$worksheet_11$1677                worksheet_11
C:   000003EB  A$worksheet_11$1678                worksheet_11
C:   000003EC  A$worksheet_11$1679                worksheet_11
C:   000003ED  A$worksheet_11$1680                worksheet_11
C:   000003EE  A$worksheet_11$1681                worksheet_11
C:   000003EF  A$worksheet_11$1682                worksheet_11
C:   000003F1  A$worksheet_11$1683                worksheet_11
C:   000003F2  A$worksheet_11$1684                worksheet_11
C:   000003F3  A$worksheet_11$1685                worksheet_11
C:   000003F5  A$worksheet_11$1686                worksheet_11
C:   000003F6  A$worksheet_11$1687                worksheet_11
C:   000003F7  A$worksheet_11$1688                worksheet_11
C:   000003F9  A$worksheet_11$1689                worksheet_11
C:   000003FA  A$worksheet_11$1690                worksheet_11
C:   000003FB  A$worksheet_11$1691                worksheet_11
ASxxxx Linker V03.00 + NoICE + sdld,  page 38.
Hexadecimal  [32-Bits]

Area                                    Addr        Size        Decimal Bytes (Attributes)
--------------------------------        ----        ----        ------- ----- ------------
CSEG                                000000BF    00000ADE =        2782. bytes (REL,CON,CODE)

      Value  Global                              Global Defined In Module
      -----  --------------------------------   ------------------------
C:   000003FD  A$worksheet_11$1694                worksheet_11
C:   000003FD  C$worksheet_11.c$53$1$25           worksheet_11
C:   000003FF  A$worksheet_11$1695                worksheet_11
C:   00000401  A$worksheet_11$1696                worksheet_11
C:   00000403  A$worksheet_11$1697                worksheet_11
C:   00000405  A$worksheet_11$1698                worksheet_11
C:   00000407  A$worksheet_11$1699                worksheet_11
C:   00000409  A$worksheet_11$1700                worksheet_11
C:   0000040B  A$worksheet_11$1701                worksheet_11
C:   0000040D  A$worksheet_11$1702                worksheet_11
C:   0000040F  A$worksheet_11$1703                worksheet_11
C:   00000411  A$worksheet_11$1704                worksheet_11
C:   00000414  A$worksheet_11$1705                worksheet_11
C:   00000416  A$worksheet_11$1706                worksheet_11
C:   00000418  A$worksheet_11$1707                worksheet_11
C:   0000041A  A$worksheet_11$1710                worksheet_11
C:   0000041A  C$worksheet_11.c$55$1$25           worksheet_11
C:   0000041C  A$worksheet_11$1711                worksheet_11
C:   0000041E  A$worksheet_11$1712                worksheet_11
C:   0000041F  A$worksheet_11$1713                worksheet_11
C:   00000420  A$worksheet_11$1714                worksheet_11
C:   00000422  A$worksheet_11$1715                worksheet_11
C:   00000423  A$worksheet_11$1716                worksheet_11
C:   00000424  A$worksheet_11$1717                worksheet_11
C:   00000426  A$worksheet_11$1718                worksheet_11
C:   00000428  A$worksheet_11$1719                worksheet_11
C:   0000042A  A$worksheet_11$1720                worksheet_11
C:   0000042C  A$worksheet_11$1721                worksheet_11
C:   0000042F  A$worksheet_11$1722                worksheet_11
C:   00000431  A$worksheet_11$1723                worksheet_11
C:   00000433  A$worksheet_11$1724                worksheet_11
C:   00000434  A$worksheet_11$1725                worksheet_11
C:   00000436  A$worksheet_11$1726                worksheet_11
C:   00000438  A$worksheet_11$1727                worksheet_11
C:   0000043A  A$worksheet_11$1728                worksheet_11
C:   0000043C  A$worksheet_11$1729                worksheet_11
C:   0000043E  A$worksheet_11$1730                worksheet_11
C:   00000440  A$worksheet_11$1731                worksheet_11
C:   00000441  A$worksheet_11$1732                worksheet_11
C:   00000443  A$worksheet_11$1733                worksheet_11
C:   00000445  A$worksheet_11$1734                worksheet_11
C:   00000447  A$worksheet_11$1735                worksheet_11
C:   00000449  A$worksheet_11$1736                worksheet_11
C:   0000044C  A$worksheet_11$1737                worksheet_11
C:   0000044E  A$worksheet_11$1738                worksheet_11
C:   00000450  A$worksheet_11$1739                worksheet_11
C:   00000452  A$worksheet_11$1740                worksheet_11
C:   00000453  A$worksheet_11$1741                worksheet_11
C:   00000455  A$worksheet_11$1742                worksheet_11
C:   00000457  A$worksheet_11$1743                worksheet_11
C:   00000459  A$worksheet_11$1744                worksheet_11
ASxxxx Linker V03.00 + NoICE + sdld,  page 39.
Hexadecimal  [32-Bits]

Area                                    Addr        Size        Decimal Bytes (Attributes)
--------------------------------        ----        ----        ------- ----- ------------
CSEG                                000000BF    00000ADE =        2782. bytes (REL,CON,CODE)

      Value  Global                              Global Defined In Module
      -----  --------------------------------   ------------------------
C:   0000045B  A$worksheet_11$1745                worksheet_11
C:   0000045C  A$worksheet_11$1746                worksheet_11
C:   0000045D  A$worksheet_11$1747                worksheet_11
C:   0000045E  A$worksheet_11$1748                worksheet_11
C:   0000045F  A$worksheet_11$1749                worksheet_11
C:   00000460  A$worksheet_11$1750                worksheet_11
C:   00000461  A$worksheet_11$1751                worksheet_11
C:   00000462  A$worksheet_11$1752                worksheet_11
C:   00000463  A$worksheet_11$1753                worksheet_11
C:   00000464  A$worksheet_11$1754                worksheet_11
C:   00000465  A$worksheet_11$1755                worksheet_11
C:   00000466  A$worksheet_11$1756                worksheet_11
C:   00000467  A$worksheet_11$1757                worksheet_11
C:   0000046A  A$worksheet_11$1758                worksheet_11
C:   0000046D  A$worksheet_11$1759                worksheet_11
C:   0000046E  A$worksheet_11$1760                worksheet_11
C:   00000470  A$worksheet_11$1761                worksheet_11
C:   00000472  A$worksheet_11$1762                worksheet_11
C:   00000474  A$worksheet_11$1763                worksheet_11
C:   00000475  A$worksheet_11$1764                worksheet_11
C:   00000477  A$worksheet_11$1765                worksheet_11
C:   00000478  A$worksheet_11$1766                worksheet_11
C:   0000047A  A$worksheet_11$1767                worksheet_11
C:   0000047C  A$worksheet_11$1768                worksheet_11
C:   0000047E  A$worksheet_11$1769                worksheet_11
C:   00000480  A$worksheet_11$1770                worksheet_11
C:   00000481  A$worksheet_11$1771                worksheet_11
C:   00000483  A$worksheet_11$1772                worksheet_11
C:   00000485  A$worksheet_11$1773                worksheet_11
C:   00000487  A$worksheet_11$1774                worksheet_11
C:   0000048A  A$worksheet_11$1775                worksheet_11
C:   0000048D  A$worksheet_11$1776                worksheet_11
C:   00000490  A$worksheet_11$1777                worksheet_11
C:   00000492  A$worksheet_11$1778                worksheet_11
C:   00000494  A$worksheet_11$1779                worksheet_11
C:   00000496  A$worksheet_11$1780                worksheet_11
C:   00000498  A$worksheet_11$1781                worksheet_11
C:   0000049A  A$worksheet_11$1782                worksheet_11
C:   0000049D  A$worksheet_11$1783                worksheet_11
C:   0000049F  A$worksheet_11$1784                worksheet_11
C:   000004A1  A$worksheet_11$1785                worksheet_11
C:   000004A3  A$worksheet_11$1786                worksheet_11
C:   000004A4  A$worksheet_11$1787                worksheet_11
C:   000004A6  A$worksheet_11$1788                worksheet_11
C:   000004A8  A$worksheet_11$1789                worksheet_11
C:   000004AA  A$worksheet_11$1790                worksheet_11
C:   000004AC  A$worksheet_11$1791                worksheet_11
C:   000004AD  A$worksheet_11$1792                worksheet_11
C:   000004AE  A$worksheet_11$1793                worksheet_11
C:   000004B0  A$worksheet_11$1794                worksheet_11
C:   000004B1  A$worksheet_11$1795                worksheet_11
ASxxxx Linker V03.00 + NoICE + sdld,  page 40.
Hexadecimal  [32-Bits]

Area                                    Addr        Size        Decimal Bytes (Attributes)
--------------------------------        ----        ----        ------- ----- ------------
CSEG                                000000BF    00000ADE =        2782. bytes (REL,CON,CODE)

      Value  Global                              Global Defined In Module
      -----  --------------------------------   ------------------------
C:   000004B2  A$worksheet_11$1796                worksheet_11
C:   000004B4  A$worksheet_11$1797                worksheet_11
C:   000004B5  A$worksheet_11$1798                worksheet_11
C:   000004B6  A$worksheet_11$1799                worksheet_11
C:   000004B8  A$worksheet_11$1800                worksheet_11
C:   000004B9  A$worksheet_11$1801                worksheet_11
C:   000004BA  A$worksheet_11$1802                worksheet_11
C:   000004BC  A$worksheet_11$1805                worksheet_11
C:   000004BC  C$worksheet_11.c$56$1$25           worksheet_11
C:   000004BE  A$worksheet_11$1806                worksheet_11
C:   000004C0  A$worksheet_11$1807                worksheet_11
C:   000004C2  A$worksheet_11$1808                worksheet_11
C:   000004C4  A$worksheet_11$1809                worksheet_11
C:   000004C6  A$worksheet_11$1810                worksheet_11
C:   000004C8  A$worksheet_11$1811                worksheet_11
C:   000004CA  A$worksheet_11$1812                worksheet_11
C:   000004CC  A$worksheet_11$1813                worksheet_11
C:   000004CE  A$worksheet_11$1814                worksheet_11
C:   000004D0  A$worksheet_11$1815                worksheet_11
C:   000004D3  A$worksheet_11$1816                worksheet_11
C:   000004D5  A$worksheet_11$1817                worksheet_11
C:   000004D7  A$worksheet_11$1818                worksheet_11
C:   000004D9  A$worksheet_11$1821                worksheet_11
C:   000004D9  C$worksheet_11.c$57$1$25           worksheet_11
C:   000004D9  XG$main$0$0                        worksheet_11
C:   000004DA  __mulint                           _mulint
C:   000004DA  __mulint_dummy                     _mulint
C:   000004F7  __mullong                          _mullong
C:   000004F7  __mullong_dummy                    _mullong
C:   00000570  _vprintf                           vprintf
C:   00000589  _printf                            vprintf
C:   0000065B  __print_format                     printf_large
C:   00000B65  _strlen                            _strlen
C:   00000B7D  __gptrget                          _gptrget
C:   00000B99  __sdcc_external_startup            _startup

ASxxxx Linker V03.00 + NoICE + sdld,  page 41.
Hexadecimal  [32-Bits]

Area                                    Addr        Size        Decimal Bytes (Attributes)
--------------------------------        ----        ----        ------- ----- ------------
CONST                               00000B9D    00000188 =         392. bytes (REL,CON,CODE)

      Value  Global                              Global Defined In Module
      -----  --------------------------------   ------------------------
C:   00000B9D  Fworksheet_11$__str_0$0$0          worksheet_11
C:   00000BCA  Fworksheet_11$__str_1$0$0          worksheet_11
C:   00000C02  Fworksheet_11$__str_2$0$0          worksheet_11
C:   00000C3A  Fworksheet_11$__str_3$0$0          worksheet_11
C:   00000C72  Fworksheet_11$__str_4$0$0          worksheet_11
C:   00000CAA  Fworksheet_11$__str_5$0$0          worksheet_11
C:   00000CE2  Fworksheet_11$__str_6$0$0          worksheet_11

ASxxxx Linker V03.00 + NoICE + sdld,  page 42.

Files Linked                              [ module(s) ]

C:\Users\Michael\Documents\GitHub\LITEC\lab6\worksheet_11.rel
                                          [  ]


Libraries Linked                          [ object file ]

C:\Program Files (x86)\SDCC\bin\..\lib\small/mcs51.lib
                                          [ crtclear.rel ]
C:\Program Files (x86)\SDCC\bin\..\lib\small/mcs51.lib
                                          [ crtxinit.rel ]
C:\Program Files (x86)\SDCC\bin\..\lib\small/libint.lib
                                          [ _mulint.rel ]
C:\Program Files (x86)\SDCC\bin\..\lib\small/liblong.lib
                                          [ _mullong.rel ]
C:\Program Files (x86)\SDCC\bin\..\lib\small/mcs51.lib
                                          [ crtxclear.rel ]
C:\Program Files (x86)\SDCC\bin\..\lib\small/libsdcc.lib
                                          [ vprintf.rel ]
C:\Program Files (x86)\SDCC\bin\..\lib\small/libsdcc.lib
                                          [ printf_large.rel ]
C:\Program Files (x86)\SDCC\bin\..\lib\small/libsdcc.lib
                                          [ _strlen.rel ]
C:\Program Files (x86)\SDCC\bin\..\lib\small/mcs51.lib
                                          [ crtstart.rel ]
C:\Program Files (x86)\SDCC\bin\..\lib\small/libsdcc.lib
                                          [ _gptrget.rel ]
C:\Program Files (x86)\SDCC\bin\..\lib\small/libsdcc.lib
                                          [ _startup.rel ]
C:\Program Files (x86)\SDCC\bin\..\lib\small/libsdcc.lib
                                          [ _bp.rel ]

ASxxxx Linker V03.00 + NoICE + sdld,  page 43.

User Base Address Definitions

HOME = 0x0000
XSEG = 0x0001
PSEG = 0x0001
ISEG = 0x0000
BSEG = 0x0000

